09-13 17:01:16.840   347   347 I derive_classpath: export DEX2OATBOOTCLASSPATH /apex/com.android.art/javalib/core-oj.jar:/apex/com.android.art/javalib/core-libart.jar:/apex/com.android.art/javalib/okhttp.jar:/apex/com.android.art/javalib/bouncycastle.jar:/apex/com.android.art/javalib/apache-xml.jar:/system/framework/framework.jar:/system/framework/framework-graphics.jar:/system/framework/ext.jar:/system/framework/telephony-common.jar:/system/framework/voip-common.jar:/system/framework/ims-common.jar:/system/framework/android.car.builtin.jar:/apex/com.android.i18n/javalib/core-icu4j.jar
09-13 17:01:16.840   347   347 I derive_classpath: export SYSTEMSERVERCLASSPATH /system/framework/com.android.location.provider.jar:/system/framework/services.jar:/system/framework/car-frameworks-service.jar:/apex/com.android.adservices/javalib/service-adservices.jar:/apex/com.android.adservices/javalib/service-sdksandbox.jar:/apex/com.android.appsearch/javalib/service-appsearch.jar:/apex/com.android.art/javalib/service-art.jar:/apex/com.android.car.framework/javalib/car-frameworks-service-module.jar:/apex/com.android.media/javalib/service-media-s.jar:/apex/com.android.permission/javalib/service-permission.jar
09-13 17:01:16.840   347   347 I derive_classpath: export STANDALONE_SYSTEMSERVER_JARS /apex/com.android.btservices/javalib/service-bluetooth.jar:/apex/com.android.os.statsd/javalib/service-statsd.jar:/apex/com.android.scheduling/javalib/service-scheduling.jar:/apex/com.android.tethering/javalib/service-connectivity.jar:/apex/com.android.uwb/javalib/service-uwb.jar:/apex/com.android.wifi/javalib/service-wifi.jar
09-13 17:01:16.876     0     0 I init    : Service 'derive_classpath' (pid 347) exited with status 0 waiting took 0.111000 seconds
09-13 17:01:16.877     0     0 I init    : Sending signal 9 to service 'derive_classpath' (pid 347) process group...
09-13 17:01:16.877     0     0 I libprocessgroup: Successfully killed process cgroup uid 1000 pid 347 in 0ms
09-13 17:01:16.878     0     0 I init    : starting service 'odsign'...
09-13 17:01:16.853   348   348 I odsign  : Trying to retrieve existing HMAC key...
09-13 17:01:16.854   348   348 I odsign  : Trying to retrieve existing keystore key...
09-13 17:01:16.855   348   348 I odsign  : Verified public key signature.
09-13 17:01:16.855   348   348 I odsign  : Initialized Keystore key.
09-13 17:01:16.855   348   348 I odsign  : Found and verified existing public key certificate: /data/misc/odsign/key.cert
09-13 17:01:17.410   350   350 I odrefresh: ART APEX version 330400000
09-13 17:01:17.445     0     0 I fs-verity: sha256 using implementation "sha256-avx"
09-13 17:01:17.430   350   350 I odrefresh: Factory ART APEX mounted.
09-13 17:01:17.430   350   350 I odrefresh: System properties are set to default values.
09-13 17:01:17.434   350   350 I odrefresh: Incomplete boot classpath artifacts on /system. Missing file: '/system/framework/x86/boot.oat'
09-13 17:01:17.434   350   350 I odrefresh: Checking cache.
09-13 17:01:17.516   350   350 I odrefresh: Factory ART APEX mounted.
09-13 17:01:17.516   350   350 I odrefresh: System properties are set to default values.
09-13 17:01:17.516   350   350 I odrefresh: Factory APEXes mounted.
09-13 17:01:17.516   350   350 I odrefresh: System properties are set to default values.
09-13 17:01:17.519   348   348 I odsign  : Metrics report is empty
09-13 17:01:17.563   348   348 I odsign  : /data/misc/odsign/odsign.info.signature matches.
09-13 17:01:17.564   348   348 I odsign  : Loaded /data/misc/odsign/odsign.info
09-13 17:01:17.599     0     0 I init    : Wait for property 'odsign.key.done=1' took 719ms
09-13 17:01:17.599     0     0 I init    : starting service 'exec 11 (/system/bin/fsverity_init --lock)'...
09-13 17:01:17.566   348   348 I odsign  : All root hashes match.
09-13 17:01:17.566   348   348 I odsign  : odrefresh said artifacts are VALID
09-13 17:01:17.566   348   348 I odsign  : On-device signing done.
09-13 17:01:17.600     0     0 I init    : SVC_EXEC service 'exec 11 (/system/bin/fsverity_init --lock)' pid 351 (uid 0 gid 0+0 context default) started; waiting...
09-13 17:01:17.602     0     0 I init    : Sending signal 9 to service 'odsign' (pid 348) process group...
09-13 17:01:17.608     0     0 I libprocessgroup: Successfully killed process cgroup uid 0 pid 348 in 5ms
09-13 17:01:17.577   238   288 I keystore2: keystore2::super_key: keystore.boot_level 1000000000 hits maximum 1000000000, finishing.
09-13 17:01:17.608     0     0 I init    : Control message: Processed ctl.stop for 'odsign' from pid: 348 (/system/bin/odsign)
09-13 17:01:17.609     0     0 I init    : Service 'odsign' (pid 348) received signal 9
09-13 17:01:17.609     0     0 I init    : Service 'exec 11 (/system/bin/fsverity_init --lock)' (pid 351) exited with status 0 waiting took 0.009000 seconds
09-13 17:01:17.610     0     0 I init    : Sending signal 9 to service 'exec 11 (/system/bin/fsverity_init --lock)' (pid 351) process group...
09-13 17:01:17.611     0     0 I libprocessgroup: Successfully killed process cgroup uid 0 pid 351 in 0ms
09-13 17:01:17.612     0     0 I init    : starting service 'apexd-snapshotde'...
09-13 17:01:17.613     0     0 I init    : SVC_EXEC service 'apexd-snapshotde' pid 352 (uid 0 gid 1000+0 context default) started; waiting...
09-13 17:01:17.621     0     0 I apexd   : Snapshot DE subcommand detected
09-13 17:01:17.622     0     0 I apexd   : Marking APEXd as ready
09-13 17:01:17.623     0     0 I init    : Service 'apexd-snapshotde' (pid 352) exited with status 0 waiting took 0.010000 seconds
09-13 17:01:17.623     0     0 I init    : Sending signal 9 to service 'apexd-snapshotde' (pid 352) process group...
09-13 17:01:17.624     0     0 I libprocessgroup: Successfully killed process cgroup uid 0 pid 352 in 0ms
09-13 17:01:17.624     0     0 I init    : starting service 'exec 12 (/system/bin/tzdatacheck /apex/com.android.tzdata/etc/tz /data/misc/zoneinfo)'...
09-13 17:01:17.626     0     0 I init    : SVC_EXEC service 'exec 12 (/system/bin/tzdatacheck /apex/com.android.tzdata/etc/tz /data/misc/zoneinfo)' pid 353 (uid 1000 gid 1000+0 context default) started; waiting...
09-13 17:01:17.596   353   353 I tzdatacheck: timezone distro dir /data/misc/zoneinfo/current does not exist. No action required.
09-13 17:01:17.631     0     0 I init    : Service 'exec 12 (/system/bin/tzdatacheck /apex/com.android.tzdata/etc/tz /data/misc/zoneinfo)' (pid 353) exited with status 0 waiting took 0.005000 seconds
09-13 17:01:17.632     0     0 I init    : Sending signal 9 to service 'exec 12 (/system/bin/tzdatacheck /apex/com.android.tzdata/etc/tz /data/misc/zoneinfo)' (pid 353) process group...
09-13 17:01:17.632     0     0 I libprocessgroup: Successfully killed process cgroup uid 1000 pid 353 in 0ms
09-13 17:01:17.635     0     0 I init    : processing action (post-fs-data) from (/system/etc/init/hw/init.usb.rc:6)
09-13 17:01:17.635     0     0 I init    : Verified that /data/adb has the encryption policy 49cc47237d1f2a634abcbb2fa5de79c4 v2 modes 1/4 flags 0x2
09-13 17:01:17.636     0     0 I init    : processing action (post-fs-data) from (/vendor/etc/init/hw/init.ranchu.rc:66)
09-13 17:01:17.602   241   241 W ServiceManager: Waited one second for device.generic.car.emulator.IVehicleBus/protocanbus (is service started? are binder threads started and available?)
09-13 17:01:17.602   215   215 I servicemanager: Since 'device.generic.car.emulator.IVehicleBus/protocanbus' could not be found, trying to start it as a lazy AIDL service
09-13 17:01:17.637     0     0 I init    : starting service 'qemu-adb-keys'...
09-13 17:01:17.638     0     0 E init    : Control message: Could not find 'aidl/device.generic.car.emulator.IVehicleBus/protocanbus' for ctl.interface_start from pid: 215 (/system/bin/servicemanager)
09-13 17:01:17.639     0     0 I init    : starting service 'qemu-device-state'...
09-13 17:01:17.640     0     0 I init    : processing action (ro.boot.qemu.virtiowifi=1 && post-fs-data) from (/vendor/etc/init/hw/init.ranchu.rc:132)
09-13 17:01:17.640     0     0 I init    : starting service 'ranchu-net'...
09-13 17:01:17.607   215   354 W libc    : Unable to set property "ctl.interface_start" to "aidl/device.generic.car.emulator.IVehicleBus/protocanbus": error code: 0x20
09-13 17:01:17.607   215   354 I servicemanager: Tried to start aidl service device.generic.car.emulator.IVehicleBus/protocanbus as a lazy service, but was unable to. Usually this happens when a service is not installed, but if the service is intended to be used as a lazy service, then it may be configured incorrectly.
09-13 17:01:17.641     0     0 I init    : processing action (post-fs-data) from (/system/etc/init/bootstat.rc:9)
09-13 17:01:17.642     0     0 I init    : processing action (ro.debuggable=1 && post-fs-data) from (/system/etc/init/clean_scratch_files.rc:1)
09-13 17:01:17.643     0     0 I init    : starting service 'exec 13 (/system/bin/clean_scratch_files)'...
09-13 17:01:17.646     0     0 I init    : processing action (post-fs-data) from (/system/etc/init/gsid.rc:17)
09-13 17:01:17.646     0     0 I init    : Not setting encryption policy on: /data/gsi
09-13 17:01:17.647     0     0 I init    : Service 'qemu-device-state' (pid 356) exited with status 0 oneshot service took 0.007000 seconds in background
09-13 17:01:17.647     0     0 I init    : Sending signal 9 to service 'qemu-device-state' (pid 356) process group...
09-13 17:01:17.648     0     0 I libprocessgroup: Successfully killed process cgroup uid 0 pid 356 in 0ms
09-13 17:01:17.648     0     0 I init    : Service 'qemu-adb-keys' (pid 355) exited with status 0 oneshot service took 0.010000 seconds in background
09-13 17:01:17.649     0     0 I init    : Sending signal 9 to service 'qemu-adb-keys' (pid 355) process group...
09-13 17:01:17.649     0     0 I libprocessgroup: Successfully killed process cgroup uid 0 pid 355 in 0ms
09-13 17:01:17.650     0     0 I init    : processing action (post-fs-data) from (/system/etc/init/incidentd.rc:21)
09-13 17:01:17.650     0     0 I init    : processing action (post-fs-data) from (/system/etc/init/init.car.rc:2)
09-13 17:01:17.651     0     0 I init    : processing action (post-fs-data) from (/system/etc/init/logtagd.rc:4)
09-13 17:01:17.651     0     0 I init    : processing action (post-fs-data) from (/system/etc/init/otapreopt.rc:3)
09-13 17:01:17.652     0     0 I init    : starting service 'exec 14 (/system/bin/otapreopt_slot)'...
09-13 17:01:17.653     0     0 I init    : SVC_EXEC service 'exec 14 (/system/bin/otapreopt_slot)' pid 359 (uid 0 gid 0+0 context default) started; waiting...
09-13 17:01:17.663     0     0 I init    : Service 'exec 13 (/system/bin/clean_scratch_files)' (pid 358) exited with status 0 oneshot service took 0.020000 seconds in background
09-13 17:01:17.664     0     0 I init    : Sending signal 9 to service 'exec 13 (/system/bin/clean_scratch_files)' (pid 358) process group...
09-13 17:01:17.665     0     0 I libprocessgroup: Successfully killed process cgroup uid 0 pid 358 in 0ms
09-13 17:01:17.635   363   363 W otapreopt_slot: Slot property empty.
09-13 17:01:17.670     0     0 I init    : Service 'exec 14 (/system/bin/otapreopt_slot)' (pid 359) exited with status 1 waiting took 0.017000 seconds
09-13 17:01:17.671     0     0 I init    : Sending signal 9 to service 'exec 14 (/system/bin/otapreopt_slot)' (pid 359) process group...
09-13 17:01:17.671     0     0 I libprocessgroup: Successfully killed process cgroup uid 0 pid 359 in 0ms
09-13 17:01:17.672     0     0 E selinux : SELinux:  Could not stat /data/dalvik-cache/arm: No such file or directory.
09-13 17:01:17.672     0     0 E selinux :  
09-13 17:01:17.672     0     0 E selinux : SELinux:  Could not stat /data/dalvik-cache/arm64: No such file or directory.
09-13 17:01:17.673     0     0 E selinux :  
09-13 17:01:17.673     0     0 E selinux : SELinux:  Could not stat /data/dalvik-cache/mips: No such file or directory.
09-13 17:01:17.673     0     0 D ieee80211 phy1: Selected rate control algorithm 'minstrel_ht'
09-13 17:01:17.673     0     0 E selinux :  
09-13 17:01:17.673     0     0 E selinux : SELinux:  Could not stat /data/dalvik-cache/mips64: No such file or directory.
09-13 17:01:17.674     0     0 E selinux :  
09-13 17:01:17.674     0     0 E selinux : SELinux:  Could not stat /data/dalvik-cache/x86: No such file or directory.
09-13 17:01:17.674     0     0 E selinux :  
09-13 17:01:17.675     0     0 I selinux : SELinux: Skipping restorecon on directory(/data/dalvik-cache/x86_64)
09-13 17:01:17.676     0     0 I selinux :  
09-13 17:01:17.676     0     0 I init    : processing action (post-fs-data) from (/system/etc/init/perfetto.rc:73)
09-13 17:01:17.676     0     0 I init    : Command 'rm /data/misc/perfetto-traces/.guardraildata' action=post-fs-data (/system/etc/init/perfetto.rc:74) took 0ms and failed: unlink() failed: No such file or directory
09-13 17:01:17.677     0     0 I init    : processing action (post-fs-data) from (/system/etc/init/profcollectd.rc:9)
09-13 17:01:17.678     0     0 I init    : processing action (post-fs-data) from (/system/etc/init/recovery-persist.rc:1)
09-13 17:01:17.678     0     0 I init    : starting service 'exec 15 (/system/bin/recovery-persist)'...
09-13 17:01:17.679     0     0 I init    : starting service 'dhcpclient_wifi'...
09-13 17:01:17.680     0     0 I init    : Control message: Processed ctl.start for 'dhcpclient_wifi' from pid: 365 (setprop ctl.start dhcpclient_wifi)
09-13 17:01:17.681     0     0 I init    : processing action (post-fs-data) from (/system/etc/init/wifi.rc:18)
09-13 17:01:17.681     0     0 I selinux : SELinux: Skipping restorecon on directory(/data/misc/apexdata/com.android.wifi)
09-13 17:01:17.682     0     0 I selinux :  
09-13 17:01:17.682     0     0 I init    : processing action (post-fs-data) from (/vendor/etc/init/hostapd.android.rc:9)
09-13 17:01:17.683     0     0 I init    : processing action (load_bpf_programs) from (/system/etc/init/bpfloader.rc:17)
09-13 17:01:17.683     0     0 I init    : starting service 'bpfloader'...
09-13 17:01:17.652   366   366 E recovery-persist: Failed to unlink /data/misc/recovery/last_install: No such file or directory
09-13 17:01:17.684     0     0 I init    : SVC_EXEC service 'bpfloader' pid 369 (uid 0 gid 0+0 context default) started; waiting...
09-13 17:01:17.687     0     0 I init    : Service 'exec 15 (/system/bin/recovery-persist)' (pid 366) exited with status 0 oneshot service took 0.008000 seconds in background
09-13 17:01:17.688     0     0 I init    : Sending signal 9 to service 'exec 15 (/system/bin/recovery-persist)' (pid 366) process group...
09-13 17:01:17.688     0     0 I libprocessgroup: Successfully killed process cgroup uid 1000 pid 366 in 0ms
09-13 17:01:17.691     0     0 I init    : Service 'ranchu-net' (pid 357) exited with status 0 oneshot service took 0.050000 seconds in background
09-13 17:01:17.692     0     0 I init    : Sending signal 9 to service 'ranchu-net' (pid 357) process group...
09-13 17:01:17.692     0     0 I libprocessgroup: Successfully killed process cgroup uid 0 pid 357 in 0ms
09-13 17:01:17.814     0     0 D LibBpfLoader: Loading optional ELF object /apex/com.android.tethering/etc/bpf/test.o with license Apache 2.0
09-13 17:01:17.815     0     0 I LibBpfLoader: Section bpfloader_min_ver value is 2 [0x2]
09-13 17:01:17.816     0     0 I LibBpfLoader: Section bpfloader_max_ver value is 65536 [0x10000]
09-13 17:01:17.818     0     0 I LibBpfLoader: Section size_of_bpf_map_def value is 116 [0x74]
09-13 17:01:17.820     0     0 I LibBpfLoader: Section size_of_bpf_prog_def value is 92 [0x5c]
09-13 17:01:17.822     0     0 I LibBpfLoader: BpfLoader version 0x00013 processing ELF object /apex/com.android.tethering/etc/bpf/test.o with ver [0x00002,0x10000)
09-13 17:01:17.826     0     0 D LibBpfLoader: Loaded code section 3 (xdp_drop_ipv4_udp_ether)
09-13 17:01:17.827     0     0 D LibBpfLoader: Adding section 3 to cs list
09-13 17:01:17.828     0     0 D LibBpfLoader: Couldn't find section btf_min_bpfloader_ver (defaulting to 0 [0x0]).
09-13 17:01:17.828     0     0 D LibBpfLoader: Couldn't find section btf_min_kernel_ver (defaulting to 0 [0x0]).
09-13 17:01:17.829     0     0 D LibBpfLoader: bpf_create_map name tether_downstream6_map, ret: 6
09-13 17:01:17.829     0     0 I LibBpfLoader: map /sys/fs/bpf/tethering/map_test_tether_downstream6_map id 1
09-13 17:01:17.831     0     0 D LibBpfLoader: bpf_create_map name bitmap, ret: 7
09-13 17:01:17.831     0     0 I LibBpfLoader: map /sys/fs/bpf/tethering/map_test_bitmap id 2
09-13 17:01:17.832     0     0 D LibBpfLoader: map_fd found at 0 is 6 in /apex/com.android.tethering/etc/bpf/test.o
09-13 17:01:17.832     0     0 D LibBpfLoader: map_fd found at 1 is 7 in /apex/com.android.tethering/etc/bpf/test.o
09-13 17:01:17.833     0     0 D LibBpfLoader: cs[0].name:xdp_drop_ipv4_udp_ether min_kver:5090000 .max_kver:ffffffff (kvers:50f0029)
09-13 17:01:17.833     0     0 D LibBpfLoader: cs[0].name:xdp_drop_ipv4_udp_ether requires bpfloader version [0x00000,0x10000)
09-13 17:01:17.836     0     0 D LibBpfLoader: bpf_prog_load lib call for /apex/com.android.tethering/etc/bpf/test.o (xdp_drop_ipv4_udp_ether) returned fd: 8 (no error)
09-13 17:01:17.836     0     0 I LibBpfLoader: prog /sys/fs/bpf/tethering/prog_test_xdp_drop_ipv4_udp_ether id 1
09-13 17:01:17.837     0     0 I bpfloader: Loaded object: /apex/com.android.tethering/etc/bpf/test.o
09-13 17:01:17.848     0     0 D LibBpfLoader: Loading critical for tethering ELF object /apex/com.android.tethering/etc/bpf/offload.o with license Apache 2.0
09-13 17:01:17.848     0     0 I LibBpfLoader: Section bpfloader_min_ver value is 2 [0x2]
09-13 17:01:17.849     0     0 I LibBpfLoader: Section bpfloader_max_ver value is 65536 [0x10000]
09-13 17:01:17.850     0     0 I LibBpfLoader: Section size_of_bpf_map_def value is 116 [0x74]
09-13 17:01:17.850     0     0 I LibBpfLoader: Section size_of_bpf_prog_def value is 92 [0x5c]
09-13 17:01:17.851     0     0 I LibBpfLoader: BpfLoader version 0x00013 processing ELF object /apex/com.android.tethering/etc/bpf/offload.o with ver [0x00002,0x10000)
09-13 17:01:17.855     0     0 D LibBpfLoader: Loaded code section 3 (schedcls_tether_downstream6_ether)
09-13 17:01:17.856     0     0 D LibBpfLoader: Loaded relo section 3 (.relschedcls/tether_downstream6_ether)
09-13 17:01:17.856     0     0 D LibBpfLoader: Adding section 3 to cs list
09-13 17:01:17.856     0     0 D LibBpfLoader: Loaded code section 5 (schedcls_tether_upstream6_ether)
09-13 17:01:17.856     0     0 D LibBpfLoader: Loaded relo section 5 (.relschedcls/tether_upstream6_ether)
09-13 17:01:17.856     0     0 D LibBpfLoader: Adding section 5 to cs list
09-13 17:01:17.856     0     0 D LibBpfLoader: Loaded code section 7 (schedcls_tether_downstream6_rawip$5_4)
09-13 17:01:17.856     0     0 D LibBpfLoader: Loaded relo section 7 (.relschedcls/tether_downstream6_rawip$5_4)
09-13 17:01:17.856     0     0 D LibBpfLoader: Adding section 7 to cs list
09-13 17:01:17.856     0     0 D LibBpfLoader: Loaded code section 9 (schedcls_tether_upstream6_rawip$5_4)
09-13 17:01:17.857     0     0 D LibBpfLoader: Loaded relo section 9 (.relschedcls/tether_upstream6_rawip$5_4)
09-13 17:01:17.857     0     0 D LibBpfLoader: Adding section 9 to cs list
09-13 17:01:17.857     0     0 D LibBpfLoader: Loaded code section 11 (schedcls_tether_downstream6_rawip$4_14)
09-13 17:01:17.857     0     0 D LibBpfLoader: Loaded relo section 11 (.relschedcls/tether_downstream6_rawip$4_14)
09-13 17:01:17.857     0     0 D LibBpfLoader: Adding section 11 to cs list
09-13 17:01:17.857     0     0 D LibBpfLoader: Loaded code section 13 (schedcls_tether_upstream6_rawip$4_14)
09-13 17:01:17.858     0     0 D LibBpfLoader: Loaded relo section 13 (.relschedcls/tether_upstream6_rawip$4_14)
09-13 17:01:17.858     0     0 D LibBpfLoader: Adding section 13 to cs list
09-13 17:01:17.858     0     0 D LibBpfLoader: Loaded code section 15 (schedcls_tether_downstream6_rawip$stub)
09-13 17:01:17.859     0     0 D LibBpfLoader: Adding section 15 to cs list
09-13 17:01:17.859     0     0 D LibBpfLoader: Loaded code section 16 (schedcls_tether_upstream6_rawip$stub)
09-13 17:01:17.859     0     0 D LibBpfLoader: Adding section 16 to cs list
09-13 17:01:17.859     0     0 D LibBpfLoader: Loaded code section 17 (schedcls_tether_downstream4_rawip$5_8)
09-13 17:01:17.860     0     0 D LibBpfLoader: Loaded relo section 17 (.relschedcls/tether_downstream4_rawip$5_8)
09-13 17:01:17.860     0     0 D LibBpfLoader: Adding section 17 to cs list
09-13 17:01:17.860     0     0 D LibBpfLoader: Loaded code section 19 (schedcls_tether_upstream4_rawip$5_8)
09-13 17:01:17.861     0     0 D LibBpfLoader: Loaded relo section 19 (.relschedcls/tether_upstream4_rawip$5_8)
09-13 17:01:17.861     0     0 D LibBpfLoader: Adding section 19 to cs list
09-13 17:01:17.861     0     0 D LibBpfLoader: Loaded code section 21 (schedcls_tether_downstream4_ether$5_8)
09-13 17:01:17.861     0     0 D LibBpfLoader: Loaded relo section 21 (.relschedcls/tether_downstream4_ether$5_8)
09-13 17:01:17.861     0     0 D LibBpfLoader: Adding section 21 to cs list
09-13 17:01:17.861     0     0 D LibBpfLoader: Loaded code section 23 (schedcls_tether_upstream4_ether$5_8)
09-13 17:01:17.862     0     0 D LibBpfLoader: Loaded relo section 23 (.relschedcls/tether_upstream4_ether$5_8)
09-13 17:01:17.862     0     0 D LibBpfLoader: Adding section 23 to cs list
09-13 17:01:17.862     0     0 D LibBpfLoader: Loaded code section 25 (schedcls_tether_downstream4_rawip$opt)
09-13 17:01:17.863     0     0 D LibBpfLoader: Loaded relo section 25 (.relschedcls/tether_downstream4_rawip$opt)
09-13 17:01:17.863     0     0 D LibBpfLoader: Adding section 25 to cs list
09-13 17:01:17.863     0     0 D LibBpfLoader: Loaded code section 27 (schedcls_tether_upstream4_rawip$opt)
09-13 17:01:17.863     0     0 D LibBpfLoader: Loaded relo section 27 (.relschedcls/tether_upstream4_rawip$opt)
09-13 17:01:17.863     0     0 D LibBpfLoader: Adding section 27 to cs list
09-13 17:01:17.864     0     0 D LibBpfLoader: Loaded code section 29 (schedcls_tether_downstream4_ether$opt)
09-13 17:01:17.864     0     0 D LibBpfLoader: Loaded relo section 29 (.relschedcls/tether_downstream4_ether$opt)
09-13 17:01:17.864     0     0 D LibBpfLoader: Adding section 29 to cs list
09-13 17:01:17.864     0     0 D LibBpfLoader: Loaded code section 31 (schedcls_tether_upstream4_ether$opt)
09-13 17:01:17.865     0     0 D LibBpfLoader: Loaded relo section 31 (.relschedcls/tether_upstream4_ether$opt)
09-13 17:01:17.865     0     0 D LibBpfLoader: Adding section 31 to cs list
09-13 17:01:17.865     0     0 D LibBpfLoader: Loaded code section 33 (schedcls_tether_downstream4_rawip$5_4)
09-13 17:01:17.866     0     0 D LibBpfLoader: Loaded relo section 33 (.relschedcls/tether_downstream4_rawip$5_4)
09-13 17:01:17.866     0     0 D LibBpfLoader: Adding section 33 to cs list
09-13 17:01:17.866     0     0 D LibBpfLoader: Loaded code section 35 (schedcls_tether_upstream4_rawip$5_4)
09-13 17:01:17.867     0     0 D LibBpfLoader: Loaded relo section 35 (.relschedcls/tether_upstream4_rawip$5_4)
09-13 17:01:17.867     0     0 D LibBpfLoader: Adding section 35 to cs list
09-13 17:01:17.867     0     0 D LibBpfLoader: Loaded code section 37 (schedcls_tether_downstream4_rawip$4_14)
09-13 17:01:17.868     0     0 D LibBpfLoader: Loaded relo section 37 (.relschedcls/tether_downstream4_rawip$4_14)
09-13 17:01:17.868     0     0 D LibBpfLoader: Adding section 37 to cs list
09-13 17:01:17.868     0     0 D LibBpfLoader: Loaded code section 39 (schedcls_tether_upstream4_rawip$4_14)
09-13 17:01:17.869     0     0 D LibBpfLoader: Loaded relo section 39 (.relschedcls/tether_upstream4_rawip$4_14)
09-13 17:01:17.869     0     0 D LibBpfLoader: Adding section 39 to cs list
09-13 17:01:17.869     0     0 D LibBpfLoader: Loaded code section 41 (schedcls_tether_downstream4_ether$4_14)
09-13 17:01:17.870     0     0 D LibBpfLoader: Loaded relo section 41 (.relschedcls/tether_downstream4_ether$4_14)
09-13 17:01:17.870     0     0 D LibBpfLoader: Adding section 41 to cs list
09-13 17:01:17.870     0     0 D LibBpfLoader: Loaded code section 43 (schedcls_tether_upstream4_ether$4_14)
09-13 17:01:17.871     0     0 D LibBpfLoader: Loaded relo section 43 (.relschedcls/tether_upstream4_ether$4_14)
09-13 17:01:17.871     0     0 D LibBpfLoader: Adding section 43 to cs list
09-13 17:01:17.871     0     0 D LibBpfLoader: Loaded code section 45 (schedcls_tether_downstream4_rawip$stub)
09-13 17:01:17.873     0     0 D LibBpfLoader: Adding section 45 to cs list
09-13 17:01:17.873     0     0 D LibBpfLoader: Loaded code section 46 (schedcls_tether_upstream4_rawip$stub)
09-13 17:01:17.874     0     0 D LibBpfLoader: Adding section 46 to cs list
09-13 17:01:17.874     0     0 D LibBpfLoader: Loaded code section 47 (schedcls_tether_downstream4_ether$stub)
09-13 17:01:17.875     0     0 D LibBpfLoader: Adding section 47 to cs list
09-13 17:01:17.875     0     0 D LibBpfLoader: Loaded code section 48 (schedcls_tether_upstream4_ether$stub)
09-13 17:01:17.876     0     0 D LibBpfLoader: Adding section 48 to cs list
09-13 17:01:17.876     0     0 D LibBpfLoader: Loaded code section 49 (xdp_tether_downstream_ether)
09-13 17:01:17.877     0     0 D LibBpfLoader: Adding section 49 to cs list
09-13 17:01:17.877     0     0 D LibBpfLoader: Loaded code section 50 (xdp_tether_downstream_rawip)
09-13 17:01:17.879     0     0 D LibBpfLoader: Adding section 50 to cs list
09-13 17:01:17.879     0     0 D LibBpfLoader: Loaded code section 51 (xdp_tether_upstream_ether)
09-13 17:01:17.880     0     0 D LibBpfLoader: Adding section 51 to cs list
09-13 17:01:17.880     0     0 D LibBpfLoader: Loaded code section 52 (xdp_tether_upstream_rawip)
09-13 17:01:17.881     0     0 D LibBpfLoader: Adding section 52 to cs list
09-13 17:01:17.883     0     0 D LibBpfLoader: Couldn't find section btf_min_bpfloader_ver (defaulting to 0 [0x0]).
09-13 17:01:17.883     0     0 D LibBpfLoader: Couldn't find section btf_min_kernel_ver (defaulting to 0 [0x0]).
09-13 17:01:17.883     0     0 D LibBpfLoader: bpf_create_map name tether_error_map, ret: 6
09-13 17:01:17.883     0     0 I LibBpfLoader: map /sys/fs/bpf/tethering/map_offload_tether_error_map id 3
09-13 17:01:17.883     0     0 D LibBpfLoader: bpf_create_map name tether_stats_map, ret: 7
09-13 17:01:17.883     0     0 I LibBpfLoader: map /sys/fs/bpf/tethering/map_offload_tether_stats_map id 4
09-13 17:01:17.884     0     0 D LibBpfLoader: bpf_create_map name tether_limit_map, ret: 8
09-13 17:01:17.884     0     0 I LibBpfLoader: map /sys/fs/bpf/tethering/map_offload_tether_limit_map id 5
09-13 17:01:17.884     0     0 D LibBpfLoader: bpf_create_map name tether_downstream6_map, ret: 9
09-13 17:01:17.884     0     0 I LibBpfLoader: map /sys/fs/bpf/tethering/map_offload_tether_downstream6_map id 6
09-13 17:01:17.885     0     0 D LibBpfLoader: bpf_create_map name tether_downstream64_map, ret: 10
09-13 17:01:17.885     0     0 I LibBpfLoader: map /sys/fs/bpf/tethering/map_offload_tether_downstream64_map id 7
09-13 17:01:17.885     0     0 D LibBpfLoader: bpf_create_map name tether_upstream6_map, ret: 11
09-13 17:01:17.885     0     0 I LibBpfLoader: map /sys/fs/bpf/tethering/map_offload_tether_upstream6_map id 8
09-13 17:01:17.886     0     0 D LibBpfLoader: bpf_create_map name tether_downstream4_map, ret: 12
09-13 17:01:17.886     0     0 I LibBpfLoader: map /sys/fs/bpf/tethering/map_offload_tether_downstream4_map id 9
09-13 17:01:17.886     0     0 D LibBpfLoader: bpf_create_map name tether_upstream4_map, ret: 13
09-13 17:01:17.886     0     0 I LibBpfLoader: map /sys/fs/bpf/tethering/map_offload_tether_upstream4_map id 10
09-13 17:01:17.887     0     0 D LibBpfLoader: bpf_create_map name tether_dev_map, ret: 14
09-13 17:01:17.887     0     0 I LibBpfLoader: map /sys/fs/bpf/tethering/map_offload_tether_dev_map id 11
09-13 17:01:17.887     0     0 D LibBpfLoader: map_fd found at 0 is 6 in /apex/com.android.tethering/etc/bpf/offload.o
09-13 17:01:17.887     0     0 D LibBpfLoader: map_fd found at 1 is 7 in /apex/com.android.tethering/etc/bpf/offload.o
09-13 17:01:17.887     0     0 D LibBpfLoader: map_fd found at 2 is 8 in /apex/com.android.tethering/etc/bpf/offload.o
09-13 17:01:17.887     0     0 D LibBpfLoader: map_fd found at 3 is 9 in /apex/com.android.tethering/etc/bpf/offload.o
09-13 17:01:17.887     0     0 D LibBpfLoader: map_fd found at 4 is 10 in /apex/com.android.tethering/etc/bpf/offload.o
09-13 17:01:17.887     0     0 D LibBpfLoader: map_fd found at 5 is 11 in /apex/com.android.tethering/etc/bpf/offload.o
09-13 17:01:17.887     0     0 D LibBpfLoader: map_fd found at 6 is 12 in /apex/com.android.tethering/etc/bpf/offload.o
09-13 17:01:17.887     0     0 D LibBpfLoader: map_fd found at 7 is 13 in /apex/com.android.tethering/etc/bpf/offload.o
09-13 17:01:17.887     0     0 D LibBpfLoader: map_fd found at 8 is 14 in /apex/com.android.tethering/etc/bpf/offload.o
09-13 17:01:17.889     0     0 D LibBpfLoader: applying relo to instruction at byte offset: 296, 	       insn offset 37 , insn 118
09-13 17:01:17.889     0     0 D LibBpfLoader:  
09-13 17:01:17.889     0     0 D LibBpfLoader: applying relo to instruction at byte offset: 400, 	       insn offset 50 , insn 118
09-13 17:01:17.889     0     0 D LibBpfLoader:  
09-13 17:01:17.889     0     0 D LibBpfLoader: applying relo to instruction at byte offset: 528, 	       insn offset 66 , insn 118
09-13 17:01:17.889     0     0 D LibBpfLoader:  
09-13 17:01:17.889     0     0 D LibBpfLoader: applying relo to instruction at byte offset: 624, 	       insn offset 78 , insn 118
09-13 17:01:17.889     0     0 D LibBpfLoader:  
09-13 17:01:17.889     0     0 D LibBpfLoader: applying relo to instruction at byte offset: 744, 	       insn offset 93 , insn 118
09-13 17:01:17.889     0     0 D LibBpfLoader:  
09-13 17:01:17.889     0     0 D LibBpfLoader: applying relo to instruction at byte offset: 848, 	       insn offset 106 , insn 118
09-13 17:01:17.889     0     0 D LibBpfLoader:  
09-13 17:01:17.889     0     0 D LibBpfLoader: applying relo to instruction at byte offset: 1144, 	       insn offset 143 , insn 118
09-13 17:01:17.889     0     0 D LibBpfLoader:  
09-13 17:01:17.889     0     0 D LibBpfLoader: applying relo to instruction at byte offset: 1224, 	       insn offset 153 , insn 118
09-13 17:01:17.889     0     0 D LibBpfLoader:  
09-13 17:01:17.889     0     0 D LibBpfLoader: applying relo to instruction at byte offset: 1296, 	       insn offset 162 , insn 118
09-13 17:01:17.889     0     0 D LibBpfLoader:  
09-13 17:01:17.889     0     0 D LibBpfLoader: applying relo to instruction at byte offset: 1376, 	       insn offset 172 , insn 118
09-13 17:01:17.889     0     0 D LibBpfLoader:  
09-13 17:01:17.889     0     0 D LibBpfLoader: applying relo to instruction at byte offset: 1440, 	       insn offset 180 , insn 118
09-13 17:01:17.889     0     0 D LibBpfLoader:  
09-13 17:01:17.889     0     0 D LibBpfLoader: applying relo to instruction at byte offset: 1528, 	       insn offset 191 , insn 118
09-13 17:01:17.889     0     0 D LibBpfLoader:  
09-13 17:01:17.889     0     0 D LibBpfLoader: applying relo to instruction at byte offset: 1800, 	       insn offset 225 , insn 118
09-13 17:01:17.889     0     0 D LibBpfLoader:  
09-13 17:01:17.889     0     0 D LibBpfLoader: applying relo to instruction at byte offset: 296, 	       insn offset 37 , insn 118
09-13 17:01:17.889     0     0 D LibBpfLoader:  
09-13 17:01:17.889     0     0 D LibBpfLoader: applying relo to instruction at byte offset: 400, 	       insn offset 50 , insn 118
09-13 17:01:17.889     0     0 D LibBpfLoader:  
09-13 17:01:17.889     0     0 D LibBpfLoader: applying relo to instruction at byte offset: 528, 	       insn offset 66 , insn 118
09-13 17:01:17.889     0     0 D LibBpfLoader:  
09-13 17:01:17.889     0     0 D LibBpfLoader: applying relo to instruction at byte offset: 624, 	       insn offset 78 , insn 118
09-13 17:01:17.889     0     0 D LibBpfLoader:  
09-13 17:01:17.889     0     0 D LibBpfLoader: applying relo to instruction at byte offset: 752, 	       insn offset 94 , insn 118
09-13 17:01:17.889     0     0 D LibBpfLoader:  
09-13 17:01:17.889     0     0 D LibBpfLoader: applying relo to instruction at byte offset: 864, 	       insn offset 108 , insn 118
09-13 17:01:17.889     0     0 D LibBpfLoader:  
09-13 17:01:17.889     0     0 D LibBpfLoader: applying relo to instruction at byte offset: 968, 	       insn offset 121 , insn 118
09-13 17:01:17.889     0     0 D LibBpfLoader:  
09-13 17:01:17.889     0     0 D LibBpfLoader: applying relo to instruction at byte offset: 1184, 	       insn offset 148 , insn 118
09-13 17:01:17.889     0     0 D LibBpfLoader:  
09-13 17:01:17.889     0     0 D LibBpfLoader: applying relo to instruction at byte offset: 1264, 	       insn offset 158 , insn 118
09-13 17:01:17.889     0     0 D LibBpfLoader:  
09-13 17:01:17.889     0     0 D LibBpfLoader: applying relo to instruction at byte offset: 1336, 	       insn offset 167 , insn 118
09-13 17:01:17.889     0     0 D LibBpfLoader:  
09-13 17:01:17.890     0     0 D LibBpfLoader: applying relo to instruction at byte offset: 1416, 	       insn offset 177 , insn 118
09-13 17:01:17.890     0     0 D LibBpfLoader:  
09-13 17:01:17.890     0     0 D LibBpfLoader: applying relo to instruction at byte offset: 1480, 	       insn offset 185 , insn 118
09-13 17:01:17.890     0     0 D LibBpfLoader:  
09-13 17:01:17.890     0     0 D LibBpfLoader: applying relo to instruction at byte offset: 1568, 	       insn offset 196 , insn 118
09-13 17:01:17.890     0     0 D LibBpfLoader:  
09-13 17:01:17.890     0     0 D LibBpfLoader: applying relo to instruction at byte offset: 1840, 	       insn offset 230 , insn 118
09-13 17:01:17.890     0     0 D LibBpfLoader:  
09-13 17:01:17.890     0     0 D LibBpfLoader: applying relo to instruction at byte offset: 240, 	       insn offset 30 , insn 118
09-13 17:01:17.890     0     0 D LibBpfLoader:  
09-13 17:01:17.890     0     0 D LibBpfLoader: applying relo to instruction at byte offset: 344, 	       insn offset 43 , insn 118
09-13 17:01:17.890     0     0 D LibBpfLoader:  
09-13 17:01:17.890     0     0 D LibBpfLoader: applying relo to instruction at byte offset: 472, 	       insn offset 59 , insn 118
09-13 17:01:17.890     0     0 D LibBpfLoader:  
09-13 17:01:17.890     0     0 D LibBpfLoader: applying relo to instruction at byte offset: 568, 	       insn offset 71 , insn 118
09-13 17:01:17.890     0     0 D LibBpfLoader:  
09-13 17:01:17.890     0     0 D LibBpfLoader: applying relo to instruction at byte offset: 688, 	       insn offset 86 , insn 118
09-13 17:01:17.890     0     0 D LibBpfLoader:  
09-13 17:01:17.890     0     0 D LibBpfLoader: applying relo to instruction at byte offset: 792, 	       insn offset 99 , insn 118
09-13 17:01:17.890     0     0 D LibBpfLoader:  
09-13 17:01:17.890     0     0 D LibBpfLoader: applying relo to instruction at byte offset: 960, 	       insn offset 120 , insn 118
09-13 17:01:17.890     0     0 D LibBpfLoader:  
09-13 17:01:17.890     0     0 D LibBpfLoader: applying relo to instruction at byte offset: 1040, 	       insn offset 130 , insn 118
09-13 17:01:17.890     0     0 D LibBpfLoader:  
09-13 17:01:17.890     0     0 D LibBpfLoader: applying relo to instruction at byte offset: 1112, 	       insn offset 139 , insn 118
09-13 17:01:17.890     0     0 D LibBpfLoader:  
09-13 17:01:17.890     0     0 D LibBpfLoader: applying relo to instruction at byte offset: 1192, 	       insn offset 149 , insn 118
09-13 17:01:17.890     0     0 D LibBpfLoader:  
09-13 17:01:17.890     0     0 D LibBpfLoader: applying relo to instruction at byte offset: 1256, 	       insn offset 157 , insn 118
09-13 17:01:17.890     0     0 D LibBpfLoader:  
09-13 17:01:17.890     0     0 D LibBpfLoader: applying relo to instruction at byte offset: 1344, 	       insn offset 168 , insn 118
09-13 17:01:17.890     0     0 D LibBpfLoader:  
09-13 17:01:17.890     0     0 D LibBpfLoader: applying relo to instruction at byte offset: 1600, 	       insn offset 200 , insn 118
09-13 17:01:17.890     0     0 D LibBpfLoader:  
09-13 17:01:17.890     0     0 D LibBpfLoader: applying relo to instruction at byte offset: 1760, 	       insn offset 220 , insn 118
09-13 17:01:17.890     0     0 D LibBpfLoader:  
09-13 17:01:17.890     0     0 D LibBpfLoader: applying relo to instruction at byte offset: 1904, 	       insn offset 238 , insn 118
09-13 17:01:17.890     0     0 D LibBpfLoader:  
09-13 17:01:17.890     0     0 D LibBpfLoader: applying relo to instruction at byte offset: 240, 	       insn offset 30 , insn 118
09-13 17:01:17.890     0     0 D LibBpfLoader:  
09-13 17:01:17.890     0     0 D LibBpfLoader: applying relo to instruction at byte offset: 344, 	       insn offset 43 , insn 118
09-13 17:01:17.890     0     0 D LibBpfLoader:  
09-13 17:01:17.890     0     0 D LibBpfLoader: applying relo to instruction at byte offset: 472, 	       insn offset 59 , insn 118
09-13 17:01:17.890     0     0 D LibBpfLoader:  
09-13 17:01:17.890     0     0 D LibBpfLoader: applying relo to instruction at byte offset: 568, 	       insn offset 71 , insn 118
09-13 17:01:17.890     0     0 D LibBpfLoader:  
09-13 17:01:17.890     0     0 D LibBpfLoader: applying relo to instruction at byte offset: 696, 	       insn offset 87 , insn 118
09-13 17:01:17.890     0     0 D LibBpfLoader:  
09-13 17:01:17.890     0     0 D LibBpfLoader: applying relo to instruction at byte offset: 808, 	       insn offset 101 , insn 118
09-13 17:01:17.890     0     0 D LibBpfLoader:  
09-13 17:01:17.890     0     0 D LibBpfLoader: applying relo to instruction at byte offset: 912, 	       insn offset 114 , insn 118
09-13 17:01:17.890     0     0 D LibBpfLoader:  
09-13 17:01:17.891     0     0 D LibBpfLoader: applying relo to instruction at byte offset: 1008, 	       insn offset 126 , insn 118
09-13 17:01:17.891     0     0 D LibBpfLoader:  
09-13 17:01:17.891     0     0 D LibBpfLoader: applying relo to instruction at byte offset: 1088, 	       insn offset 136 , insn 118
09-13 17:01:17.891     0     0 D LibBpfLoader:  
09-13 17:01:17.891     0     0 D LibBpfLoader: applying relo to instruction at byte offset: 1160, 	       insn offset 145 , insn 118
09-13 17:01:17.891     0     0 D LibBpfLoader:  
09-13 17:01:17.891     0     0 D LibBpfLoader: applying relo to instruction at byte offset: 1240, 	       insn offset 155 , insn 118
09-13 17:01:17.891     0     0 D LibBpfLoader:  
09-13 17:01:17.891     0     0 D LibBpfLoader: applying relo to instruction at byte offset: 1304, 	       insn offset 163 , insn 118
09-13 17:01:17.891     0     0 D LibBpfLoader:  
09-13 17:01:17.891     0     0 D LibBpfLoader: applying relo to instruction at byte offset: 1392, 	       insn offset 174 , insn 118
09-13 17:01:17.891     0     0 D LibBpfLoader:  
09-13 17:01:17.891     0     0 D LibBpfLoader: applying relo to instruction at byte offset: 1648, 	       insn offset 206 , insn 118
09-13 17:01:17.891     0     0 D LibBpfLoader:  
09-13 17:01:17.891     0     0 D LibBpfLoader: applying relo to instruction at byte offset: 1808, 	       insn offset 226 , insn 118
09-13 17:01:17.891     0     0 D LibBpfLoader:  
09-13 17:01:17.891     0     0 D LibBpfLoader: applying relo to instruction at byte offset: 1952, 	       insn offset 244 , insn 118
09-13 17:01:17.891     0     0 D LibBpfLoader:  
09-13 17:01:17.891     0     0 D LibBpfLoader: applying relo to instruction at byte offset: 240, 	       insn offset 30 , insn 118
09-13 17:01:17.891     0     0 D LibBpfLoader:  
09-13 17:01:17.891     0     0 D LibBpfLoader: applying relo to instruction at byte offset: 344, 	       insn offset 43 , insn 118
09-13 17:01:17.891     0     0 D LibBpfLoader:  
09-13 17:01:17.891     0     0 D LibBpfLoader: applying relo to instruction at byte offset: 472, 	       insn offset 59 , insn 118
09-13 17:01:17.891     0     0 D LibBpfLoader:  
09-13 17:01:17.891     0     0 D LibBpfLoader: applying relo to instruction at byte offset: 568, 	       insn offset 71 , insn 118
09-13 17:01:17.891     0     0 D LibBpfLoader:  
09-13 17:01:17.891     0     0 D LibBpfLoader: applying relo to instruction at byte offset: 688, 	       insn offset 86 , insn 118
09-13 17:01:17.891     0     0 D LibBpfLoader:  
09-13 17:01:17.891     0     0 D LibBpfLoader: applying relo to instruction at byte offset: 792, 	       insn offset 99 , insn 118
09-13 17:01:17.891     0     0 D LibBpfLoader:  
09-13 17:01:17.891     0     0 D LibBpfLoader: applying relo to instruction at byte offset: 960, 	       insn offset 120 , insn 118
09-13 17:01:17.891     0     0 D LibBpfLoader:  
09-13 17:01:17.891     0     0 D LibBpfLoader: applying relo to instruction at byte offset: 1040, 	       insn offset 130 , insn 118
09-13 17:01:17.891     0     0 D LibBpfLoader:  
09-13 17:01:17.891     0     0 D LibBpfLoader: applying relo to instruction at byte offset: 1112, 	       insn offset 139 , insn 118
09-13 17:01:17.891     0     0 D LibBpfLoader:  
09-13 17:01:17.891     0     0 D LibBpfLoader: applying relo to instruction at byte offset: 1192, 	       insn offset 149 , insn 118
09-13 17:01:17.891     0     0 D LibBpfLoader:  
09-13 17:01:17.891     0     0 D LibBpfLoader: applying relo to instruction at byte offset: 1256, 	       insn offset 157 , insn 118
09-13 17:01:17.891     0     0 D LibBpfLoader:  
09-13 17:01:17.891     0     0 D LibBpfLoader: applying relo to instruction at byte offset: 1344, 	       insn offset 168 , insn 118
09-13 17:01:17.891     0     0 D LibBpfLoader:  
09-13 17:01:17.891     0     0 D LibBpfLoader: applying relo to instruction at byte offset: 1600, 	       insn offset 200 , insn 118
09-13 17:01:17.891     0     0 D LibBpfLoader:  
09-13 17:01:17.891     0     0 D LibBpfLoader: applying relo to instruction at byte offset: 1760, 	       insn offset 220 , insn 118
09-13 17:01:17.891     0     0 D LibBpfLoader:  
09-13 17:01:17.891     0     0 D LibBpfLoader: applying relo to instruction at byte offset: 1904, 	       insn offset 238 , insn 118
09-13 17:01:17.891     0     0 D LibBpfLoader:  
09-13 17:01:17.891     0     0 D LibBpfLoader: applying relo to instruction at byte offset: 240, 	       insn offset 30 , insn 118
09-13 17:01:17.891     0     0 D LibBpfLoader:  
09-13 17:01:17.891     0     0 D LibBpfLoader: applying relo to instruction at byte offset: 344, 	       insn offset 43 , insn 118
09-13 17:01:17.891     0     0 D LibBpfLoader:  
09-13 17:01:17.891     0     0 D LibBpfLoader: applying relo to instruction at byte offset: 472, 	       insn offset 59 , insn 118
09-13 17:01:17.891     0     0 D LibBpfLoader:  
09-13 17:01:17.891     0     0 D LibBpfLoader: applying relo to instruction at byte offset: 568, 	       insn offset 71 , insn 118
09-13 17:01:17.891     0     0 D LibBpfLoader:  
09-13 17:01:17.892     0     0 D LibBpfLoader: applying relo to instruction at byte offset: 696, 	       insn offset 87 , insn 118
09-13 17:01:17.892     0     0 D LibBpfLoader:  
09-13 17:01:17.892     0     0 D LibBpfLoader: applying relo to instruction at byte offset: 808, 	       insn offset 101 , insn 118
09-13 17:01:17.892     0     0 D LibBpfLoader:  
09-13 17:01:17.892     0     0 D LibBpfLoader: applying relo to instruction at byte offset: 912, 	       insn offset 114 , insn 118
09-13 17:01:17.892     0     0 D LibBpfLoader:  
09-13 17:01:17.892     0     0 D LibBpfLoader: applying relo to instruction at byte offset: 1008, 	       insn offset 126 , insn 118
09-13 17:01:17.892     0     0 D LibBpfLoader:  
09-13 17:01:17.892     0     0 D LibBpfLoader: applying relo to instruction at byte offset: 1088, 	       insn offset 136 , insn 118
09-13 17:01:17.892     0     0 D LibBpfLoader:  
09-13 17:01:17.892     0     0 D LibBpfLoader: applying relo to instruction at byte offset: 1160, 	       insn offset 145 , insn 118
09-13 17:01:17.892     0     0 D LibBpfLoader:  
09-13 17:01:17.892     0     0 D LibBpfLoader: applying relo to instruction at byte offset: 1240, 	       insn offset 155 , insn 118
09-13 17:01:17.892     0     0 D LibBpfLoader:  
09-13 17:01:17.892     0     0 D LibBpfLoader: applying relo to instruction at byte offset: 1304, 	       insn offset 163 , insn 118
09-13 17:01:17.892     0     0 D LibBpfLoader:  
09-13 17:01:17.892     0     0 D LibBpfLoader: applying relo to instruction at byte offset: 1392, 	       insn offset 174 , insn 118
09-13 17:01:17.892     0     0 D LibBpfLoader:  
09-13 17:01:17.892     0     0 D LibBpfLoader: applying relo to instruction at byte offset: 1648, 	       insn offset 206 , insn 118
09-13 17:01:17.892     0     0 D LibBpfLoader:  
09-13 17:01:17.892     0     0 D LibBpfLoader: applying relo to instruction at byte offset: 1808, 	       insn offset 226 , insn 118
09-13 17:01:17.892     0     0 D LibBpfLoader:  
09-13 17:01:17.892     0     0 D LibBpfLoader: applying relo to instruction at byte offset: 1952, 	       insn offset 244 , insn 118
09-13 17:01:17.892     0     0 D LibBpfLoader:  
09-13 17:01:17.892     0     0 D LibBpfLoader: applying relo to instruction at byte offset: 248, 	       insn offset 31 , insn 118
09-13 17:01:17.892     0     0 D LibBpfLoader:  
09-13 17:01:17.892     0     0 D LibBpfLoader: applying relo to instruction at byte offset: 632, 	       insn offset 79 , insn 118
09-13 17:01:17.892     0     0 D LibBpfLoader:  
09-13 17:01:17.892     0     0 D LibBpfLoader: applying relo to instruction at byte offset: 704, 	       insn offset 88 , insn 118
09-13 17:01:17.892     0     0 D LibBpfLoader:  
09-13 17:01:17.892     0     0 D LibBpfLoader: applying relo to instruction at byte offset: 776, 	       insn offset 97 , insn 118
09-13 17:01:17.892     0     0 D LibBpfLoader:  
09-13 17:01:17.892     0     0 D LibBpfLoader: applying relo to instruction at byte offset: 864, 	       insn offset 108 , insn 118
09-13 17:01:17.892     0     0 D LibBpfLoader:  
09-13 17:01:17.892     0     0 D LibBpfLoader: applying relo to instruction at byte offset: 960, 	       insn offset 120 , insn 118
09-13 17:01:17.892     0     0 D LibBpfLoader:  
09-13 17:01:17.892     0     0 D LibBpfLoader: applying relo to instruction at byte offset: 1064, 	       insn offset 133 , insn 118
09-13 17:01:17.892     0     0 D LibBpfLoader:  
09-13 17:01:17.892     0     0 D LibBpfLoader: applying relo to instruction at byte offset: 1160, 	       insn offset 145 , insn 118
09-13 17:01:17.892     0     0 D LibBpfLoader:  
09-13 17:01:17.892     0     0 D LibBpfLoader: applying relo to instruction at byte offset: 1264, 	       insn offset 158 , insn 118
09-13 17:01:17.892     0     0 D LibBpfLoader:  
09-13 17:01:17.892     0     0 D LibBpfLoader: applying relo to instruction at byte offset: 1392, 	       insn offset 174 , insn 118
09-13 17:01:17.892     0     0 D LibBpfLoader:  
09-13 17:01:17.892     0     0 D LibBpfLoader: applying relo to instruction at byte offset: 1568, 	       insn offset 196 , insn 118
09-13 17:01:17.892     0     0 D LibBpfLoader:  
09-13 17:01:17.892     0     0 D LibBpfLoader: applying relo to instruction at byte offset: 1648, 	       insn offset 206 , insn 118
09-13 17:01:17.892     0     0 D LibBpfLoader:  
09-13 17:01:17.892     0     0 D LibBpfLoader: applying relo to instruction at byte offset: 1720, 	       insn offset 215 , insn 118
09-13 17:01:17.892     0     0 D LibBpfLoader:  
09-13 17:01:17.892     0     0 D LibBpfLoader: applying relo to instruction at byte offset: 1816, 	       insn offset 227 , insn 118
09-13 17:01:17.892     0     0 D LibBpfLoader:  
09-13 17:01:17.892     0     0 D LibBpfLoader: applying relo to instruction at byte offset: 1872, 	       insn offset 234 , insn 118
09-13 17:01:17.892     0     0 D LibBpfLoader:  
09-13 17:01:17.892     0     0 D LibBpfLoader: applying relo to instruction at byte offset: 1936, 	       insn offset 242 , insn 118
09-13 17:01:17.892     0     0 D LibBpfLoader:  
09-13 17:01:17.893     0     0 D LibBpfLoader: applying relo to instruction at byte offset: 2024, 	       insn offset 253 , insn 118
09-13 17:01:17.893     0     0 D LibBpfLoader:  
09-13 17:01:17.893     0     0 D LibBpfLoader: applying relo to instruction at byte offset: 2296, 	       insn offset 287 , insn 118
09-13 17:01:17.893     0     0 D LibBpfLoader:  
09-13 17:01:17.893     0     0 D LibBpfLoader: applying relo to instruction at byte offset: 2472, 	       insn offset 309 , insn 118
09-13 17:01:17.893     0     0 D LibBpfLoader:  
09-13 17:01:17.893     0     0 D LibBpfLoader: applying relo to instruction at byte offset: 2552, 	       insn offset 319 , insn 118
09-13 17:01:17.893     0     0 D LibBpfLoader:  
09-13 17:01:17.893     0     0 D LibBpfLoader: applying relo to instruction at byte offset: 2624, 	       insn offset 328 , insn 118
09-13 17:01:17.893     0     0 D LibBpfLoader:  
09-13 17:01:17.893     0     0 D LibBpfLoader: applying relo to instruction at byte offset: 2704, 	       insn offset 338 , insn 118
09-13 17:01:17.893     0     0 D LibBpfLoader:  
09-13 17:01:17.893     0     0 D LibBpfLoader: applying relo to instruction at byte offset: 2768, 	       insn offset 346 , insn 118
09-13 17:01:17.893     0     0 D LibBpfLoader:  
09-13 17:01:17.893     0     0 D LibBpfLoader: applying relo to instruction at byte offset: 2856, 	       insn offset 357 , insn 118
09-13 17:01:17.893     0     0 D LibBpfLoader:  
09-13 17:01:17.893     0     0 D LibBpfLoader: applying relo to instruction at byte offset: 3128, 	       insn offset 391 , insn 118
09-13 17:01:17.893     0     0 D LibBpfLoader:  
09-13 17:01:17.893     0     0 D LibBpfLoader: applying relo to instruction at byte offset: 3280, 	       insn offset 410 , insn 118
09-13 17:01:17.893     0     0 D LibBpfLoader:  
