09-13 17:01:13.901     0     0 I apexd   : Found pre-installed APEX /system/apex/com.android.ipsec.capex
09-13 17:01:13.901     0     0 I apexd   : Found pre-installed APEX /system/apex/com.android.i18n.apex
09-13 17:01:13.902     0     0 I apexd   : Found pre-installed APEX /system/apex/com.android.apex.cts.shim.apex
09-13 17:01:13.903     0     0 I apexd   : Found pre-installed APEX /system/apex/com.android.uwb.capex
09-13 17:01:13.903     0     0 I apexd   : Found pre-installed APEX /system/apex/com.android.permission.capex
09-13 17:01:13.904     0     0 I apexd   : Found pre-installed APEX /system/apex/com.android.adservices.capex
09-13 17:01:13.905     0     0 I apexd   : Found pre-installed APEX /system/apex/com.android.mediaprovider.capex
09-13 17:01:13.905     0     0 I apexd   : Found pre-installed APEX /system/apex/com.android.sdkext.apex
09-13 17:01:13.906     0     0 I apexd   : Found pre-installed APEX /system/apex/com.android.runtime.apex
09-13 17:01:13.907     0     0 I apexd   : Found pre-installed APEX /system/apex/com.android.art.capex
09-13 17:01:13.907     0     0 I apexd   : Found pre-installed APEX /system/apex/com.android.tethering.capex
09-13 17:01:13.908     0     0 I apexd   : Scanning /system_ext/apex for pre-installed ApexFiles
09-13 17:01:13.908     0     0 W apexd   : /system_ext/apex does not exist. Skipping
09-13 17:01:13.909     0     0 I apexd   : Scanning /product/apex for pre-installed ApexFiles
09-13 17:01:13.909     0     0 W apexd   : /product/apex does not exist. Skipping
09-13 17:01:13.910     0     0 I apexd   : Scanning /vendor/apex for pre-installed ApexFiles
09-13 17:01:13.910     0     0 W apexd   : /vendor/apex does not exist. Skipping
09-13 17:01:13.910     0     0 I apexd   : No block apex metadata partition found, not adding block apexes
09-13 17:01:13.911     0     0 I apexd   : Populating APEX database from mounts...
09-13 17:01:13.912     0     0 I apexd   : 0 packages restored.
09-13 17:01:13.912     0     0 I apexd   : Marking APEXd as starting
09-13 17:01:13.913     0     0 I apexd   : Scanning /metadata/apex/sessions looking for sessions to be activated.
09-13 17:01:13.926     0     0 I apexd   : Scanning /data/apex/active for data ApexFiles
09-13 17:01:13.928     0     0 I apexd   : Selecting APEX for activation
09-13 17:01:13.930     0     0 I apexd   : Processing compressed APEX
09-13 17:01:13.931     0     0 I apexd   : Processing compressed APEX /system/apex/com.android.adservices.capex
09-13 17:01:13.969     0     0 I init    : Command 'copy /data/misc/recovery/proc/version /data/misc/recovery/proc/version.1' action=post-fs-data (/system/etc/init/hw/init.rc:761) took 70ms and succeeded
09-13 17:01:13.976     0     0 I init    : Verified that /data/local has the encryption policy 49cc47237d1f2a634abcbb2fa5de79c4 v2 modes 1/4 flags 0x2
09-13 17:01:13.980     0     0 I init    : starting service 'exec 8 (/bin/rm -rf /data/misc/virtualizationservice)'...
09-13 17:01:13.982     0     0 I init    : SVC_EXEC service 'exec 8 (/bin/rm -rf /data/misc/virtualizationservice)' pid 291 (uid 1081 gid 1000+0 context default) started; waiting...
09-13 17:01:13.988     0     0 I init    : Service 'exec 8 (/bin/rm -rf /data/misc/virtualizationservice)' (pid 291) exited with status 1 waiting took 0.006000 seconds
09-13 17:01:13.989     0     0 I init    : Sending signal 9 to service 'exec 8 (/bin/rm -rf /data/misc/virtualizationservice)' (pid 291) process group...
09-13 17:01:13.989     0     0 I libprocessgroup: Successfully killed process cgroup uid 1081 pid 291 in 0ms
09-13 17:01:13.990     0     0 I init    : Not setting encryption policy on: /data/preloads
09-13 17:01:13.991     0     0 I init    : Not setting encryption policy on: /data/data
09-13 17:01:13.992     0     0 I init    : Verified that /data/app-private has the encryption policy 49cc47237d1f2a634abcbb2fa5de79c4 v2 modes 1/4 flags 0x2
09-13 17:01:13.993     0     0 I init    : Verified that /data/app-ephemeral has the encryption policy 49cc47237d1f2a634abcbb2fa5de79c4 v2 modes 1/4 flags 0x2
09-13 17:01:13.993     0     0 I init    : Verified that /data/app-asec has the encryption policy 49cc47237d1f2a634abcbb2fa5de79c4 v2 modes 1/4 flags 0x2
09-13 17:01:13.994     0     0 I init    : Verified that /data/app-lib has the encryption policy 49cc47237d1f2a634abcbb2fa5de79c4 v2 modes 1/4 flags 0x2
09-13 17:01:13.995     0     0 I init    : Verified that /data/app has the encryption policy 49cc47237d1f2a634abcbb2fa5de79c4 v2 modes 1/4 flags 0x2
09-13 17:01:13.996     0     0 W init    : Inferred action different from explicit one, expected 0 but got 2
09-13 17:01:13.996     0     0 I init    : Verified that /data/fonts/ has the encryption policy 49cc47237d1f2a634abcbb2fa5de79c4 v2 modes 1/4 flags 0x2
09-13 17:01:13.997     0     0 I init    : Verified that /data/dalvik-cache has the encryption policy 49cc47237d1f2a634abcbb2fa5de79c4 v2 modes 1/4 flags 0x2
09-13 17:01:13.998     0     0 I init    : Verified that /data/ota has the encryption policy 49cc47237d1f2a634abcbb2fa5de79c4 v2 modes 1/4 flags 0x2
09-13 17:01:13.999     0     0 I init    : Verified that /data/ota_package has the encryption policy 49cc47237d1f2a634abcbb2fa5de79c4 v2 modes 1/4 flags 0x2
09-13 17:01:13.999     0     0 I init    : Verified that /data/resource-cache has the encryption policy 49cc47237d1f2a634abcbb2fa5de79c4 v2 modes 1/4 flags 0x2
09-13 17:01:14.000     0     0 I init    : Not setting encryption policy on: /data/lost+found
09-13 17:01:14.001     0     0 I init    : Verified that /data/drm has the encryption policy 49cc47237d1f2a634abcbb2fa5de79c4 v2 modes 1/4 flags 0x2
09-13 17:01:14.001     0     0 I init    : Verified that /data/mediadrm has the encryption policy 49cc47237d1f2a634abcbb2fa5de79c4 v2 modes 1/4 flags 0x2
09-13 17:01:14.002     0     0 I init    : Verified that /data/nfc has the encryption policy 49cc47237d1f2a634abcbb2fa5de79c4 v2 modes 1/4 flags 0x2
09-13 17:01:14.003     0     0 I init    : Verified that /data/backup has the encryption policy 49cc47237d1f2a634abcbb2fa5de79c4 v2 modes 1/4 flags 0x2
09-13 17:01:14.004     0     0 I init    : Verified that /data/ss has the encryption policy 49cc47237d1f2a634abcbb2fa5de79c4 v2 modes 1/4 flags 0x2
09-13 17:01:14.004     0     0 I init    : Verified that /data/system has the encryption policy 49cc47237d1f2a634abcbb2fa5de79c4 v2 modes 1/4 flags 0x2
09-13 17:01:14.005     0     0 I init    : Not setting encryption policy on: /data/system_de
09-13 17:01:14.006     0     0 I apexd   : Skipping decompression for /system/apex/com.android.adservices.capex
09-13 17:01:14.006     0     0 I apexd   : Processing compressed APEX /system/apex/com.android.neuralnetworks.capex
09-13 17:01:14.007     0     0 I init    : Not setting encryption policy on: /data/system_ce
09-13 17:01:14.007     0     0 I init    : Not setting encryption policy on: /data/misc_de
09-13 17:01:14.008     0     0 I init    : Not setting encryption policy on: /data/misc_ce
09-13 17:01:14.008     0     0 I init    : Not setting encryption policy on: /data/user
09-13 17:01:14.009     0     0 I init    : Not setting encryption policy on: /data/user_de
09-13 17:01:14.010     0     0 I init    : Command 'rm /data/user/0' action=post-fs-data (/system/etc/init/hw/init.rc:918) took 0ms and failed: unlink() failed: Is a directory
09-13 17:01:14.015     0     0 I init    : Verified that /data/cache has the encryption policy 49cc47237d1f2a634abcbb2fa5de79c4 v2 modes 1/4 flags 0x2
09-13 17:01:14.016     0     0 I init    : Verified that /data/rollback has the encryption policy 49cc47237d1f2a634abcbb2fa5de79c4 v2 modes 1/4 flags 0x2
09-13 17:01:14.017     0     0 I init    : Verified that /data/rollback-observer has the encryption policy 49cc47237d1f2a634abcbb2fa5de79c4 v2 modes 1/4 flags 0x2
09-13 17:01:14.018     0     0 W init    : Inferred action different from explicit one, expected 2 but got 3
09-13 17:01:14.018     0     0 I init    : Verified that /data/rollback-history has the encryption policy 49cc47237d1f2a634abcbb2fa5de79c4 v2 modes 1/4 flags 0x2
09-13 17:01:14.019     0     0 I init    : Verified that /data/incremental has the encryption policy 49cc47237d1f2a634abcbb2fa5de79c4 v2 modes 1/4 flags 0x2
09-13 17:01:14.089     0     0 I apexd   : Skipping decompression for /system/apex/com.android.neuralnetworks.capex
09-13 17:01:14.092     0     0 I apexd   : Processing compressed APEX /system/apex/com.android.cellbroadcast.capex
09-13 17:01:14.138     0     0 I apexd   : Skipping decompression for /system/apex/com.android.cellbroadcast.capex
09-13 17:01:14.140     0     0 I apexd   : Processing compressed APEX /system/apex/com.android.permission.capex
09-13 17:01:14.188     0     0 I apexd   : Skipping decompression for /system/apex/com.android.permission.capex
09-13 17:01:14.190     0     0 I apexd   : Processing compressed APEX /system/apex/com.android.conscrypt.capex
09-13 17:01:14.230     0     0 I apexd   : Skipping decompression for /system/apex/com.android.conscrypt.capex
09-13 17:01:14.231     0     0 I apexd   : Processing compressed APEX /system/apex/com.android.wifi.capex
09-13 17:01:14.264     0     0 I apexd   : Skipping decompression for /system/apex/com.android.wifi.capex
09-13 17:01:14.265     0     0 I apexd   : Processing compressed APEX /system/apex/com.android.adbd.capex
09-13 17:01:14.319     0     0 I apexd   : Skipping decompression for /system/apex/com.android.adbd.capex
09-13 17:01:14.321     0     0 I apexd   : Processing compressed APEX /system/apex/com.android.media.swcodec.capex
09-13 17:01:14.384     0     0 I apexd   : Skipping decompression for /system/apex/com.android.media.swcodec.capex
09-13 17:01:14.386     0     0 I apexd   : Processing compressed APEX /system/apex/com.android.resolv.capex
09-13 17:01:14.480     0     0 I apexd   : Skipping decompression for /system/apex/com.android.resolv.capex
09-13 17:01:14.482     0     0 I apexd   : Processing compressed APEX /system/apex/com.android.media.capex
09-13 17:01:14.507     0     0 I apexd   : Skipping decompression for /system/apex/com.android.media.capex
09-13 17:01:14.507     0     0 I apexd   : Processing compressed APEX /system/apex/com.android.mediaprovider.capex
09-13 17:01:14.560     0     0 I apexd   : Skipping decompression for /system/apex/com.android.mediaprovider.capex
09-13 17:01:14.562     0     0 I apexd   : Processing compressed APEX /system/apex/com.android.uwb.capex
09-13 17:01:14.590     0     0 I apexd   : Skipping decompression for /system/apex/com.android.uwb.capex
09-13 17:01:14.590     0     0 I apexd   : Processing compressed APEX /system/apex/com.android.extservices.capex
09-13 17:01:14.600   241   241 W ServiceManager: Waited one second for device.generic.car.emulator.IVehicleBus/protocanbus (is service started? are binder threads started and available?)
09-13 17:01:14.600   215   215 I servicemanager: Since 'device.generic.car.emulator.IVehicleBus/protocanbus' could not be found, trying to start it as a lazy AIDL service
09-13 17:01:14.602   215   292 W libc    : Unable to set property "ctl.interface_start" to "aidl/device.generic.car.emulator.IVehicleBus/protocanbus": error code: 0x20
09-13 17:01:14.602   215   292 I servicemanager: Tried to start aidl service device.generic.car.emulator.IVehicleBus/protocanbus as a lazy service, but was unable to. Usually this happens when a service is not installed, but if the service is intended to be used as a lazy service, then it may be configured incorrectly.
09-13 17:01:14.636     0     0 E init    : Control message: Could not find 'aidl/device.generic.car.emulator.IVehicleBus/protocanbus' for ctl.interface_start from pid: 215 (/system/bin/servicemanager)
09-13 17:01:14.652     0     0 I apexd   : Skipping decompression for /system/apex/com.android.extservices.capex
09-13 17:01:14.653     0     0 I apexd   : Processing compressed APEX /system/apex/com.android.art.capex
09-13 17:01:14.690     0     0 I apexd   : Skipping decompression for /system/apex/com.android.art.capex
09-13 17:01:14.691     0     0 I apexd   : Processing compressed APEX /system/apex/com.android.ipsec.capex
09-13 17:01:14.714     0     0 I apexd   : Skipping decompression for /system/apex/com.android.ipsec.capex
09-13 17:01:14.715     0     0 I apexd   : Processing compressed APEX /system/apex/com.android.tethering.capex
09-13 17:01:14.778     0     0 I apexd   : Skipping decompression for /system/apex/com.android.tethering.capex
09-13 17:01:14.780     0     0 I loop4   : detected capacity change from 0 to 7088
09-13 17:01:14.785     0     0 I EXT4-fs (loop4): mounted filesystem without journal. Opts: (null). Quota mode: none.
09-13 17:01:14.786     0     0 I apexd   : Successfully mounted package /system/apex/com.android.appsearch.apex on /apex/com.android.appsearch@330400000 duration=6
09-13 17:01:14.789     0     0 I loop5   : detected capacity change from 0 to 536
09-13 17:01:14.791     0     0 I EXT4-fs (loop5): mounted filesystem without journal. Opts: (null). Quota mode: none.
09-13 17:01:14.792     0     0 I apexd   : Successfully mounted package /system/apex/com.android.apex.cts.shim.apex on /apex/com.android.apex.cts.shim@1 duration=4
09-13 17:01:14.794     0     0 I loop6   : detected capacity change from 0 to 13032
09-13 17:01:14.795     0     0 I EXT4-fs (loop6): mounted filesystem without journal. Opts: (null). Quota mode: none.
09-13 17:01:14.796     0     0 I apexd   : Successfully mounted package /system/apex/com.android.car.framework.apex on /apex/com.android.car.framework@1 duration=2
09-13 17:01:14.797     0     0 I loop7   : detected capacity change from 0 to 536
09-13 17:01:14.799     0     0 I EXT4-fs (loop7): mounted filesystem without journal. Opts: (null). Quota mode: none.
09-13 17:01:14.800     0     0 I apexd   : Successfully mounted package /system/apex/com.android.ondevicepersonalization.apex on /apex/com.android.ondevicepersonalization@330400000 duration=2
09-13 17:01:14.801     0     0 I loop8   : detected capacity change from 0 to 1728
09-13 17:01:14.802     0     0 I EXT4-fs (loop8): mounted filesystem without journal. Opts: (null). Quota mode: none.
09-13 17:01:14.802     0     0 I apexd   : Successfully mounted package /system/apex/com.android.tzdata.apex on /apex/com.android.tzdata@330400000 duration=1
09-13 17:01:14.803     0     0 I loop9   : detected capacity change from 0 to 536
09-13 17:01:14.805     0     0 I EXT4-fs (loop9): mounted filesystem without journal. Opts: (null). Quota mode: none.
09-13 17:01:14.805     0     0 I apexd   : Successfully mounted package /system/apex/com.android.scheduling.apex on /apex/com.android.scheduling@330400000 duration=2
09-13 17:01:14.807     0     0 I loop10  : detected capacity change from 0 to 42856
09-13 17:01:14.809     0     0 I EXT4-fs (loop10): mounted filesystem without journal. Opts: (null). Quota mode: none.
09-13 17:01:14.809     0     0 I apexd   : Successfully mounted package /system/apex/com.android.btservices.apex on /apex/com.android.btservices@339990000 duration=2
09-13 17:01:14.810     0     0 I loop11  : detected capacity change from 0 to 3512
09-13 17:01:14.812     0     0 I EXT4-fs (loop11): mounted filesystem without journal. Opts: (null). Quota mode: none.
09-13 17:01:14.812     0     0 I apexd   : Successfully mounted package /system/apex/com.android.os.statsd.apex on /apex/com.android.os.statsd@330400000 duration=2
09-13 17:01:14.813     0     0 I loop12  : detected capacity change from 0 to 58976
09-13 17:01:14.815     0     0 I EXT4-fs (loop12): mounted filesystem without journal. Opts: (null). Quota mode: none.
09-13 17:01:14.815     0     0 I apexd   : Successfully mounted package /system/apex/com.android.vndk.current.apex on /apex/com.android.vndk.v33@1 duration=2
09-13 17:01:14.816     0     0 I loop13  : detected capacity change from 0 to 10728
09-13 17:01:14.818     0     0 I EXT4-fs (loop13): mounted filesystem without journal. Opts: (null). Quota mode: none.
09-13 17:01:14.818     0     0 I apexd   : Successfully mounted package /system/apex/com.android.runtime.apex on /apex/com.android.runtime@1 duration=2
09-13 17:01:14.819     0     0 I loop14  : detected capacity change from 0 to 68016
09-13 17:01:14.821     0     0 I EXT4-fs (loop14): mounted filesystem without journal. Opts: (null). Quota mode: none.
09-13 17:01:14.821     0     0 I apexd   : Successfully mounted package /system/apex/com.android.i18n.apex on /apex/com.android.i18n@1 duration=2
09-13 17:01:14.822     0     0 I loop15  : detected capacity change from 0 to 1576
09-13 17:01:14.824     0     0 I EXT4-fs (loop15): mounted filesystem without journal. Opts: (null). Quota mode: none.
09-13 17:01:14.824     0     0 I apexd   : Successfully mounted package /system/apex/com.android.sdkext.apex on /apex/com.android.sdkext@330400000 duration=2
09-13 17:01:14.825     0     0 I loop16  : detected capacity change from 0 to 536
09-13 17:01:14.827     0     0 I device-mapper: verity: sha256 using implementation "sha256-avx"
09-13 17:01:14.882     0     0 I EXT4-fs (dm-31): mounted filesystem without journal. Opts: (null). Quota mode: none.
09-13 17:01:14.882     0     0 I apexd   : Successfully mounted package /data/apex/decompressed/com.android.adservices@330400000.decompressed.apex on /apex/com.android.adservices@330400000 duration=56
09-13 17:01:14.889     0     0 I loop17  : detected capacity change from 0 to 10928
09-13 17:01:14.891     0     0 I device-mapper: verity: sha256 using implementation "sha256-avx"
09-13 17:01:14.921     0     0 I EXT4-fs (dm-29): mounted filesystem without journal. Opts: (null). Quota mode: none.
09-13 17:01:14.921     0     0 I apexd   : Successfully mounted package /data/apex/decompressed/com.android.neuralnetworks@330400000.decompressed.apex on /apex/com.android.neuralnetworks@330400000 duration=32
09-13 17:01:14.955     0     0 I loop18  : detected capacity change from 0 to 25632
09-13 17:01:14.958     0     0 I device-mapper: verity: sha256 using implementation "sha256-avx"
09-13 17:01:14.989     0     0 I EXT4-fs (dm-28): mounted filesystem without journal. Opts: (null). Quota mode: none.
09-13 17:01:14.991     0     0 I apexd   : Successfully mounted package /data/apex/decompressed/com.android.cellbroadcast@330400000.decompressed.apex on /apex/com.android.cellbroadcast@330400000 duration=36
09-13 17:01:15.008     0     0 I loop19  : detected capacity change from 0 to 29176
09-13 17:01:15.016     0     0 I device-mapper: verity: sha256 using implementation "sha256-avx"
09-13 17:01:15.070     0     0 I EXT4-fs (dm-27): mounted filesystem without journal. Opts: (null). Quota mode: none.
09-13 17:01:15.073     0     0 I apexd   : Successfully mounted package /data/apex/decompressed/com.android.permission@330400000.decompressed.apex on /apex/com.android.permission@330400000 duration=67
09-13 17:01:15.088     0     0 I loop20  : detected capacity change from 0 to 7328
09-13 17:01:15.095     0     0 I device-mapper: verity: sha256 using implementation "sha256-avx"
09-13 17:01:15.148     0     0 I EXT4-fs (dm-24): mounted filesystem without journal. Opts: (null). Quota mode: none.
09-13 17:01:15.151     0     0 I apexd   : Successfully mounted package /data/apex/decompressed/com.android.conscrypt@330400000.decompressed.apex on /apex/com.android.conscrypt@330400000 duration=63
09-13 17:01:15.182     0     0 I loop21  : detected capacity change from 0 to 17136
09-13 17:01:15.188     0     0 I device-mapper: verity: sha256 using implementation "sha256-avx"
09-13 17:01:15.224     0     0 I EXT4-fs (dm-20): mounted filesystem without journal. Opts: (null). Quota mode: none.
09-13 17:01:15.227     0     0 I apexd   : Successfully mounted package /data/apex/decompressed/com.android.wifi@330400000.decompressed.apex on /apex/com.android.wifi@330400000 duration=45
09-13 17:01:15.252     0     0 I loop22  : detected capacity change from 0 to 13024
09-13 17:01:15.259     0     0 I device-mapper: verity: sha256 using implementation "sha256-avx"
09-13 17:01:15.310     0     0 I EXT4-fs (dm-19): mounted filesystem without journal. Opts: (null). Quota mode: none.
09-13 17:01:15.312     0     0 I apexd   : Successfully mounted package /data/apex/decompressed/com.android.adbd@330400000.decompressed.apex on /apex/com.android.adbd@330400000 duration=63
09-13 17:01:15.337     0     0 I loop23  : detected capacity change from 0 to 44072
09-13 17:01:15.345     0     0 I device-mapper: verity: sha256 using implementation "sha256-avx"
09-13 17:01:15.390     0     0 I EXT4-fs (dm-18): mounted filesystem without journal. Opts: (null). Quota mode: none.
09-13 17:01:15.391     0     0 I apexd   : Successfully mounted package /data/apex/decompressed/com.android.media.swcodec@330400000.decompressed.apex on /apex/com.android.media.swcodec@330400000 duration=56
09-13 17:01:15.417     0     0 I loop24  : detected capacity change from 0 to 9272
09-13 17:01:15.419     0     0 I device-mapper: verity: sha256 using implementation "sha256-avx"
09-13 17:01:15.480     0     0 I EXT4-fs (dm-17): mounted filesystem without journal. Opts: (null). Quota mode: none.
09-13 17:01:15.482     0     0 I apexd   : Successfully mounted package /data/apex/decompressed/com.android.resolv@330400000.decompressed.apex on /apex/com.android.resolv@330400000 duration=66
09-13 17:01:15.524     0     0 I loop25  : detected capacity change from 0 to 10936
09-13 17:01:15.532     0     0 I device-mapper: verity: sha256 using implementation "sha256-avx"
09-13 17:01:15.600   241   241 W ServiceManager: Waited one second for device.generic.car.emulator.IVehicleBus/protocanbus (is service started? are binder threads started and available?)
09-13 17:01:15.601   215   215 I servicemanager: Since 'device.generic.car.emulator.IVehicleBus/protocanbus' could not be found, trying to start it as a lazy AIDL service
09-13 17:01:15.633     0     0 I EXT4-fs (dm-16): mounted filesystem without journal. Opts: (null). Quota mode: none.
09-13 17:01:15.636     0     0 I apexd   : Successfully mounted package /data/apex/decompressed/com.android.media@330400000.decompressed.apex on /apex/com.android.media@330400000 duration=114
09-13 17:01:15.638     0     0 E init    : Control message: Could not find 'aidl/device.generic.car.emulator.IVehicleBus/protocanbus' for ctl.interface_start from pid: 215 (/system/bin/servicemanager)
09-13 17:01:15.608   215   326 W libc    : Unable to set property "ctl.interface_start" to "aidl/device.generic.car.emulator.IVehicleBus/protocanbus": error code: 0x20
09-13 17:01:15.609   215   326 I servicemanager: Tried to start aidl service device.generic.car.emulator.IVehicleBus/protocanbus as a lazy service, but was unable to. Usually this happens when a service is not installed, but if the service is intended to be used as a lazy service, then it may be configured incorrectly.
09-13 17:01:15.660     0     0 I loop26  : detected capacity change from 0 to 18040
09-13 17:01:15.668     0     0 I device-mapper: verity: sha256 using implementation "sha256-avx"
09-13 17:01:15.709     0     0 I EXT4-fs (dm-9): mounted filesystem without journal. Opts: (null). Quota mode: none.
09-13 17:01:15.709     0     0 I apexd   : Successfully mounted package /data/apex/decompressed/com.android.mediaprovider@330400000.decompressed.apex on /apex/com.android.mediaprovider@330400000 duration=52
09-13 17:01:15.718     0     0 I loop27  : detected capacity change from 0 to 6112
09-13 17:01:15.719     0     0 I device-mapper: verity: sha256 using implementation "sha256-avx"
09-13 17:01:15.758     0     0 I EXT4-fs (dm-13): mounted filesystem without journal. Opts: (null). Quota mode: none.
09-13 17:01:15.759     0     0 I apexd   : Successfully mounted package /data/apex/decompressed/com.android.uwb@330400000.decompressed.apex on /apex/com.android.uwb@330400000 duration=41
09-13 17:01:15.785     0     0 I loop28  : detected capacity change from 0 to 13128
09-13 17:01:15.791     0     0 I device-mapper: verity: sha256 using implementation "sha256-avx"
09-13 17:01:15.892     0     0 I EXT4-fs (dm-12): mounted filesystem without journal. Opts: (null). Quota mode: none.
09-13 17:01:15.893     0     0 I apexd   : Successfully mounted package /data/apex/decompressed/com.android.extservices@330400000.decompressed.apex on /apex/com.android.extservices@330400000 duration=109
09-13 17:01:15.910     0     0 I loop29  : detected capacity change from 0 to 63496
09-13 17:01:15.912     0     0 I device-mapper: verity: sha256 using implementation "sha256-avx"
09-13 17:01:15.939     0     0 I EXT4-fs (dm-6): mounted filesystem without journal. Opts: (null). Quota mode: none.
09-13 17:01:15.940     0     0 I apexd   : Successfully mounted package /data/apex/decompressed/com.android.art@330400000.decompressed.apex on /apex/com.android.art@330400000 duration=30
09-13 17:01:15.985     0     0 I loop30  : detected capacity change from 0 to 1584
09-13 17:01:15.991     0     0 I device-mapper: verity: sha256 using implementation "sha256-avx"
09-13 17:01:16.028     0     0 I EXT4-fs (dm-11): mounted filesystem without journal. Opts: (null). Quota mode: none.
09-13 17:01:16.030     0     0 I apexd   : Successfully mounted package /data/apex/decompressed/com.android.ipsec@330400000.decompressed.apex on /apex/com.android.ipsec@330400000 duration=48
09-13 17:01:16.053     0     0 I loop31  : detected capacity change from 0 to 19496
09-13 17:01:16.055     0     0 I device-mapper: verity: sha256 using implementation "sha256-avx"
09-13 17:01:16.129     0     0 I EXT4-fs (dm-5): mounted filesystem without journal. Opts: (null). Quota mode: none.
09-13 17:01:16.132     0     0 I apexd   : Successfully mounted package /data/apex/decompressed/com.android.tethering@330400000.decompressed.apex on /apex/com.android.tethering@330400000 duration=79
09-13 17:01:16.170     0     0 I apexd   : Activated 28 packages.
09-13 17:01:16.172     0     0 I apexd   : OnStart done, duration=2259
09-13 17:01:16.173     0     0 I AidlLazyServiceRegistrar: Registering service apexservice
09-13 17:01:16.209     0     0 E apexd   : Can't open /system_ext/apex for reading : No such file or directory
09-13 17:01:16.210     0     0 E apexd   : Can't open /product/apex for reading : No such file or directory
09-13 17:01:16.211     0     0 E apexd   : Can't open /vendor/apex for reading : No such file or directory
09-13 17:01:16.215     0     0 I apexd   : Marking APEXd as activated
09-13 17:01:16.216     0     0 I init    : Wait for property 'apexd.status=activated' took 2196ms
09-13 17:01:16.459     0     0 I init    : Parsing file /apex/com.android.adbd/etc/init.rc...
09-13 17:01:16.462     0     0 I init    : Parsing file /apex/com.android.art/etc/init.rc...
09-13 17:01:16.463     0     0 I init    : Parsing file /apex/com.android.media.swcodec/etc/mediaswcodec.32rc...
09-13 17:01:16.463     0     0 I init    : Parsing file /apex/com.android.media/etc/mediatranscoding.32rc...
09-13 17:01:16.464     0     0 I init    : Parsing file /apex/com.android.os.statsd/etc/init.rc...
09-13 17:01:16.464     0     0 I init    : Parsing file /apex/com.android.sdkext/etc/derive_classpath.rc...
09-13 17:01:16.464     0     0 I init    : Parsing file /apex/com.android.sdkext/etc/derive_sdk.rc...
09-13 17:01:16.479     0     0 I init    : linkerconfig generated /linkerconfig with mounted APEX modules info
09-13 17:01:16.479     0     0 I init    : Command 'perform_apex_config' action=post-fs-data (/system/etc/init/hw/init.rc:973) took 262ms and succeeded
09-13 17:01:16.479     0     0 I init    : Not setting encryption policy on: /data/media
09-13 17:01:16.480     0     0 I init    : starting service 'exec 9 (/system/bin/chattr +F /data/media)'...
09-13 17:01:16.481     0     0 I init    : SVC_EXEC service 'exec 9 (/system/bin/chattr +F /data/media)' pid 342 (uid 1023 gid 1023+0 context default) started; waiting...
09-13 17:01:16.495     0     0 I init    : Service 'exec 9 (/system/bin/chattr +F /data/media)' (pid 342) exited with status 1 waiting took 0.014000 seconds
09-13 17:01:16.495     0     0 I init    : Sending signal 9 to service 'exec 9 (/system/bin/chattr +F /data/media)' (pid 342) process group...
09-13 17:01:16.496     0     0 I libprocessgroup: Successfully killed process cgroup uid 1023 pid 342 in 0ms
09-13 17:01:16.496     0     0 I init    : Verified that /data/media/obb has the encryption policy 49cc47237d1f2a634abcbb2fa5de79c4 v2 modes 1/4 flags 0x2
09-13 17:01:16.497     0     0 W init    : Inferred action different from explicit one, expected 2 but got 3
09-13 17:01:16.497     0     0 I init    : Verified that /data/bootanim has the encryption policy 49cc47237d1f2a634abcbb2fa5de79c4 v2 modes 1/4 flags 0x2
09-13 17:01:16.498     0     0 I init    : starting service 'derive_sdk'...
09-13 17:01:16.499     0     0 I init    : SVC_EXEC service 'derive_sdk' pid 343 (uid 9999 gid 9999+0 context default) started; waiting...
09-13 17:01:16.482   215   215 I servicemanager: Found android.hardware.automotive.vehicle.IVehicle/default in device VINTF manifest.
09-13 17:01:16.482   223   223 I ServiceManager: Waiting for service 'android.hardware.automotive.vehicle.IVehicle/default' on '/dev/binder'...
09-13 17:01:16.489   343   343 I derive_sdk: Read version 3 from 7
09-13 17:01:16.490   343   343 I derive_sdk: Read version 3 from 1
09-13 17:01:16.490   343   343 I derive_sdk: Read version 3 from 8
09-13 17:01:16.491   343   343 I derive_sdk: Read version 3 from 3
09-13 17:01:16.492   343   343 I derive_sdk: Read version 3 from 2
09-13 17:01:16.492   343   343 I derive_sdk: Read version 3 from 10
09-13 17:01:16.493   343   343 I derive_sdk: Read version 3 from 4
09-13 17:01:16.494   343   343 I derive_sdk: Read version 3 from 11
09-13 17:01:16.495   343   343 I derive_sdk: Read version 3 from 5
09-13 17:01:16.495   343   343 I derive_sdk: Read version 3 from 6
09-13 17:01:16.496   343   343 I derive_sdk: Read version 3 from 9
09-13 17:01:16.497   343   343 I derive_sdk: Read version 3 from 13
09-13 17:01:16.497   343   343 I derive_sdk: Read version 3 from 12
09-13 17:01:16.498   343   343 I derive_sdk: R extension version is 3
09-13 17:01:16.498   343   343 I derive_sdk: S extension version is 3
09-13 17:01:16.499   343   343 I derive_sdk: T extension version is 3
09-13 17:01:16.535     0     0 I init    : Service 'derive_sdk' (pid 343) exited with status 0 waiting took 0.036000 seconds
09-13 17:01:16.538     0     0 I init    : Sending signal 9 to service 'derive_sdk' (pid 343) process group...
09-13 17:01:16.540     0     0 I libprocessgroup: Successfully killed process cgroup uid 9999 pid 343 in 0ms
09-13 17:01:16.543     0     0 I init    : starting service 'exec 10 (/system/bin/vdc --wait cryptfs init_user0)'...
09-13 17:01:16.548     0     0 I init    : SVC_EXEC service 'exec 10 (/system/bin/vdc --wait cryptfs init_user0)' pid 344 (uid 0 gid 0+0 context default) started; waiting...
09-13 17:01:16.530   224   233 D vold    : fscrypt_init_user0
09-13 17:01:16.530   224   233 D vold    : Preparing: /data/misc/vold/user_keys
09-13 17:01:16.531   224   233 D vold    : Preparing: /data/misc/vold/user_keys/ce
09-13 17:01:16.531   224   233 D vold    : Preparing: /data/misc/vold/user_keys/de
09-13 17:01:16.565     0     0 D vdc     : Waited 0ms for vold
09-13 17:01:16.546   224   233 D vold    : Installed fscrypt key with ref 3efc41611a690de4db3b5ab09bfa53ea to /data
09-13 17:01:16.546   224   233 D vold    : Added fscrypt-provisioning key for 3efc41611a690de4db3b5ab09bfa53ea to session keyring
09-13 17:01:16.546   224   233 D vold    : Installed de key for user 0
09-13 17:01:16.587   224   233 D vold    : Installed fscrypt key with ref 3c5e1c0ba63503465738a149d652d713 to /data
09-13 17:01:16.587   224   233 D vold    : Added fscrypt-provisioning key for 3c5e1c0ba63503465738a149d652d713 to session keyring
09-13 17:01:16.587   224   233 D vold    : Installed de key for user 10
09-13 17:01:16.601   241   241 W ServiceManager: Waited one second for device.generic.car.emulator.IVehicleBus/protocanbus (is service started? are binder threads started and available?)
09-13 17:01:16.602   215   215 I servicemanager: Since 'device.generic.car.emulator.IVehicleBus/protocanbus' could not be found, trying to start it as a lazy AIDL service
09-13 17:01:16.607   215   345 W libc    : Unable to set property "ctl.interface_start" to "aidl/device.generic.car.emulator.IVehicleBus/protocanbus": error code: 0x20
09-13 17:01:16.607   215   345 I servicemanager: Tried to start aidl service device.generic.car.emulator.IVehicleBus/protocanbus as a lazy service, but was unable to. Usually this happens when a service is not installed, but if the service is intended to be used as a lazy service, then it may be configured incorrectly.
09-13 17:01:16.638     0     0 E init    : Control message: Could not find 'aidl/device.generic.car.emulator.IVehicleBus/protocanbus' for ctl.interface_start from pid: 215 (/system/bin/servicemanager)
09-13 17:01:16.690   224   233 D vold    : Installed fscrypt key with ref f8e29cefe63333cff5c9ac5e37d49b3e to /data
09-13 17:01:16.691   224   233 D vold    : Added fscrypt-provisioning key for f8e29cefe63333cff5c9ac5e37d49b3e to session keyring
09-13 17:01:16.691   224   233 D vold    : Installed de key for user 11
09-13 17:01:16.709   224   233 D vold    : Installed fscrypt key with ref bff6b58aa67e9397c0c8d97a4d9dac7b to /data
09-13 17:01:16.709   224   233 D vold    : Added fscrypt-provisioning key for bff6b58aa67e9397c0c8d97a4d9dac7b to session keyring
09-13 17:01:16.709   224   233 D vold    : Installed de key for user 12
09-13 17:01:16.709   224   233 D vold    : fscrypt_prepare_user_storage for volume null, user 0, serial 0, flags 1
09-13 17:01:16.709   224   233 D vold    : Preparing: /data/system/users/0
09-13 17:01:16.710   224   233 D vold    : Preparing: /data/misc/profiles/cur/0
09-13 17:01:16.711   224   233 D vold    : Preparing: /data/system_de/0
09-13 17:01:16.712   224   233 D vold    : Preparing: /data/vendor_de/0
09-13 17:01:16.712   224   233 D vold    : Preparing: /data/misc_de/0
09-13 17:01:16.713   224   233 D vold    : Preparing: /data/user_de/0
09-13 17:01:16.714   224   233 I vold    : Verified that /data/system_de/0 has the encryption policy 3efc41611a690de4db3b5ab09bfa53ea v2 modes 1/4 flags 0x2
09-13 17:01:16.714   224   233 I vold    : Verified that /data/vendor_de/0 has the encryption policy 3efc41611a690de4db3b5ab09bfa53ea v2 modes 1/4 flags 0x2
09-13 17:01:16.715   224   233 I vold    : Verified that /data/misc_de/0 has the encryption policy 3efc41611a690de4db3b5ab09bfa53ea v2 modes 1/4 flags 0x2
09-13 17:01:16.715   224   233 I vold    : Verified that /data/user_de/0 has the encryption policy 3efc41611a690de4db3b5ab09bfa53ea v2 modes 1/4 flags 0x2
09-13 17:01:16.715   224   233 D vold    : /system/bin/vold_prepare_subdirs
09-13 17:01:16.715   224   233 D vold    :     prepare
09-13 17:01:16.715   224   233 D vold    :     
09-13 17:01:16.716   224   233 D vold    :     0
09-13 17:01:16.716   224   233 D vold    :     1
09-13 17:01:16.722   346   346 D vold_prepare_subdirs: Setting up mode 771 uid 1000 gid 1000 context u:object_r:system_data_file:s0:c512,c768 on path: /data/user_de/0
09-13 17:01:16.722   346   346 D vold_prepare_subdirs: Setting up mode 771 uid 1000 gid 1000 context u:object_r:sdk_sandbox_system_data_file:s0:c512,c768 on path: /data/misc_de/0/sdksandbox
09-13 17:01:16.722   346   346 D vold_prepare_subdirs: Setting up mode 700 uid 0 gid 0 context u:object_r:vold_data_file:s0 on path: /data/misc_de/0/vold
09-13 17:01:16.722   346   346 D vold_prepare_subdirs: Setting up mode 700 uid 0 gid 0 context u:object_r:storaged_data_file:s0 on path: /data/misc_de/0/storaged
09-13 17:01:16.722   346   346 D vold_prepare_subdirs: Setting up mode 700 uid 0 gid 0 context u:object_r:rollback_data_file:s0 on path: /data/misc_de/0/rollback
09-13 17:01:16.723   346   346 D vold_prepare_subdirs: Setting up mode 700 uid 0 gid 0 context u:object_r:apex_rollback_data_file:s0 on path: /data/misc_de/0/apexrollback
09-13 17:01:16.723   346   346 D vold_prepare_subdirs: Setting up mode 711 uid 0 gid 0 context u:object_r:apex_module_data_file:s0 on path: /data/misc_de/0/apexdata
09-13 17:01:16.723   346   346 D vold_prepare_subdirs: Setting up mode 771 uid 0 gid 1000 context u:object_r:apex_module_data_file:s0 on path: /data/misc_de/0/apexdata/com.android.tethering
09-13 17:01:16.723   346   346 D vold_prepare_subdirs: Setting up mode 771 uid 0 gid 1000 context u:object_r:apex_module_data_file:s0 on path: /data/misc_de/0/apexdata/com.android.ipsec
09-13 17:01:16.723   346   346 D vold_prepare_subdirs: Setting up mode 771 uid 0 gid 1000 context u:object_r:apex_module_data_file:s0 on path: /data/misc_de/0/apexdata/com.android.art
09-13 17:01:16.723   346   346 D vold_prepare_subdirs: Setting up mode 771 uid 0 gid 1000 context u:object_r:apex_module_data_file:s0 on path: /data/misc_de/0/apexdata/com.android.extservices
09-13 17:01:16.724   346   346 D vold_prepare_subdirs: Setting up mode 771 uid 0 gid 1000 context u:object_r:apex_system_server_data_file:s0 on path: /data/misc_de/0/apexdata/com.android.uwb
09-13 17:01:16.724   346   346 D vold_prepare_subdirs: Setting up mode 771 uid 0 gid 1000 context u:object_r:apex_module_data_file:s0 on path: /data/misc_de/0/apexdata/com.android.mediaprovider
09-13 17:01:16.724   346   346 D vold_prepare_subdirs: Setting up mode 771 uid 0 gid 1000 context u:object_r:apex_module_data_file:s0 on path: /data/misc_de/0/apexdata/com.android.media
09-13 17:01:16.724   346   346 D vold_prepare_subdirs: Setting up mode 771 uid 0 gid 1000 context u:object_r:apex_module_data_file:s0 on path: /data/misc_de/0/apexdata/com.android.resolv
09-13 17:01:16.724   346   346 D vold_prepare_subdirs: Setting up mode 771 uid 0 gid 1000 context u:object_r:apex_module_data_file:s0 on path: /data/misc_de/0/apexdata/com.android.media.swcodec
09-13 17:01:16.724   346   346 D vold_prepare_subdirs: Setting up mode 771 uid 0 gid 1000 context u:object_r:apex_module_data_file:s0 on path: /data/misc_de/0/apexdata/com.android.adbd
09-13 17:01:16.724   346   346 D vold_prepare_subdirs: Setting up mode 771 uid 0 gid 1000 context u:object_r:apex_system_server_data_file:s0 on path: /data/misc_de/0/apexdata/com.android.wifi
09-13 17:01:16.724   346   346 D vold_prepare_subdirs: Setting up mode 771 uid 0 gid 1000 context u:object_r:apex_module_data_file:s0 on path: /data/misc_de/0/apexdata/com.android.conscrypt
09-13 17:01:16.724   346   346 D vold_prepare_subdirs: Setting up mode 771 uid 0 gid 1000 context u:object_r:apex_system_server_data_file:s0 on path: /data/misc_de/0/apexdata/com.android.permission
09-13 17:01:16.724   346   346 D vold_prepare_subdirs: Setting up mode 771 uid 0 gid 1000 context u:object_r:apex_module_data_file:s0 on path: /data/misc_de/0/apexdata/com.android.cellbroadcast
09-13 17:01:16.725   346   346 D vold_prepare_subdirs: Setting up mode 771 uid 0 gid 1000 context u:object_r:apex_module_data_file:s0 on path: /data/misc_de/0/apexdata/com.android.neuralnetworks
09-13 17:01:16.725   346   346 D vold_prepare_subdirs: Setting up mode 771 uid 0 gid 1000 context u:object_r:apex_module_data_file:s0 on path: /data/misc_de/0/apexdata/com.android.adservices
09-13 17:01:16.725   346   346 D vold_prepare_subdirs: Setting up mode 771 uid 0 gid 1000 context u:object_r:apex_module_data_file:s0 on path: /data/misc_de/0/apexdata/com.android.sdkext
09-13 17:01:16.725   346   346 D vold_prepare_subdirs: Setting up mode 771 uid 0 gid 1000 context u:object_r:apex_module_data_file:s0 on path: /data/misc_de/0/apexdata/com.android.os.statsd
09-13 17:01:16.725   346   346 D vold_prepare_subdirs: Setting up mode 771 uid 0 gid 1000 context u:object_r:apex_module_data_file:s0 on path: /data/misc_de/0/apexdata/com.android.btservices
09-13 17:01:16.725   346   346 D vold_prepare_subdirs: Setting up mode 771 uid 0 gid 1000 context u:object_r:apex_module_data_file:s0 on path: /data/misc_de/0/apexdata/com.android.scheduling
09-13 17:01:16.725   346   346 D vold_prepare_subdirs: Setting up mode 771 uid 0 gid 1000 context u:object_r:apex_module_data_file:s0 on path: /data/misc_de/0/apexdata/com.android.ondevicepersonalization
09-13 17:01:16.725   346   346 D vold_prepare_subdirs: Setting up mode 771 uid 0 gid 1000 context u:object_r:apex_module_data_file:s0 on path: /data/misc_de/0/apexdata/com.android.car.framework
09-13 17:01:16.725   346   346 D vold_prepare_subdirs: Setting up mode 771 uid 0 gid 1000 context u:object_r:apex_module_data_file:s0 on path: /data/misc_de/0/apexdata/com.android.apex.cts.shim
09-13 17:01:16.725   346   346 D vold_prepare_subdirs: Setting up mode 771 uid 0 gid 1000 context u:object_r:apex_module_data_file:s0 on path: /data/misc_de/0/apexdata/com.android.appsearch
09-13 17:01:16.725   346   346 D vold_prepare_subdirs: Setting up mode 771 uid 0 gid 1000 context u:object_r:apex_module_data_file:s0 on path: /data/misc_de/0/apexdata/com.android.tzdata
09-13 17:01:16.725   346   346 D vold_prepare_subdirs: Setting up mode 771 uid 0 gid 1000 context u:object_r:apex_module_data_file:s0 on path: /data/misc_de/0/apexdata/com.android.vndk.v33
09-13 17:01:16.725   346   346 D vold_prepare_subdirs: Setting up mode 771 uid 0 gid 1000 context u:object_r:apex_module_data_file:s0 on path: /data/misc_de/0/apexdata/com.android.i18n
09-13 17:01:16.726   346   346 D vold_prepare_subdirs: Setting up mode 771 uid 0 gid 1000 context u:object_r:apex_module_data_file:s0 on path: /data/misc_de/0/apexdata/com.android.runtime
09-13 17:01:16.726   346   346 D vold_prepare_subdirs: Setting up mode 771 uid 0 gid 1000 context u:object_r:apex_module_data_file:s0 on path: /data/misc_de/0/apexdata/sharedlibs
09-13 17:01:16.726   346   346 D vold_prepare_subdirs: Setting up mode 771 uid 1000 gid 1000 context u:object_r:user_profile_root_file:s0:c512,c768 on path: /data/misc/profiles/cur/0
09-13 17:01:16.726   346   346 D vold_prepare_subdirs: Setting up mode 700 uid 1000 gid 1000 context u:object_r:fingerprint_vendor_data_file:s0 on path: /data/vendor_de/0/fpdata
09-13 17:01:16.726   346   346 D vold_prepare_subdirs: Setting up mode 700 uid 1000 gid 1000 context u:object_r:face_vendor_data_file:s0 on path: /data/vendor_de/0/facedata
09-13 17:01:16.726   224   233 D vold    : Detected support for FS_IOC_ADD_ENCRYPTION_KEY
09-13 17:01:16.762     0     0 I init    : Service 'exec 10 (/system/bin/vdc --wait cryptfs init_user0)' (pid 344) exited with status 0 waiting took 0.215000 seconds
09-13 17:01:16.762     0     0 I init    : Sending signal 9 to service 'exec 10 (/system/bin/vdc --wait cryptfs init_user0)' (pid 344) process group...
09-13 17:01:16.763     0     0 I libprocessgroup: Successfully killed process cgroup uid 0 pid 344 in 0ms
09-13 17:01:16.764     0     0 I selinux : SELinux: Skipping restorecon on directory(/data)
09-13 17:01:16.764     0     0 I selinux :  
09-13 17:01:16.764     0     0 I init    : starting service 'derive_classpath'...
09-13 17:01:16.765     0     0 I init    : SVC_EXEC service 'derive_classpath' pid 347 (uid 1000 gid 1000+1 context default) started; waiting...
09-13 17:01:16.734   347   347 I derive_classpath: ParseFragments for bootclasspath
09-13 17:01:16.830   347   347 I derive_classpath: ReadClasspathFragment /apex/com.android.art/etc/classpaths/bootclasspath.pb
09-13 17:01:16.832   347   347 I derive_classpath: ReadClasspathFragment /system/etc/classpaths/bootclasspath.pb
09-13 17:01:16.833   347   347 I derive_classpath: ReadClasspathFragment /apex/com.android.adservices/etc/classpaths/bootclasspath.pb
09-13 17:01:16.833   347   347 I derive_classpath: ReadClasspathFragment /apex/com.android.appsearch/etc/classpaths/bootclasspath.pb
09-13 17:01:16.834   347   347 I derive_classpath: ReadClasspathFragment /apex/com.android.btservices/etc/classpaths/bootclasspath.pb
09-13 17:01:16.834   347   347 I derive_classpath: ReadClasspathFragment /apex/com.android.car.framework/etc/classpaths/bootclasspath.pb
09-13 17:01:16.835   347   347 I derive_classpath: ReadClasspathFragment /apex/com.android.conscrypt/etc/classpaths/bootclasspath.pb
09-13 17:01:16.835   347   347 I derive_classpath: ReadClasspathFragment /apex/com.android.ipsec/etc/classpaths/bootclasspath.pb
09-13 17:01:16.836   347   347 I derive_classpath: ReadClasspathFragment /apex/com.android.media/etc/classpaths/bootclasspath.pb
09-13 17:01:16.836   347   347 I derive_classpath: ReadClasspathFragment /apex/com.android.mediaprovider/etc/classpaths/bootclasspath.pb
09-13 17:01:16.837   347   347 I derive_classpath: ReadClasspathFragment /apex/com.android.ondevicepersonalization/etc/classpaths/bootclasspath.pb
09-13 17:01:16.837   347   347 I derive_classpath: ReadClasspathFragment /apex/com.android.os.statsd/etc/classpaths/bootclasspath.pb
09-13 17:01:16.838   347   347 I derive_classpath: ReadClasspathFragment /apex/com.android.permission/etc/classpaths/bootclasspath.pb
09-13 17:01:16.838   347   347 I derive_classpath: ReadClasspathFragment /apex/com.android.scheduling/etc/classpaths/bootclasspath.pb
09-13 17:01:16.838   347   347 I derive_classpath: ReadClasspathFragment /apex/com.android.sdkext/etc/classpaths/bootclasspath.pb
09-13 17:01:16.838   347   347 I derive_classpath: ReadClasspathFragment /apex/com.android.tethering/etc/classpaths/bootclasspath.pb
09-13 17:01:16.838   347   347 I derive_classpath: ReadClasspathFragment /apex/com.android.uwb/etc/classpaths/bootclasspath.pb
09-13 17:01:16.838   347   347 I derive_classpath: ReadClasspathFragment /apex/com.android.wifi/etc/classpaths/bootclasspath.pb
09-13 17:01:16.839   347   347 I derive_classpath: ParseFragments for systemserverclasspath
09-13 17:01:16.839   347   347 I derive_classpath: ReadClasspathFragment /system/etc/classpaths/systemserverclasspath.pb
09-13 17:01:16.839   347   347 I derive_classpath: ReadClasspathFragment /apex/com.android.adservices/etc/classpaths/systemserverclasspath.pb
09-13 17:01:16.839   347   347 I derive_classpath: ReadClasspathFragment /apex/com.android.appsearch/etc/classpaths/systemserverclasspath.pb
09-13 17:01:16.840   347   347 I derive_classpath: ReadClasspathFragment /apex/com.android.art/etc/classpaths/systemserverclasspath.pb
09-13 17:01:16.840   347   347 I derive_classpath: ReadClasspathFragment /apex/com.android.btservices/etc/classpaths/systemserverclasspath.pb
09-13 17:01:16.840   347   347 I derive_classpath: ReadClasspathFragment /apex/com.android.car.framework/etc/classpaths/systemserverclasspath.pb
09-13 17:01:16.840   347   347 I derive_classpath: ReadClasspathFragment /apex/com.android.media/etc/classpaths/systemserverclasspath.pb
09-13 17:01:16.840   347   347 I derive_classpath: ReadClasspathFragment /apex/com.android.os.statsd/etc/classpaths/systemserverclasspath.pb
09-13 17:01:16.840   347   347 I derive_classpath: ReadClasspathFragment /apex/com.android.permission/etc/classpaths/systemserverclasspath.pb
09-13 17:01:16.840   347   347 I derive_classpath: ReadClasspathFragment /apex/com.android.scheduling/etc/classpaths/systemserverclasspath.pb
09-13 17:01:16.840   347   347 I derive_classpath: ReadClasspathFragment /apex/com.android.tethering/etc/classpaths/systemserverclasspath.pb
09-13 17:01:16.840   347   347 I derive_classpath: ReadClasspathFragment /apex/com.android.uwb/etc/classpaths/systemserverclasspath.pb
09-13 17:01:16.840   347   347 I derive_classpath: ReadClasspathFragment /apex/com.android.wifi/etc/classpaths/systemserverclasspath.pb
09-13 17:01:16.840   347   347 I derive_classpath: WriteClasspathExports /data/system/environ/classpath
09-13 17:01:16.840   347   347 I derive_classpath: WriteClasspathExports content
09-13 17:01:16.840   347   347 I derive_classpath: export BOOTCLASSPATH /apex/com.android.art/javalib/core-oj.jar:/apex/com.android.art/javalib/core-libart.jar:/apex/com.android.art/javalib/okhttp.jar:/apex/com.android.art/javalib/bouncycastle.jar:/apex/com.android.art/javalib/apache-xml.jar:/system/framework/framework.jar:/system/framework/framework-graphics.jar:/system/framework/ext.jar:/system/framework/telephony-common.jar:/system/framework/voip-common.jar:/system/framework/ims-common.jar:/system/framework/android.car.builtin.jar:/apex/com.android.i18n/javalib/core-icu4j.jar:/apex/com.android.adservices/javalib/framework-adservices.jar:/apex/com.android.adservices/javalib/framework-sdksandbox.jar:/apex/com.android.appsearch/javalib/framework-appsearch.jar:/apex/com.android.btservices/javalib/framework-bluetooth.jar:/apex/com.android.car.framework/javalib/android.car-module.jar:/apex/com.android.conscrypt/javalib/conscrypt.jar:/apex/com.android.ipsec/javalib/android.net.ipsec.ike.jar:/apex/com.android.media/javalib/updatable-media.jar:/apex/com.android.mediaprovider/javalib/framework-mediaprovider.jar:/apex/com.android.ondevicepersonalization/javalib/framework-ondevicepersonalization.jar:/apex/com.android.os.statsd/javalib/framework-statsd.jar:/apex/com.android.permission/javalib/framework-permission.jar:/apex/com.android.permission/javalib/framework-permission-s.jar:/apex/com.android.scheduling/javalib/framework-scheduling.jar:/apex/com.android.sdkext/javalib/framework-sdkextensions.jar:/apex/com.android.tethering/javalib/framework-connectivity.jar:/apex/com.android.tethering/javalib/framework-connectivity-t.jar:/apex/com.android.tethering/javalib/framework-tethering.jar:/apex/com.android.uwb/javalib/framework-uwb.jar:/apex/com.android.wifi/javalib/framework-wifi.jar
