09-13 17:01:19.245   216   216 I hwservicemanager: getTransport: Cannot find entry android.hardware.audio@7.0::IDevicesFactory/default in either framework or device VINTF manifest.
09-13 17:01:19.248   414   414 I ServiceManager: Waiting for service 'media.metrics' on '/dev/binder'...
09-13 17:01:19.280     0     0 I init    : processing action (vendor.qemu.timezone=*) from (/vendor/etc/init/hw/init.ranchu.rc:122)
09-13 17:01:19.283     0     0 I init    : processing action (ro.boot.qemu.cpuvulkan.version=*) from (/vendor/etc/init/hw/init.ranchu.rc:135)
09-13 17:01:19.284     0     0 I init    : processing action (vendor.qemu.vport.bluetooth=*) from (/vendor/etc/init/hw/init.ranchu.rc:197)
09-13 17:01:19.284     0     0 I init    : processing action (init.svc.audioserver=running) from (/system/etc/init/audioserver.rc:38)
09-13 17:01:19.285     0     0 I init    : service 'vendor.audio-hal' requested start, but it is already running (flags: 4)
09-13 17:01:19.285     0     0 I init    : Command 'start vendor.audio-hal-4-0-msd' action=init.svc.audioserver=running (/system/etc/init/audioserver.rc:40) took 0ms and failed: service vendor.audio-hal-4-0-msd not found
09-13 17:01:19.286     0     0 I init    : Command 'start audio_proxy_service' action=init.svc.audioserver=running (/system/etc/init/audioserver.rc:41) took 0ms and failed: service audio_proxy_service not found
09-13 17:01:19.287     0     0 I init    : Command 'start vendor.audio-hal-2-0' action=init.svc.audioserver=running (/system/etc/init/audioserver.rc:43) took 0ms and failed: service vendor.audio-hal-2-0 not found
09-13 17:01:19.288     0     0 I init    : Command 'start audio-hal-2-0' action=init.svc.audioserver=running (/system/etc/init/audioserver.rc:44) took 0ms and failed: service audio-hal-2-0 not found
09-13 17:01:19.289     0     0 I init    : processing action (ro.persistent_properties.ready=true) from (/system/etc/init/bootstat.rc:67)
09-13 17:01:19.289     0     0 I init    : processing action (ro.persistent_properties.ready=true) from (/system/etc/init/bootstat.rc:71)
09-13 17:01:19.290     0     0 I init    : starting service 'exec 20 (/system/bin/bootstat --set_system_boot_reason)'...
09-13 17:01:19.291     0     0 I init    : processing action (bootreceiver.enable=1 && ro.product.cpu.abilist64=*) from (/system/etc/init/dmesgd.rc:3)
09-13 17:01:19.292     0     0 I init    : Command 'rm /data/misc/dmesgd/sent_reports.txt' action=bootreceiver.enable=1 && ro.product.cpu.abilist64=* (/system/etc/init/dmesgd.rc:5) took 0ms and failed: unlink() failed: No such file or directory
09-13 17:01:19.293     0     0 I init    : processing action (persist.heapprofd.enable= && traced.lazy.heapprofd=) from (/system/etc/init/heapprofd.rc:49)
09-13 17:01:19.293     0     0 I init    : processing action (ro.debuggable=1) from (/system/etc/init/llkd-debuggable.rc:1)
09-13 17:01:19.294     0     0 I init    : processing action (ro.debuggable=*) from (/system/etc/init/llkd.rc:2)
09-13 17:01:19.295     0     0 I init    : processing action (debug.atrace.user_initiated= && persist.traced.enable=1) from (/system/etc/init/perfetto.rc:47)
09-13 17:01:19.295     0     0 I init    : starting service 'traced_probes'...
09-13 17:01:19.297     0     0 I init    : processing action (persist.traced.enable=1) from (/system/etc/init/perfetto.rc:50)
09-13 17:01:19.297     0     0 I init    : starting service 'traced'...
09-13 17:01:19.298     0     0 I init    : Created socket '/dev/socket/traced_consumer', mode 666, user 0, group 0
09-13 17:01:19.298     0     0 I init    : Created socket '/dev/socket/traced_producer', mode 666, user 0, group 0
09-13 17:01:19.300     0     0 I init    : service 'traced_probes' requested start, but it is already running (flags: 132)
09-13 17:01:19.301     0     0 I init    : processing action (ro.persistent_properties.ready=true) from (/system/etc/init/perfetto.rc:116)
09-13 17:01:19.301     0     0 I init    : processing action (persist.traced_perf.enable= && sys.init.perf_lsm_hooks=1 && traced.lazy.traced_perf=) from (/system/etc/init/traced_perf.rc:43)
09-13 17:01:19.302     0     0 I init    : processing action (init.svc.qemu-adb-keys=stopped) from (/system_ext/etc/init/init.system_ext.rc:1)
09-13 17:01:19.302     0     0 I init    : starting service 'qemu-adb-setup'...
09-13 17:01:19.304     0     0 I init    : processing action (nonencrypted) from (/system/etc/init/hw/init.rc:1183)
09-13 17:01:19.304     0     0 I init    : starting service 'goldfish-logcat'...
09-13 17:01:19.306     0     0 I init    : starting service 'bt_vhci_forwarder'...
09-13 17:01:19.307     0     0 I init    : service 'zygote' requested start, but it is already running (flags: 4)
09-13 17:01:19.308     0     0 I init    : starting service 'cameraserver'...
09-13 17:01:19.275   495   495 I bootstat: Service started: /system/bin/bootstat --set_system_boot_reason 
09-13 17:01:19.310     0     0 I init    : starting service 'idmap2d'...
09-13 17:01:19.312     0     0 I init    : starting service 'incidentd'...
09-13 17:01:19.313     0     0 I init    : starting service 'installd'...
09-13 17:01:19.312   495   495 I bootstat: Canonical boot reason: reboot
09-13 17:01:19.312   495   495 I bootstat: Canonical boot reason: reboot
09-13 17:01:19.315   495   495 E bootstat: Failed to read /metadata/bootstat/persist.sys.boot.reason: No such file or directory
09-13 17:01:19.315   495   495 I bootstat: Value of persist.sys.boot.reason : 
09-13 17:01:19.315   495   495 I bootstat: Normalized last reboot reason : reboot
09-13 17:01:19.316   495   495 E bootstat: Failed to unlink /metadata/bootstat/persist.sys.boot.reason: No such file or directory
09-13 17:01:19.317   375   375 I zygote64: option[0]=-Xzygote
09-13 17:01:19.317   375   375 I zygote64: option[1]=exit
09-13 17:01:19.317   375   375 I zygote64: option[2]=vfprintf
09-13 17:01:19.317   375   375 I zygote64: option[3]=sensitiveThread
09-13 17:01:19.317   375   375 I zygote64: option[4]=-verbose:gc
09-13 17:01:19.317   375   375 I zygote64: option[5]=-XX:PerfettoHprof=true
09-13 17:01:19.318   375   375 I zygote64: option[6]=-XX:PerfettoJavaHeapStackProf=true
09-13 17:01:19.318   375   375 I zygote64: option[7]=-Xprimaryzygote
09-13 17:01:19.318   375   375 I zygote64: option[8]=-Xms8m
09-13 17:01:19.318   375   375 I zygote64: option[9]=-Xmx576m
09-13 17:01:19.318   375   375 I zygote64: option[10]=-XX:HeapGrowthLimit=192m
09-13 17:01:19.318   375   375 I zygote64: option[11]=-XX:HeapMinFree=512k
09-13 17:01:19.318   375   375 I zygote64: option[12]=-XX:HeapMaxFree=8m
09-13 17:01:19.318   375   375 I zygote64: option[13]=-XX:HeapTargetUtilization=0.75
09-13 17:01:19.318   375   375 I zygote64: option[14]=-Xusejit:true
09-13 17:01:19.318   375   375 I zygote64: option[15]=-Xjitsaveprofilinginfo
09-13 17:01:19.318   375   375 I zygote64: option[16]=-XMadviseWillNeedVdexFileSize:104857600
09-13 17:01:19.318   375   375 I zygote64: option[17]=-XMadviseWillNeedOdexFileSize:104857600
09-13 17:01:19.318   375   375 I zygote64: option[18]=-XMadviseWillNeedArtFileSize:4294967295
09-13 17:01:19.318   375   375 I zygote64: option[19]=-XjdwpOptions:suspend=n,server=y
09-13 17:01:19.318   375   375 I zygote64: option[20]=-XjdwpProvider:default
09-13 17:01:19.318   375   375 I zygote64: option[21]=-Xopaque-jni-ids:swapable
09-13 17:01:19.318   375   375 I zygote64: option[22]=-Xlockprofthreshold:500
09-13 17:01:19.318   375   375 I zygote64: option[23]=-Xcompiler-option
09-13 17:01:19.318   375   375 I zygote64: option[24]=-j2
09-13 17:01:19.318   375   375 I zygote64: option[25]=-Xcompiler-option
09-13 17:01:19.318   375   375 I zygote64: option[26]=--cpu-set=0,1
09-13 17:01:19.318   375   375 I zygote64: option[27]=-Xcompiler-option
09-13 17:01:19.318   375   375 I zygote64: option[28]=--instruction-set-variant=x86_64
09-13 17:01:19.318   375   375 I zygote64: option[29]=-Xcompiler-option
09-13 17:01:19.318   375   375 I zygote64: option[30]=--instruction-set-features=default
09-13 17:01:19.318   375   375 I zygote64: option[31]=-Xcompiler-option
09-13 17:01:19.318   375   375 I zygote64: option[32]=--generate-mini-debug-info
09-13 17:01:19.318   375   375 I zygote64: option[33]=-Ximage-compiler-option
09-13 17:01:19.318   375   375 I zygote64: option[34]=--runtime-arg
09-13 17:01:19.318   375   375 I zygote64: option[35]=-Ximage-compiler-option
09-13 17:01:19.319   375   375 I zygote64: option[36]=-Xms64m
09-13 17:01:19.319   375   375 I zygote64: option[37]=-Ximage-compiler-option
09-13 17:01:19.319   375   375 I zygote64: option[38]=--runtime-arg
09-13 17:01:19.319   375   375 I zygote64: option[39]=-Ximage-compiler-option
09-13 17:01:19.319   375   375 I zygote64: option[40]=-Xmx64m
09-13 17:01:19.319   375   375 I zygote64: option[41]=-Ximage-compiler-option
09-13 17:01:19.319   375   375 I zygote64: option[42]=--dirty-image-objects=/system/etc/dirty-image-objects
09-13 17:01:19.319   375   375 I zygote64: option[43]=-Ximage-compiler-option
09-13 17:01:19.319   375   375 I zygote64: option[44]=--instruction-set-variant=x86_64
09-13 17:01:19.319   375   375 I zygote64: option[45]=-Ximage-compiler-option
09-13 17:01:19.319   375   375 I zygote64: option[46]=--instruction-set-features=default
09-13 17:01:19.319   375   375 I zygote64: option[47]=-Ximage-compiler-option
09-13 17:01:19.319   375   375 I zygote64: option[48]=--generate-mini-debug-info
09-13 17:01:19.319   375   375 I zygote64: option[49]=-Duser.locale=en-US
09-13 17:01:19.319   375   375 I zygote64: option[50]=--cpu-abilist=x86_64
09-13 17:01:19.319   375   375 I zygote64: option[51]=-Xcore-platform-api-policy:just-warn
09-13 17:01:19.319   375   375 I zygote64: option[52]=-Xfingerprint:Android/sdk_pc_x86_64/emulator64_x86_64:13/TQ2A.230405.003.E1/eng.q.20230905.135701:userdebug/test-keys
09-13 17:01:19.354     0     0 W qemu-adb-setup: Copying over adb_keys
09-13 17:01:19.361   497   497 I perfetto:           probes.cc:104 Starting /system/bin/traced_probes service
09-13 17:01:19.363   497   497 I perfetto:  probes_producer.cc:346 Disconnected from tracing service
09-13 17:01:19.363   497   509 I perfetto: _activity_trigger.cc:71 mm_events ftrace instance not found. Triggering of traces on memory pressure will not be available on this device.
09-13 17:01:19.373   503   503 I idmap2d : Starting
09-13 17:01:19.412     0     0 I logd    : logdr: UID=1036 GID=0 PID=500 b tail=0 logMask=99 pid=0 start=0ns deadline=0ns
09-13 17:01:19.424     0     0 I init    : starting service 'mediaextractor'...
09-13 17:01:19.426     0     0 I init    : starting service 'mediametrics'...
09-13 17:01:19.427     0     0 I init    : starting service 'media'...
09-13 17:01:19.428     0     0 I init    : service 'netd' requested start, but it is already running (flags: 4)
09-13 17:01:19.428     0     0 I init    : starting service 'storaged'...
09-13 17:01:19.428     0     0 I init    : Could not open file '/d/mmc0/mmc0:0001/ext_csd': Failed to open file '/d/mmc0/mmc0:0001/ext_csd': No such file or directory
09-13 17:01:19.406   505   505 I installd: installd firing up
09-13 17:01:19.417   498   498 W perfetto:          service.cc:237 Started traced, listening on /dev/socket/traced_producer /dev/socket/traced_consumer
09-13 17:01:19.447     0     0 I init    : starting service 'wificond'...
09-13 17:01:19.461     0     0 I init    : starting service 'vendor.ril-daemon'...
09-13 17:01:19.466     0     0 I init    : starting service 'media.swcodec'...
09-13 17:01:19.473     0     0 I init    : service 'statsd' requested start, but it is already running (flags: 4)
09-13 17:01:19.474     0     0 I init    : Command 'class_start main' action=nonencrypted (/system/etc/init/hw/init.rc:1184) took 169ms and succeeded
09-13 17:01:19.474     0     0 I init    : Service 'exec 20 (/system/bin/bootstat --set_system_boot_reason)' (pid 495) exited with status 0 oneshot service took 0.183000 seconds in background
09-13 17:01:19.475     0     0 I init    : Sending signal 9 to service 'exec 20 (/system/bin/bootstat --set_system_boot_reason)' (pid 495) process group...
09-13 17:01:19.481     0     0 I libprocessgroup: Successfully killed process cgroup uid 1000 pid 495 in 0ms
09-13 17:01:19.489     0     0 I init    : Service 'qemu-adb-setup' (pid 499) exited with status 0 oneshot service took 0.185000 seconds in background
09-13 17:01:19.489     0     0 I init    : Sending signal 9 to service 'qemu-adb-setup' (pid 499) process group...
09-13 17:01:19.490     0     0 I libprocessgroup: Successfully killed process cgroup uid 0 pid 499 in 0ms
09-13 17:01:19.491     0     0 I init    : starting service 'gatekeeperd'...
09-13 17:01:19.492     0     0 I init    : service 'traced' requested start, but it is already running (flags: 132)
09-13 17:01:19.492     0     0 I init    : service 'traced_probes' requested start, but it is already running (flags: 132)
09-13 17:01:19.493     0     0 I init    : starting service 'usbd'...
09-13 17:01:19.474   521   521 I wificond: wificond is starting up...
09-13 17:01:19.475   490   490 D BootAnimation: BootAnimationStartTiming start time: 16777ms
09-13 17:01:19.475   490   490 D BootAnimation: BootAnimationPreloadTiming start time: 16778ms
09-13 17:01:19.475   215   215 I servicemanager: Could not find android.hardware.net.nlinterceptor.IInterceptor/default in the VINTF manifest.
09-13 17:01:19.477   490   490 D BootAnimation: /system/media/bootanimation.zip is loaded successfully
09-13 17:01:19.480   521   521 I HidlServiceManagement: Registered android.system.wifi.keystore@1.0::IKeystore/default
09-13 17:01:19.515     0     0 I init    : starting service 'vendor.face-hal-1-0-default'...
09-13 17:01:19.518     0     0 I init    : starting service 'vendor.fps_hal'...
09-13 17:01:19.487   492   492 I adbd    : persist.adb.watchdog set to ''
09-13 17:01:19.487   492   492 I adbd    : persist.sys.test_harness set to ''
09-13 17:01:19.487   492   492 I adbd    : adb watchdog timeout set to 600 seconds
09-13 17:01:19.487   216   216 I hwservicemanager: getTransport: Cannot find entry android.hardware.usb.gadget@1.0::IUsbGadget/default in either framework or device VINTF manifest.
09-13 17:01:19.487   492   492 I adbd    : Setup mdns on port= 5555
09-13 17:01:19.488   492   492 I adbd    : adbd listening on tcp:5555
09-13 17:01:19.488   492   492 I adbd    : adbd listening on vsock:5555
09-13 17:01:19.488   492   492 I adbd    : adbd started
09-13 17:01:19.522     0     0 I init    : processing action (load_persist_props_action) from (/system/etc/init/flags_health_check.rc:1)
09-13 17:01:19.489   525   525 I usbd    : Usb HAL not found
09-13 17:01:19.526     0     0 I init    : Verified that /data/server_configurable_flags has the encryption policy 49cc47237d1f2a634abcbb2fa5de79c4 v2 modes 1/4 flags 0x2
09-13 17:01:19.526     0     0 I init    : Service 'usbd' (pid 525) exited with status 0 oneshot service took 0.033000 seconds in background
09-13 17:01:19.527     0     0 I init    : Sending signal 9 to service 'usbd' (pid 525) process group...
09-13 17:01:19.527     0     0 I libprocessgroup: Successfully killed process cgroup uid 0 pid 525 in 0ms
09-13 17:01:19.528     0     0 I init    : starting service 'exec 21 (/system/bin/flags_health_check BOOT_FAILURE)'...
09-13 17:01:19.503   492   530 I adbd    : Waiting for persist.adb.tls_server.enable=1
09-13 17:01:19.539     0     0 I init    : SVC_EXEC service 'exec 21 (/system/bin/flags_health_check BOOT_FAILURE)' pid 536 (uid 1000 gid 1000+0 context default) started; waiting...
09-13 17:01:19.539     0     0 I init    : starting service 'mdnsd'...
09-13 17:01:19.540     0     0 I init    : Created socket '/dev/socket/mdnsd', mode 660, user 1020, group 3003
09-13 17:01:19.508   490   490 D BootAnimation: BootAnimationPreloadStopTiming start time: 16811ms
09-13 17:01:19.510   536   536 I flags_health_check: ServerConfigurableFlagsReset reset_mode value: 0
09-13 17:01:19.512   515   515 I main_extractorservice: enable media.extractor memory limits
09-13 17:01:19.512   515   515 V MediaUtils: physMem: 4105072640
09-13 17:01:19.512   515   515 V MediaUtils: requested limit: 821014520
09-13 17:01:19.512   515   515 I libc    : malloc_limit: Allocation limit enabled, max size 821014520 bytes
09-13 17:01:19.516   527   527 I android.hardware.biometrics.face@1.0-service: BiometricsFace HAL is being started.
09-13 17:01:19.518   524   524 I gatekeeperd: Starting gatekeeperd...
09-13 17:01:19.520   528   528 D android.hardware.biometrics.fingerprint@2.1-service: Opening fingerprint hal library...
09-13 17:01:19.531   536   536 I flags_health_check: ServerConfigurableFlagsReset attempted boot count is under threshold, skipping reset.
09-13 17:01:19.532   527   527 I HidlServiceManagement: Registered android.hardware.biometrics.face@1.0::IBiometricsFace/default
09-13 17:01:19.532   527   527 I HidlServiceManagement: Removing namespace from process name android.hardware.biometrics.face@1.0-service.example to face@1.0-service.example.
09-13 17:01:19.532   527   527 I android.hardware.biometrics.face@1.0-service: BiometricsFace HAL has started successfully.
09-13 17:01:19.564     0     0 I init    : Control message: Processed ctl.start for 'mdnsd' from pid: 492 (/apex/com.android.adbd/bin/adbd --root_seclabel=u:r:su:s0)
09-13 17:01:19.568     0     0 I init    : Service 'exec 21 (/system/bin/flags_health_check BOOT_FAILURE)' (pid 536) exited with status 0 waiting took 0.039000 seconds
09-13 17:01:19.568     0     0 I init    : Sending signal 9 to service 'exec 21 (/system/bin/flags_health_check BOOT_FAILURE)' (pid 536) process group...
09-13 17:01:19.532   515   515 W mediaextractor: Could not read additional policy file '/vendor/etc/seccomp_policy/mediaextractor.policy'
09-13 17:01:19.533   515   515 W mediaextractor: libminijail[515]: failed to get path of fd 5: No such file or directory
09-13 17:01:19.533   515   515 W mediaextractor: libminijail[515]: allowing syscall: socket
09-13 17:01:19.533   515   515 W mediaextractor: libminijail[515]: allowing syscall: connect
09-13 17:01:19.533   515   515 W mediaextractor: libminijail[515]: allowing syscall: fcntl
09-13 17:01:19.533   515   515 W mediaextractor: libminijail[515]: allowing syscall: writev
09-13 17:01:19.533   515   515 W mediaextractor: libminijail[515]: compile_file: <fd>(48): syscall readlinkat redefined here
09-13 17:01:19.533   515   515 W mediaextractor: libminijail[515]: compile_file: <fd>(43): previous definition here
09-13 17:01:19.533   515   515 W mediaextractor: libminijail[515]: compile_file: <fd>(54): syscall gettid redefined here
09-13 17:01:19.533   515   515 W mediaextractor: libminijail[515]: compile_file: <fd>(51): previous definition here
09-13 17:01:19.533   515   515 W mediaextractor: libminijail[515]: compile_file: /apex/com.android.media/etc/seccomp_policy/crash_dump.x86_64.policy(1): syscall read redefined here
09-13 17:01:19.533   515   515 W mediaextractor: libminijail[515]: compile_file: <fd>(19): previous definition here
09-13 17:01:19.533   515   515 W mediaextractor: libminijail[515]: compile_file: /apex/com.android.media/etc/seccomp_policy/crash_dump.x86_64.policy(2): syscall write redefined here
09-13 17:01:19.533   515   515 W mediaextractor: libminijail[515]: compile_file: <fd>(6): previous definition here
09-13 17:01:19.533   515   515 W mediaextractor: libminijail[515]: compile_file: /apex/com.android.media/etc/seccomp_policy/crash_dump.x86_64.policy(3): syscall exit redefined here
09-13 17:01:19.533   515   515 W mediaextractor: libminijail[515]: compile_file: <fd>(29): previous definition here
09-13 17:01:19.533   515   515 W mediaextractor: libminijail[515]: compile_file: /apex/com.android.media/etc/seccomp_policy/crash_dump.x86_64.policy(4): syscall rt_sigreturn redefined here
09-13 17:01:19.533   515   515 W mediaextractor: libminijail[515]: compile_file: <fd>(31): previous definition here
09-13 17:01:19.533   515   515 W mediaextractor: libminijail[515]: compile_file: /apex/com.android.media/etc/seccomp_policy/crash_dump.x86_64.policy(5): syscall exit_group redefined here
09-13 17:01:19.533   515   515 W mediaextractor: libminijail[515]: compile_file: <fd>(30): previous definition here
09-13 17:01:19.533   515   515 W mediaextractor: libminijail[515]: compile_file: /apex/com.android.media/etc/seccomp_policy/crash_dump.x86_64.policy(6): syscall clock_gettime redefined here
09-13 17:01:19.533   515   515 W mediaextractor: libminijail[515]: compile_file: <fd>(15): previous definition here
09-13 17:01:19.533   515   515 W mediaextractor: libminijail[515]: compile_file: /apex/com.android.media/etc/seccomp_policy/crash_dump.x86_64.policy(8): syscall futex redefined here
09-13 17:01:19.533   515   515 W mediaextractor: libminijail[515]: compile_file: <fd>(4): previous definition here
09-13 17:01:19.533   515   515 W mediaextractor: libminijail[515]: compile_file: /apex/com.android.media/etc/seccomp_policy/crash_dump.x86_64.policy(9): syscall getrandom redefined here
09-13 17:01:19.533   515   515 W mediaextractor: libminijail[515]: compile_file: <fd>(36): previous definition here
09-13 17:01:19.533   515   515 W mediaextractor: libminijail[515]: compile_file: /apex/com.android.media/etc/seccomp_policy/crash_dump.x86_64.policy(10): syscall getpid redefined here
09-13 17:01:19.533   515   515 W mediaextractor: libminijail[515]: compile_file: <fd>(53): previous definition here
09-13 17:01:19.533   515   515 W mediaextractor: libminijail[515]: compile_file: /apex/com.android.media/etc/seccomp_policy/crash_dump.x86_64.policy(11): syscall gettid redefined here
09-13 17:01:19.533   515   515 W mediaextractor: libminijail[515]: compile_file: <fd>(51): previous definition here
09-13 17:01:19.533   515   515 W mediaextractor: libminijail[515]: compile_file: /apex/com.android.media/etc/seccomp_policy/crash_dump.x86_64.policy(14): syscall openat redefined here
09-13 17:01:19.533   515   515 W mediaextractor: libminijail[515]: compile_file: <fd>(13): previous definition here
09-13 17:01:19.533   515   515 W mediaextractor: libminijail[515]: compile_file: /apex/com.android.media/etc/seccomp_policy/crash_dump.x86_64.policy(15): syscall dup redefined here
09-13 17:01:19.533   515   515 W mediaextractor: libminijail[515]: compile_file: <fd>(9): previous definition here
09-13 17:01:19.533   515   515 W mediaextractor: libminijail[515]: compile_file: /apex/com.android.media/etc/seccomp_policy/crash_dump.x86_64.policy(16): syscall close redefined here
09-13 17:01:19.533   515   515 W mediaextractor: libminijail[515]: compile_file: <fd>(8): previous definition here
09-13 17:01:19.533   515   515 W mediaextractor: libminijail[515]: compile_file: /apex/com.android.media/etc/seccomp_policy/crash_dump.x86_64.policy(17): syscall lseek redefined here
09-13 17:01:19.533   515   515 W mediaextractor: libminijail[515]: compile_file: <fd>(20): previous definition here
09-13 17:01:19.533   515   515 W mediaextractor: libminijail[515]: compile_file: /apex/com.android.media/etc/seccomp_policy/crash_dump.x86_64.policy(18): syscall getdents64 redefined here
09-13 17:01:19.533   515   515 W mediaextractor: libminijail[515]: compile_file: <fd>(42): previous definition here
09-13 17:01:19.533   515   515 W mediaextractor: libminijail[515]: compile_file: /apex/com.android.media/etc/seccomp_policy/crash_dump.x86_64.policy(19): syscall faccessat redefined here
09-13 17:01:19.533   515   515 W mediaextractor: libminijail[515]: compile_file: <fd>(32): previous definition here
09-13 17:01:19.533   515   515 W mediaextractor: libminijail[515]: compile_file: /apex/com.android.media/etc/seccomp_policy/crash_dump.x86_64.policy(28): syscall prctl redefined here
09-13 17:01:19.533   515   515 W mediaextractor: libminijail[515]: compile_file: <fd>(5): previous definition here
09-13 17:01:19.533   515   515 W mediaextractor: libminijail[515]: compile_file: /apex/com.android.media/etc/seccomp_policy/crash_dump.x86_64.policy(29): syscall madvise redefined here
09-13 17:01:19.533   515   515 W mediaextractor: libminijail[515]: compile_file: <fd>(12): previous definition here
09-13 17:01:19.533   515   515 W mediaextractor: libminijail[515]: compile_file: /apex/com.android.media/etc/seccomp_policy/crash_dump.x86_64.policy(30): syscall mprotect redefined here
09-13 17:01:19.533   515   515 W mediaextractor: libminijail[515]: compile_file: <fd>(18): previous definition here
09-13 17:01:19.533   515   515 W mediaextractor: libminijail[515]: compile_file: /apex/com.android.media/etc/seccomp_policy/crash_dump.x86_64.policy(31): syscall munmap redefined here
09-13 17:01:19.533   515   515 W mediaextractor: libminijail[515]: compile_file: <fd>(10): previous definition here
09-13 17:01:19.533   515   515 W mediaextractor: libminijail[515]: compile_file: /apex/com.android.media/etc/seccomp_policy/crash_dump.x86_64.policy(32): syscall getuid redefined here
09-13 17:01:19.533   515   515 W mediaextractor: libminijail[515]: compile_file: <fd>(22): previous definition here
09-13 17:01:19.533   515   515 W mediaextractor: libminijail[515]: compile_file: /apex/com.android.media/etc/seccomp_policy/crash_dump.x86_64.policy(33): syscall fstat redefined here
09-13 17:01:19.533   515   515 W mediaextractor: libminijail[515]: compile_file: <fd>(25): previous definition here
09-13 17:01:19.533   515   515 W mediaextractor: libminijail[515]: compile_file: /apex/com.android.media/etc/seccomp_policy/crash_dump.x86_64.policy(34): syscall mmap redefined here
09-13 17:01:19.533   515   515 W mediaextractor: libminijail[515]: compile_file: <fd>(11): previous definition here
09-13 17:01:19.533   515   515 W mediaextractor: libminijail[515]: logging seccomp filter failures
09-13 17:01:19.535   528   528 D FingerprintHal: ----------------> fingerprint_open ----------------->
09-13 17:01:19.535   528   528 D FingerprintHal: ----------------> set_notify_callback ----------------->
09-13 17:01:19.535   528   528 D FingerprintHal: fingerprint callback notification set
09-13 17:01:19.569     0     0 I libprocessgroup: Successfully killed process cgroup uid 1000 pid 536 in 0ms
09-13 17:01:19.569     0     0 I init    : processing action (load_persist_props_action) from (/system/etc/init/logcatd.rc:29)
09-13 17:01:19.576     0     0 I init    : processing action (llk.enable=0) from (/system/etc/init/llkd.rc:12)
09-13 17:01:19.576     0     0 I init    : processing action (khungtask.enable=1) from (/system/etc/init/llkd.rc:18)
09-13 17:01:19.541   528   528 I HidlServiceManagement: Registered android.hardware.biometrics.fingerprint@2.1::IBiometricsFingerprint/default
09-13 17:01:19.541   528   528 I HidlServiceManagement: Removing namespace from process name android.hardware.biometrics.fingerprint@2.1-service to fingerprint@2.1-service.
09-13 17:01:19.577     0     0 I init    : processing action (llk.enable=0) from (/system/etc/init/llkd.rc:12)
09-13 17:01:19.577     0     0 I init    : processing action (khungtask.enable=0) from (/system/etc/init/llkd.rc:21)
09-13 17:01:19.578     0     0 I init    : processing action (vendor.qemu.adb.copykey=1) from (/system_ext/etc/init/init.system_ext.rc:4)
09-13 17:01:19.579     0     0 I init    : processing action (init.svc.media=*) from (/system/etc/init/mediaserver.rc:1)
09-13 17:01:19.579     0     0 I init    : processing action (khungtask.enable=true) from (/system/etc/init/llkd.rc:25)
09-13 17:01:19.580     0     0 I init    : processing action (khungtask.enable=false) from (/system/etc/init/llkd.rc:31)
09-13 17:01:19.549   528   540 D FingerprintHal: ----------------> listenerFunction ----------------->
09-13 17:01:19.550   490   537 D libEGL  : loaded /vendor/lib64/egl/libEGL_emulation.so
09-13 17:01:19.551   375   375 I zygote64: Core platform API reporting enabled, enforcing=false
09-13 17:01:19.554   490   537 D libEGL  : loaded /vendor/lib64/egl/libGLESv1_CM_emulation.so
09-13 17:01:19.555   490   537 D libEGL  : loaded /vendor/lib64/egl/libGLESv2_emulation.so
09-13 17:01:19.565   497   497 I perfetto:  probes_producer.cc:311 Connected to the service
09-13 17:01:19.584   490   537 D HostConnection: createUnique: call
09-13 17:01:19.597   490   537 D HostConnection: HostConnection::get() New Host Connection established 0x70bccc3618d0, tid 537
09-13 17:01:19.605   516   516 V MediaUtils: physMem: 4105072640
09-13 17:01:19.605   516   516 V MediaUtils: requested limit: 134217728
09-13 17:01:19.605   516   516 I libc    : malloc_limit: Allocation limit enabled, max size 134217728 bytes
09-13 17:01:19.700   382   398 V CanController: Attempting to bring interface up: {.name = "BCAN", .interfaceId = {.virtualif = {.ifname = "vcan0"}}, .bitrate = 0}
09-13 17:01:19.700   382   398 D CanController: Virtual interface vcan0 doesn't exist, creating...
09-13 17:01:19.703   382   398 I HidlServiceManagement: Registered android.hardware.automotive.can@1.0::ICanBus/BCAN
09-13 17:01:19.703   382   398 I HidlServiceManagement: Removing namespace from process name android.hardware.automotive.can@1.0-service to can@1.0-service.
09-13 17:01:19.703   415   415 I CanConfigurator: BCAN has been successfully configured!
09-13 17:01:19.703   415   415 I CanConfigurator: Configure CCAN
09-13 17:01:19.705   215   215 I servicemanager: Could not find android.hardware.health.IHealth/default in the VINTF manifest.
09-13 17:01:19.705   518   518 I storaged: Unable to get AIDL health service, trying HIDL...
09-13 17:01:19.708   382   543 V CanController: Reader thread started
09-13 17:01:19.717   518   518 I ServiceManager: Waiting for service 'package_native' on '/dev/binder'...
09-13 17:01:19.720   490   537 D HostConnection: HostComposition ext ANDROID_EMU_CHECKSUM_HELPER_v1 ANDROID_EMU_dma_v1 ANDROID_EMU_direct_mem ANDROID_EMU_host_composition_v1 ANDROID_EMU_host_composition_v2 ANDROID_EMU_vulkan ANDROID_EMU_deferred_vulkan_commands ANDROID_EMU_vulkan_null_optional_strings ANDROID_EMU_vulkan_create_resources_with_requirements ANDROID_EMU_YUV_Cache ANDROID_EMU_vulkan_ignored_handles ANDROID_EMU_has_shared_slots_host_memory_allocator ANDROID_EMU_vulkan_free_memory_sync ANDROID_EMU_vulkan_shader_float16_int8 ANDROID_EMU_vulkan_async_queue_submit ANDROID_EMU_vulkan_queue_submit_with_commands ANDROID_EMU_sync_buffer_data ANDROID_EMU_vulkan_async_qsri ANDROID_EMU_read_color_buffer_dma ANDROID_EMU_hwc_multi_configs GL_OES_EGL_image_external_essl3 GL_OES_vertex_array_object GL_KHR_texture_compression_astc_ldr ANDROID_EMU_host_side_tracing ANDROID_EMU_gles_max_version_3_1 
09-13 17:01:19.730   216   216 I hwservicemanager: getTransport: Cannot find entry android.hardware.configstore@1.0::ISurfaceFlingerConfigs/default in either framework or device VINTF manifest.
09-13 17:01:19.734   216   216 I hwservicemanager: getTransport: Cannot find entry android.hardware.graphics.mapper@4.0::IMapper/default in either framework or device VINTF manifest.
09-13 17:01:19.734   490   537 I Gralloc4: mapper 4.x is not supported
09-13 17:01:19.743   516   516 D AudioPowerUsage: AudioPowerUsage
09-13 17:01:19.748   516   516 D AudioAnalytics: AudioAnalytics
09-13 17:01:19.748   516   516 D MediaMetricsService: MediaMetricsService
09-13 17:01:19.841   414   414 I ServiceManager: Waiting for service 'media.metrics' on '/dev/binder' successful after waiting 593ms
09-13 17:01:19.843   414   414 I AudioFlinger: Using default 3000 mSec as standby time.
09-13 17:01:19.843   516   547 I ServiceManager: Waiting for service 'package_native' on '/dev/binder'...
09-13 17:01:19.844   515   515 I MediaExtractorFactory: plugin directory not present (/system/lib64/extractors)
09-13 17:01:19.845   515   515 I MediaExtractorFactory: plugin directory not present (/system_ext/lib64/extractors)
09-13 17:01:19.854   414   414 D APM_EngineLoader: Loaded engine from libaudiopolicyenginedefault.so
09-13 17:01:19.854   414   414 D APM::AudioPolicyEngine/Base: loadAudioPolicyEngineConfig: No configuration found, using default matching phone experience.
09-13 17:01:19.855   414   414 W APM::AudioPolicyEngine/Base: loadAudioPolicyEngineConfig: No configuration of AUDIO_STREAM_CALL_ASSISTANT found, using default volume configuration
09-13 17:01:19.862   380   459 D audio_hw_generic_caremu: adev_open Mixer name VirtIO SoundCard
09-13 17:01:19.863   380   459 D audio_hw_generic_caremu: mixer 0 name Mic Jack
09-13 17:01:19.863   380   459 D audio_hw_generic_caremu: mixer 1 name Speaker Jack
09-13 17:01:19.863   380   459 D audio_hw_generic_caremu: mixer 2 name Playback Channel Map
09-13 17:01:19.863   380   459 D audio_hw_generic_caremu: mixer 3 name Capture Channel Map
09-13 17:01:19.863   380   459 D audio_hw_generic_caremu: adev_get_master_mute: false
09-13 17:01:19.863   380   459 D audio_hw_generic_caremu: adev_set_master_mute: false
09-13 17:01:19.863   414   414 I AudioFlinger: loadHwModule() Loaded primary audio interface, handle 10
09-13 17:01:19.868   414   414 I AudioFlinger: openOutput() this 0x7f2bd324c010, module 10 Device AUDIO_DEVICE_OUT_BUS, @:bus0_media_out, SamplingRate 48000, Format 0x000001, Channels 0x3, flags 0x2
09-13 17:01:19.864   380   380 W HwBinder:380_2: type=1400 audit(0.0:6): avc: denied { read } for name="u:object_r:default_prop:s0" dev="tmpfs" ino=127 scontext=u:r:hal_audio_caremu:s0 tcontext=u:object_r:default_prop:s0 tclass=file permissive=0
09-13 17:01:19.870   380   459 W libc    : Access denied finding property "ro.aae.simulateMultiZoneAudio"
09-13 17:01:19.870   380   459 D audio_hw_generic_caremu: adev_open_output_stream bus: bus0_media_out
09-13 17:01:19.870   380   553 D audio_hw_generic_caremu: Out worker:bus0_media_out zone id 0
09-13 17:01:19.871   490   537 D HostConnection: createUnique: call
09-13 17:01:19.871   490   537 D HostConnection: HostConnection::get() New Host Connection established 0x70bccc360250, tid 537
09-13 17:01:19.871   490   537 D goldfish-address-space: allocate: Ask for block of size 0x100
09-13 17:01:19.871   490   537 D goldfish-address-space: allocate: ioctl allocate returned offset 0x3f3ffe000 size 0x2000
09-13 17:01:19.890   414   414 I AudioFlinger: HAL output buffer size 720 frames, normal sink buffer size 1152 frames
09-13 17:01:19.892   216   216 I hwservicemanager: getTransport: Cannot find entry android.hardware.graphics.allocator@4.0::IAllocator/default in either framework or device VINTF manifest.
09-13 17:01:19.892   215   215 I servicemanager: Could not find android.hardware.graphics.allocator.IAllocator/default in the VINTF manifest.
09-13 17:01:19.907   216   216 I hwservicemanager: getTransport: Cannot find entry android.hardware.audio.effect@7.1::IEffectsFactory/default in either framework or device VINTF manifest.
09-13 17:01:19.917   216   216 I hwservicemanager: getTransport: Cannot find entry android.hardware.audio.effect@7.0::IEffectsFactory/default in either framework or device VINTF manifest.
09-13 17:01:19.919   216   216 I hwservicemanager: getTransport: Cannot find entry android.hardware.audio@7.1::IDevicesFactory/default in either framework or device VINTF manifest.
09-13 17:01:19.922   216   216 I hwservicemanager: getTransport: Cannot find entry android.hardware.audio@7.0::IDevicesFactory/default in either framework or device VINTF manifest.
09-13 17:01:19.930   215   215 I servicemanager: Found android.hardware.radio.data.IRadioData/slot1 in device VINTF manifest.
09-13 17:01:19.930   215   215 I servicemanager: Found android.hardware.radio.messaging.IRadioMessaging/slot1 in device VINTF manifest.
09-13 17:01:19.930   215   215 I servicemanager: Found android.hardware.radio.modem.IRadioModem/slot1 in device VINTF manifest.
09-13 17:01:19.930   215   215 I servicemanager: Found android.hardware.radio.network.IRadioNetwork/slot1 in device VINTF manifest.
09-13 17:01:19.931   215   215 I servicemanager: Found android.hardware.radio.sim.IRadioSim/slot1 in device VINTF manifest.
09-13 17:01:19.931   215   215 I servicemanager: Found android.hardware.radio.voice.IRadioVoice/slot1 in device VINTF manifest.
09-13 17:01:19.931   215   215 I servicemanager: Found android.hardware.radio.config.IRadioConfig/default in device VINTF manifest.
09-13 17:01:19.940   490   537 W Gralloc4: allocator 4.x is not supported
09-13 17:01:19.949   414   414 I BufferProvider: found effect "Multichannel Downmix To Stereo" from The Android Open Source Project
09-13 17:01:19.950   393   457 D goldfish-address-space: claimShared: Ask to claim region [0x3f5704000 0x3f6de8000]
09-13 17:01:19.963   490   537 D HostConnection: HostComposition ext ANDROID_EMU_CHECKSUM_HELPER_v1 ANDROID_EMU_dma_v1 ANDROID_EMU_direct_mem ANDROID_EMU_host_composition_v1 ANDROID_EMU_host_composition_v2 ANDROID_EMU_vulkan ANDROID_EMU_deferred_vulkan_commands ANDROID_EMU_vulkan_null_optional_strings ANDROID_EMU_vulkan_create_resources_with_requirements ANDROID_EMU_YUV_Cache ANDROID_EMU_vulkan_ignored_handles ANDROID_EMU_has_shared_slots_host_memory_allocator ANDROID_EMU_vulkan_free_memory_sync ANDROID_EMU_vulkan_shader_float16_int8 ANDROID_EMU_vulkan_async_queue_submit ANDROID_EMU_vulkan_queue_submit_with_commands ANDROID_EMU_sync_buffer_data ANDROID_EMU_vulkan_async_qsri ANDROID_EMU_read_color_buffer_dma ANDROID_EMU_hwc_multi_configs GL_OES_EGL_image_external_essl3 GL_OES_vertex_array_object GL_KHR_texture_compression_astc_ldr ANDROID_EMU_host_side_tracing ANDROID_EMU_gles_max_version_3_1 
09-13 17:01:19.973   490   537 D EGL_emulation: eglCreateContext: 0x70bccc361990: maj 3 min 1 rcv 4
09-13 17:01:19.983   490   537 D EGL_emulation: eglMakeCurrent: 0x70bccc361990: ver 3 1 (tinfo 0x70bef81b7080) (first time)
09-13 17:01:19.989   492   560 I adbd    : host-14: write thread spawning
09-13 17:01:19.989   492   562 I adbd    : host-19: write thread spawning
09-13 17:01:19.993   492   559 I adbd    : host-14: read thread spawning
09-13 17:01:19.993   492   561 I adbd    : host-19: read thread spawning
09-13 17:01:19.993   492   492 I adbd    : host-19: already offline
09-13 17:01:19.993   492   492 I adbd    : authentication not required
09-13 17:01:20.001   414   414 D AudioFlinger: Failed to add event callback
09-13 17:01:20.002   414   414 E APM_AudioPolicyManager: invalid volume index range
09-13 17:01:20.002   414   414 E APM_AudioPolicyManager: invalid volume index range
09-13 17:01:20.002   414   414 E APM_AudioPolicyManager: invalid volume index range
09-13 17:01:20.002   414   414 V APM_AudioPolicyManager: checkAndSetVolume cannot set volume group 4 volume when is not requested for comm
09-13 17:01:20.002   414   414 E APM_AudioPolicyManager: invalid volume index range
09-13 17:01:20.002   414   414 E APM_AudioPolicyManager: invalid volume index range
09-13 17:01:20.002   414   414 E APM_AudioPolicyManager: invalid volume index range
09-13 17:01:20.002   414   414 E APM_AudioPolicyManager: invalid volume index range
09-13 17:01:20.003   414   414 E APM_AudioPolicyManager: invalid volume index range
09-13 17:01:20.003   414   414 E APM_AudioPolicyManager: invalid volume index range
09-13 17:01:20.003   414   414 E APM_AudioPolicyManager: invalid volume index range
09-13 17:01:20.003   414   414 E APM_AudioPolicyManager: invalid volume index range
09-13 17:01:20.003   414   414 W AudioFlinger: moveEffects() bad srcOutput 0
09-13 17:01:20.004   414   414 V APM_AudioPolicyManager: selectOutputForMusicEffects selected output 13
09-13 17:01:20.005   414   414 V APM_AudioPolicyManager: setOutputDevices device {AUDIO_DEVICE_OUT_BUS, @:bus0_media_out} delayMs 0
09-13 17:01:20.005   414   414 V APM_AudioPolicyManager: setOutputDevices() prevDevice {AUDIO_DEVICE_OUT_BUS, @:bus0_media_out}
09-13 17:01:20.006   414   414 V APM_AudioPolicyManager: setOutputDevices changing device to {AUDIO_DEVICE_OUT_BUS, @:bus0_media_out}
09-13 17:01:20.006   414   565 I AudioFlinger: AudioFlinger's thread 0x7f2d5633c9a0 tid=565 ready to run
09-13 17:01:20.007   414   565 W AudioFlinger: no wake lock to update, system not ready yet
09-13 17:01:20.007   414   565 D AudioFlinger: ro.audio.silent is ignored since no output device is set
09-13 17:01:20.010   517   517 I mediaserver: ServiceManager: 0x78e1c105d400
09-13 17:01:20.010   517   517 W BatteryNotifier: batterystats service unavailable!
09-13 17:01:20.010   517   517 W BatteryNotifier: batterystats service unavailable!
09-13 17:01:20.037   414   565 W AudioFlinger: no wake lock to update, system not ready yet
09-13 17:01:20.037   414   565 D AudioFlinger: ro.audio.silent is ignored since no output device is set
09-13 17:01:20.037   380   459 D audio_hw_generic_caremu: adev_create_audio_patch: source[0] type=2 address=
09-13 17:01:20.037   380   459 D audio_hw_generic_caremu: adev_create_audio_patch: sink[0] type=1 address=bus0_media_out
09-13 17:01:20.038   414   414 V APM_AudioPolicyManager: setOutputDevices() AF::createAudioPatch returned 0 patchHandle 12 num_sources 1 num_sinks 1
09-13 17:01:20.038   414   414 E APM_AudioPolicyManager: invalid volume index range
09-13 17:01:20.038   414   414 E APM_AudioPolicyManager: invalid volume index range
09-13 17:01:20.038   414   414 E APM_AudioPolicyManager: invalid volume index range
09-13 17:01:20.038   414   414 V APM_AudioPolicyManager: checkAndSetVolume cannot set volume group 4 volume when is not requested for comm
09-13 17:01:20.038   414   414 E APM_AudioPolicyManager: invalid volume index range
09-13 17:01:20.038   414   414 E APM_AudioPolicyManager: invalid volume index range
09-13 17:01:20.038   414   414 E APM_AudioPolicyManager: invalid volume index range
09-13 17:01:20.038   414   414 E APM_AudioPolicyManager: invalid volume index range
09-13 17:01:20.038   414   414 E APM_AudioPolicyManager: invalid volume index range
09-13 17:01:20.038   414   414 E APM_AudioPolicyManager: invalid volume index range
09-13 17:01:20.038   414   414 E APM_AudioPolicyManager: invalid volume index range
09-13 17:01:20.038   414   414 E APM_AudioPolicyManager: invalid volume index range
09-13 17:01:20.038   414   414 I AudioFlinger: openOutput() this 0x7f2bd324c010, module 10 Device AUDIO_DEVICE_OUT_BUS, @:bus1_navigation_out, SamplingRate 48000, Format 0x000001, Channels 0x3, flags 0
09-13 17:01:20.036   380   380 W HwBinder:380_2: type=1400 audit(0.0:7): avc: denied { read } for name="u:object_r:default_prop:s0" dev="tmpfs" ino=127 scontext=u:r:hal_audio_caremu:s0 tcontext=u:object_r:default_prop:s0 tclass=file permissive=0
09-13 17:01:20.040   380   459 W libc    : Access denied finding property "ro.aae.simulateMultiZoneAudio"
09-13 17:01:20.040   380   459 D audio_hw_generic_caremu: adev_open_output_stream bus: bus1_navigation_out
09-13 17:01:20.040   414   414 I AudioFlinger: HAL output buffer size 720 frames, normal sink buffer size 1152 frames
09-13 17:01:20.040   380   569 D audio_hw_generic_caremu: Out worker:bus1_navigation_out zone id 0
09-13 17:01:20.041   414   414 D AudioFlinger: Failed to add event callback
09-13 17:01:20.041   414   571 I AudioFlinger: AudioFlinger's thread 0x7f2d5606e9a0 tid=571 ready to run
09-13 17:01:20.041   414   571 W AudioFlinger: no wake lock to update, system not ready yet
09-13 17:01:20.041   414   571 D AudioFlinger: ro.audio.silent is ignored since no output device is set
09-13 17:01:20.041   414   414 E APM_AudioPolicyManager: invalid volume index range
09-13 17:01:20.041   414   414 E APM_AudioPolicyManager: invalid volume index range
09-13 17:01:20.041   414   414 E APM_AudioPolicyManager: invalid volume index range
09-13 17:01:20.041   414   414 V APM_AudioPolicyManager: checkAndSetVolume cannot set volume group 4 volume when is not requested for comm
09-13 17:01:20.041   414   414 E APM_AudioPolicyManager: invalid volume index range
09-13 17:01:20.041   414   414 E APM_AudioPolicyManager: invalid volume index range
09-13 17:01:20.041   414   414 E APM_AudioPolicyManager: invalid volume index range
09-13 17:01:20.041   414   414 E APM_AudioPolicyManager: invalid volume index range
09-13 17:01:20.041   414   571 W AudioFlinger: no wake lock to update, system not ready yet
09-13 17:01:20.041   414   571 D AudioFlinger: ro.audio.silent is ignored since no output device is set
09-13 17:01:20.041   414   414 E APM_AudioPolicyManager: invalid volume index range
09-13 17:01:20.041   414   414 E APM_AudioPolicyManager: invalid volume index range
09-13 17:01:20.041   414   414 E APM_AudioPolicyManager: invalid volume index range
09-13 17:01:20.041   414   414 E APM_AudioPolicyManager: invalid volume index range
09-13 17:01:20.042   414   414 V APM_AudioPolicyManager: selectOutputForMusicEffects selected output 13
09-13 17:01:20.042   414   414 V APM_AudioPolicyManager: setOutputDevices device {AUDIO_DEVICE_OUT_BUS, @:bus1_navigation_out} delayMs 0
09-13 17:01:20.042   414   414 V APM_AudioPolicyManager: setOutputDevices() prevDevice {AUDIO_DEVICE_OUT_BUS, @:bus1_navigation_out}
09-13 17:01:20.042   414   414 V APM_AudioPolicyManager: setOutputDevices changing device to {AUDIO_DEVICE_OUT_BUS, @:bus1_navigation_out}
09-13 17:01:20.083   380   458 D audio_hw_generic_caremu: adev_create_audio_patch: source[0] type=2 address=
09-13 17:01:20.083   380   458 D audio_hw_generic_caremu: adev_create_audio_patch: sink[0] type=1 address=bus1_navigation_out
09-13 17:01:20.084   414   414 V APM_AudioPolicyManager: setOutputDevices() AF::createAudioPatch returned 0 patchHandle 20 num_sources 1 num_sinks 1
09-13 17:01:20.084   414   414 E APM_AudioPolicyManager: invalid volume index range
09-13 17:01:20.084   414   414 E APM_AudioPolicyManager: invalid volume index range
09-13 17:01:20.084   414   414 E APM_AudioPolicyManager: invalid volume index range
09-13 17:01:20.084   414   414 V APM_AudioPolicyManager: checkAndSetVolume cannot set volume group 4 volume when is not requested for comm
09-13 17:01:20.084   414   414 E APM_AudioPolicyManager: invalid volume index range
09-13 17:01:20.084   414   414 E APM_AudioPolicyManager: invalid volume index range
09-13 17:01:20.084   414   414 E APM_AudioPolicyManager: invalid volume index range
09-13 17:01:20.084   414   414 E APM_AudioPolicyManager: invalid volume index range
09-13 17:01:20.084   414   414 E APM_AudioPolicyManager: invalid volume index range
09-13 17:01:20.084   414   414 E APM_AudioPolicyManager: invalid volume index range
09-13 17:01:20.084   414   414 E APM_AudioPolicyManager: invalid volume index range
09-13 17:01:20.084   414   414 E APM_AudioPolicyManager: invalid volume index range
09-13 17:01:20.084   414   414 I AudioFlinger: openOutput() this 0x7f2bd324c010, module 10 Device AUDIO_DEVICE_OUT_BUS, @:bus2_voice_command_out, SamplingRate 48000, Format 0x000001, Channels 0x3, flags 0
09-13 17:01:20.084   380   572 W libc    : Access denied finding property "ro.aae.simulateMultiZoneAudio"
09-13 17:01:20.084   380   572 D audio_hw_generic_caremu: adev_open_output_stream bus: bus2_voice_command_out
09-13 17:01:20.084   414   414 I AudioFlinger: HAL output buffer size 720 frames, normal sink buffer size 1152 frames
09-13 17:01:20.085   414   414 D AudioFlinger: Failed to add event callback
09-13 17:01:20.085   414   414 E APM_AudioPolicyManager: invalid volume index range
09-13 17:01:20.085   414   414 E APM_AudioPolicyManager: invalid volume index range
09-13 17:01:20.085   414   414 E APM_AudioPolicyManager: invalid volume index range
09-13 17:01:20.085   414   414 V APM_AudioPolicyManager: checkAndSetVolume cannot set volume group 4 volume when is not requested for comm
09-13 17:01:20.085   414   414 E APM_AudioPolicyManager: invalid volume index range
09-13 17:01:20.085   414   414 E APM_AudioPolicyManager: invalid volume index range
09-13 17:01:20.085   414   414 E APM_AudioPolicyManager: invalid volume index range
09-13 17:01:20.085   414   414 E APM_AudioPolicyManager: invalid volume index range
09-13 17:01:20.085   380   573 D audio_hw_generic_caremu: Out worker:bus2_voice_command_out zone id 0
09-13 17:01:20.085   414   575 I AudioFlinger: AudioFlinger's thread 0x7f2d55b969a0 tid=575 ready to run
09-13 17:01:20.085   414   575 W AudioFlinger: no wake lock to update, system not ready yet
09-13 17:01:20.085   414   575 D AudioFlinger: ro.audio.silent is ignored since no output device is set
09-13 17:01:20.080   380   380 W HwBinder:380_3: type=1400 audit(0.0:8): avc: denied { read } for name="u:object_r:default_prop:s0" dev="tmpfs" ino=127 scontext=u:r:hal_audio_caremu:s0 tcontext=u:object_r:default_prop:s0 tclass=file permissive=0
09-13 17:01:20.086   414   575 W AudioFlinger: no wake lock to update, system not ready yet
09-13 17:01:20.086   414   575 D AudioFlinger: ro.audio.silent is ignored since no output device is set
09-13 17:01:20.086   414   414 E APM_AudioPolicyManager: invalid volume index range
09-13 17:01:20.086   414   414 E APM_AudioPolicyManager: invalid volume index range
09-13 17:01:20.086   414   414 E APM_AudioPolicyManager: invalid volume index range
09-13 17:01:20.086   414   414 E APM_AudioPolicyManager: invalid volume index range
09-13 17:01:20.086   414   414 V APM_AudioPolicyManager: selectOutputForMusicEffects selected output 13
09-13 17:01:20.086   414   414 V APM_AudioPolicyManager: setOutputDevices device {AUDIO_DEVICE_OUT_BUS, @:bus2_voice_command_out} delayMs 0
09-13 17:01:20.086   414   414 V APM_AudioPolicyManager: setOutputDevices() prevDevice {AUDIO_DEVICE_OUT_BUS, @:bus2_voice_command_out}
09-13 17:01:20.086   414   414 V APM_AudioPolicyManager: setOutputDevices changing device to {AUDIO_DEVICE_OUT_BUS, @:bus2_voice_command_out}
09-13 17:01:20.117   380   572 D audio_hw_generic_caremu: adev_create_audio_patch: source[0] type=2 address=
09-13 17:01:20.117   380   572 D audio_hw_generic_caremu: adev_create_audio_patch: sink[0] type=1 address=bus2_voice_command_out
09-13 17:01:20.118   414   414 V APM_AudioPolicyManager: setOutputDevices() AF::createAudioPatch returned 0 patchHandle 28 num_sources 1 num_sinks 1
09-13 17:01:20.118   414   414 E APM_AudioPolicyManager: invalid volume index range
