09-13 17:01:18.678     0     0 I init    : Sending signal 9 to service 'exec 19 (/vendor/bin/modprobe -a -d /vendor/lib/modules mt76.ko mt76-usb.ko mt76x02-lib.ko mt76x02-usb.ko mt76x0-common.ko mt76x0u.ko mt76x2-common.ko mt76x2u.ko)' (pid 429) process group...
09-13 17:01:18.679     0     0 I libprocessgroup: Successfully killed process cgroup uid 0 pid 429 in 0ms
09-13 17:01:18.679     0     0 I init    : processing action (boot) from (/product/etc/init/usbip-service.rc:1)
09-13 17:01:18.679     0     0 I init    : processing action (enable_property_trigger) from (<Builtin Action>:0)
09-13 17:01:18.680     0     0 I init    : processing action (apexd.status=ready && ro.product.cpu.abilist64=*) from (/system/etc/init/hw/init.rc:96)
09-13 17:01:18.682     0     0 I init    : starting service 'boringssl_self_test_apex64'...
09-13 17:01:18.684     0     0 I init    : SVC_EXEC service 'boringssl_self_test_apex64' pid 430 (uid 0 gid 0+0 context default) started; waiting...
09-13 17:01:18.649   402   402 I android.hardware.power.stats@1.0-service-mock: power.stats service 1.0 mock is starting.
09-13 17:01:18.650   402   402 I HidlServiceManagement: Registered android.hardware.power.stats@1.0::IPowerStats/default
09-13 17:01:18.651   402   402 I HidlServiceManagement: Removing namespace from process name android.hardware.power.stats@1.0-service.mock to stats@1.0-service.mock.
09-13 17:01:18.651   402   402 I android.hardware.power.stats@1.0-service-mock: power.stats service is ready
09-13 17:01:18.653   403   403 I android.hardware.sensors@2.1-impl.ranchu: MultihalSensors:78: host sensors mask=7d6, available sensors mask=3d6
09-13 17:01:18.656   403   403 I HidlServiceManagement: Registered android.hardware.sensors@2.1::ISensors/default
09-13 17:01:18.656   403   403 I HidlServiceManagement: Removing namespace from process name android.hardware.sensors@2.1-service.multihal to sensors@2.1-service.multihal.
09-13 17:01:18.691     0     0 I init    : Service 'ranchu-setup' (pid 413) exited with status 0 oneshot service took 0.071000 seconds in background
09-13 17:01:18.692     0     0 I init    : Sending signal 9 to service 'ranchu-setup' (pid 413) process group...
09-13 17:01:18.692     0     0 I libprocessgroup: Successfully killed process cgroup uid 0 pid 413 in 0ms
09-13 17:01:18.674   390   390 I HidlServiceManagement: Registered android.hardware.drm@1.0::IDrmFactory/default
09-13 17:01:18.674   390   390 I HidlServiceManagement: Removing namespace from process name android.hardware.drm@1.0-service to drm@1.0-service.
09-13 17:01:18.674   390   390 I LegacySupport: Registration complete for android.hardware.drm@1.0::IDrmFactory/default.
09-13 17:01:18.675   237   237 I ServiceManager: Waiting for service 'android.hardware.automotive.vehicle.IVehicle/default' on '/dev/binder' successful after waiting 4824ms
09-13 17:01:18.676   241   422 D EmulatedVehicleHardware: Set value for property ID: 286265123
09-13 17:01:18.677   237   237 D carpowerpolicyd: Policy(system_power_policy_initial_on) is notified to VHAL
09-13 17:01:18.677   237   237 I carpowerpolicyd: The current power policy is system_power_policy_initial_on
09-13 17:01:18.677   237   237 D carpowerpolicyd: Policy(system_power_policy_initial_on) is applied as the initial one
09-13 17:01:18.677   241   247 E FakeVehicleHardware: failed to get value, error: value has not been set yet: NOT_AVAILABLE, code: 3
09-13 17:01:18.677   237   237 W carpowerpolicyd: Failed to get vehicle property(286265121) value, error: failed to get value for propId: 286265121, areaId: 0: status: NOT_AVAILABLE: NOT_AVAILABLE.
09-13 17:01:18.677   241   247 E FakeVehicleHardware: failed to get value, error: value has not been set yet: NOT_AVAILABLE, code: 3
09-13 17:01:18.677   237   237 W carpowerpolicyd: Failed to get vehicle property(286265122) value, error: failed to get value for propId: 286265122, areaId: 0: status: NOT_AVAILABLE: NOT_AVAILABLE.
09-13 17:01:18.677   237   237 I carpowerpolicyd: Connected to VHAL
09-13 17:01:18.694   223   223 I ServiceManager: Waiting for service 'android.hardware.automotive.vehicle.IVehicle/default' on '/dev/binder' successful after waiting 2211ms
09-13 17:01:18.695   215   215 I servicemanager: Found android.hardware.identity.IIdentityCredentialStore/default in device VINTF manifest.
09-13 17:01:18.697   415   415 I CanConfigurator: Configure BCAN
09-13 17:01:18.698   223   223 I carwatchdogd: Successfully connected to VHAL.
09-13 17:01:18.698   241   422 D EmulatedVehicleHardware: Set value for property ID: 290459441
09-13 17:01:18.705   392   392 I HidlServiceManagement: Registered android.hardware.gatekeeper@1.0::IGatekeeper/default
09-13 17:01:18.705   392   392 I HidlServiceManagement: Removing namespace from process name android.hardware.gatekeeper@1.0-service.software to gatekeeper@1.0-service.software.
09-13 17:01:18.705   390   390 I HidlServiceManagement: Registered android.hardware.drm@1.0::ICryptoFactory/default
09-13 17:01:18.705   390   390 I HidlServiceManagement: Removing namespace from process name android.hardware.drm@1.0-service to drm@1.0-service.
09-13 17:01:18.705   390   390 I LegacySupport: Registration complete for android.hardware.drm@1.0::ICryptoFactory/default.
09-13 17:01:18.706   391   391 I HidlServiceManagement: Registered android.hardware.drm@1.4::IDrmFactory/clearkey
09-13 17:01:18.706   391   391 I HidlServiceManagement: Removing namespace from process name android.hardware.drm@1.4-service.clearkey to drm@1.4-service.clearkey.
09-13 17:01:18.706   391   391 I HidlServiceManagement: Registered android.hardware.drm@1.4::ICryptoFactory/clearkey
09-13 17:01:18.706   391   391 I HidlServiceManagement: Removing namespace from process name android.hardware.drm@1.4-service.clearkey to drm@1.4-service.clearkey.
09-13 17:01:18.706   223   223 I carwatchdogd: Fetched AIDL VHAL PID 241
09-13 17:01:18.728   424   424 I gsid    : no DSU: No such file or directory
09-13 17:01:18.782     0     0 I init    : Service 'exec 16 (/system/bin/gsid run-startup-tasks)' (pid 424) exited with status 0 oneshot service took 0.130000 seconds in background
09-13 17:01:18.782     0     0 I init    : Sending signal 9 to service 'exec 16 (/system/bin/gsid run-startup-tasks)' (pid 424) process group...
09-13 17:01:18.783     0     0 I libprocessgroup: Successfully killed process cgroup uid 0 pid 424 in 0ms
09-13 17:01:18.754   394   394 D RanchuHwc: isMinigbmFromProperty: Is not using minigbm, in goldfish mode.
09-13 17:01:18.755   394   394 D HostConnection: createUnique: call
09-13 17:01:18.755   394   394 D HostConnection: HostConnection::get() New Host Connection established 0x72f45611fbd0, tid 394
09-13 17:01:18.791   407   407 I android.hardware.wifi@1.0-service: Wifi Hal is booting up...
09-13 17:01:18.807   394   394 D HostConnection: HostComposition ext ANDROID_EMU_CHECKSUM_HELPER_v1 ANDROID_EMU_dma_v1 ANDROID_EMU_direct_mem ANDROID_EMU_host_composition_v1 ANDROID_EMU_host_composition_v2 ANDROID_EMU_vulkan ANDROID_EMU_deferred_vulkan_commands ANDROID_EMU_vulkan_null_optional_strings ANDROID_EMU_vulkan_create_resources_with_requirements ANDROID_EMU_YUV_Cache ANDROID_EMU_vulkan_ignored_handles ANDROID_EMU_has_shared_slots_host_memory_allocator ANDROID_EMU_vulkan_free_memory_sync ANDROID_EMU_vulkan_shader_float16_int8 ANDROID_EMU_vulkan_async_queue_submit ANDROID_EMU_vulkan_queue_submit_with_commands ANDROID_EMU_sync_buffer_data ANDROID_EMU_vulkan_async_qsri ANDROID_EMU_read_color_buffer_dma ANDROID_EMU_hwc_multi_configs GL_OES_EGL_image_external_essl3 GL_OES_vertex_array_object GL_KHR_texture_compression_astc_ldr ANDROID_EMU_host_side_tracing ANDROID_EMU_gles_max_version_3_1 
09-13 17:01:18.807   394   394 D RanchuHwc: init initializing display:0 with config: w:3000 h:2000 dpi-x:240 dpi-y:240 vsync:60.000002 config-group:0
09-13 17:01:18.810   416   416 I credstore: Registered binder service
09-13 17:01:18.811   216   216 I hwservicemanager: getTransport: Cannot find entry android.hardware.graphics.mapper@4.0::IMapper/default in either framework or device VINTF manifest.
09-13 17:01:18.812   394   394 I Gralloc4: mapper 4.x is not supported
09-13 17:01:18.812   394   394 D HostConnection: createUnique: call
09-13 17:01:18.812   394   394 D HostConnection: HostConnection::get() New Host Connection established 0x72f45611f090, tid 394
09-13 17:01:18.812   394   394 D goldfish-address-space: allocate: Ask for block of size 0x100
09-13 17:01:18.812   394   394 D goldfish-address-space: allocate: ioctl allocate returned offset 0x3ffffe000 size 0x2000
09-13 17:01:18.827   216   216 I hwservicemanager: getTransport: Cannot find entry android.hardware.graphics.allocator@4.0::IAllocator/default in either framework or device VINTF manifest.
09-13 17:01:18.827   215   215 I servicemanager: Could not find android.hardware.graphics.allocator.IAllocator/default in the VINTF manifest.
09-13 17:01:18.827   394   394 W Gralloc4: allocator 4.x is not supported
09-13 17:01:18.828   386   386 I android.hardware.pixel.camera.provider@2.7-service: Google camera provider service is starting.
09-13 17:01:18.828   386   386 I android.hardware.pixel.camera.provider@2.7-service: Not using ApexUpdateListener since not running in an apex.
09-13 17:01:18.829   386   386 I GCH_CameraProvider: CreateHwl:Loading libgooglecamerahwl_impl.so library
09-13 17:01:18.829   216   216 I hwservicemanager: Since android.hardware.graphics.allocator@3.0::IAllocator/default is not registered, trying to start it as a lazy HAL.
09-13 17:01:18.829   216   216 I hwservicemanager: Since android.hardware.graphics.allocator@3.0::IAllocator/default is not registered, trying to start it as a lazy HAL.
09-13 17:01:18.829   394   394 I HidlServiceManagement: getService: Trying again for android.hardware.graphics.allocator@3.0::IAllocator/default...
09-13 17:01:18.829   407   407 I HidlServiceManagement: Registered android.hardware.wifi@1.6::IWifi/default
09-13 17:01:18.829   407   407 I HidlServiceManagement: Removing namespace from process name android.hardware.wifi@1.0-service to wifi@1.0-service.
09-13 17:01:18.832   393   393 D HostConnection: createUnique: call
09-13 17:01:18.832   393   393 D HostConnection: HostConnection::get() New Host Connection established 0x751af6ecc310, tid 393
09-13 17:01:18.833   393   393 I HidlServiceManagement: Registered android.hardware.graphics.allocator@3.0::IAllocator/default
09-13 17:01:18.833   393   393 I HidlServiceManagement: Removing namespace from process name android.hardware.graphics.allocator@3.0-service to allocator@3.0-service.
09-13 17:01:18.833   393   393 I android.hardware.graphics.allocator@3.0-service: graphics IAllocator@3.0 service is initialized
09-13 17:01:18.865     0     0 I init    : service 'vendor.gralloc-3-0' requested start, but it is already running (flags: 4)
09-13 17:01:18.865     0     0 I init    : Control message: Processed ctl.interface_start for 'android.hardware.graphics.allocator@3.0::IAllocator/default' from pid: 216 (/system/bin/hwservicemanager)
09-13 17:01:18.833   216   216 I hw-BpHwBinder: onLastStrongRef automatically unlinking death recipients
09-13 17:01:18.840   393   452 D HostConnection: HostComposition ext ANDROID_EMU_CHECKSUM_HELPER_v1 ANDROID_EMU_dma_v1 ANDROID_EMU_direct_mem ANDROID_EMU_host_composition_v1 ANDROID_EMU_host_composition_v2 ANDROID_EMU_vulkan ANDROID_EMU_deferred_vulkan_commands ANDROID_EMU_vulkan_null_optional_strings ANDROID_EMU_vulkan_create_resources_with_requirements ANDROID_EMU_YUV_Cache ANDROID_EMU_vulkan_ignored_handles ANDROID_EMU_has_shared_slots_host_memory_allocator ANDROID_EMU_vulkan_free_memory_sync ANDROID_EMU_vulkan_shader_float16_int8 ANDROID_EMU_vulkan_async_queue_submit ANDROID_EMU_vulkan_queue_submit_with_commands ANDROID_EMU_sync_buffer_data ANDROID_EMU_vulkan_async_qsri ANDROID_EMU_read_color_buffer_dma ANDROID_EMU_hwc_multi_configs GL_OES_EGL_image_external_essl3 GL_OES_vertex_array_object GL_KHR_texture_compression_astc_ldr ANDROID_EMU_host_side_tracing ANDROID_EMU_gles_max_version_3_1 
09-13 17:01:18.840   393   452 D goldfish-address-space: claimShared: Ask to claim region [0x3fc000000 0x3fd6e4000]
09-13 17:01:18.841   401   401 I HidlServiceManagement: Registered android.hardware.neuralnetworks@1.3::IDevice/nnapi-sample_float_fast
09-13 17:01:18.841   401   401 I HidlServiceManagement: Removing namespace from process name android.hardware.neuralnetworks@1.3-service-sample-limited to neuralnetworks@1.3-service-sample-limited.
09-13 17:01:18.847   401   401 I HidlServiceManagement: Registered android.hardware.neuralnetworks@1.3::IDevice/nnapi-sample_float_slow
09-13 17:01:18.847   401   401 I HidlServiceManagement: Removing namespace from process name android.hardware.neuralnetworks@1.3-service-sample-limited to neuralnetworks@1.3-service-sample-limited.
09-13 17:01:18.854   394   394 D HostConnection: HostComposition ext ANDROID_EMU_CHECKSUM_HELPER_v1 ANDROID_EMU_dma_v1 ANDROID_EMU_direct_mem ANDROID_EMU_host_composition_v1 ANDROID_EMU_host_composition_v2 ANDROID_EMU_vulkan ANDROID_EMU_deferred_vulkan_commands ANDROID_EMU_vulkan_null_optional_strings ANDROID_EMU_vulkan_create_resources_with_requirements ANDROID_EMU_YUV_Cache ANDROID_EMU_vulkan_ignored_handles ANDROID_EMU_has_shared_slots_host_memory_allocator ANDROID_EMU_vulkan_free_memory_sync ANDROID_EMU_vulkan_shader_float16_int8 ANDROID_EMU_vulkan_async_queue_submit ANDROID_EMU_vulkan_queue_submit_with_commands ANDROID_EMU_sync_buffer_data ANDROID_EMU_vulkan_async_qsri ANDROID_EMU_read_color_buffer_dma ANDROID_EMU_hwc_multi_configs GL_OES_EGL_image_external_essl3 GL_OES_vertex_array_object GL_KHR_texture_compression_astc_ldr ANDROID_EMU_host_side_tracing ANDROID_EMU_gles_max_version_3_1 
09-13 17:01:18.854   393   452 D goldfish-address-space: claimShared: Ask to claim region [0x3fd6e4000 0x3fedc8000]
09-13 17:01:18.857   401   401 I HidlServiceManagement: Registered android.hardware.neuralnetworks@1.3::IDevice/nnapi-sample_minimal
09-13 17:01:18.857   401   401 I HidlServiceManagement: Removing namespace from process name android.hardware.neuralnetworks@1.3-service-sample-limited to neuralnetworks@1.3-service-sample-limited.
09-13 17:01:18.857   401   401 I HidlServiceManagement: Registered android.hardware.neuralnetworks@1.3::IDevice/nnapi-sample_quant
09-13 17:01:18.857   401   401 I HidlServiceManagement: Removing namespace from process name android.hardware.neuralnetworks@1.3-service-sample-limited to neuralnetworks@1.3-service-sample-limited.
09-13 17:01:18.860   397   397 I HidlServiceManagement: Registered android.hardware.neuralnetworks@1.3::IDevice/nnapi-sample_all
09-13 17:01:18.860   397   397 I HidlServiceManagement: Removing namespace from process name android.hardware.neuralnetworks@1.3-service-sample-all to neuralnetworks@1.3-service-sample-all.
09-13 17:01:18.860   380   380 I audiohalservice: AudioControl start audio HAL.
09-13 17:01:18.861   393   393 D goldfish-address-space: claimShared: Ask to claim region [0x3f8000000 0x3f96e4000]
09-13 17:01:18.868   394   394 E RanchuHwc: GetFunction: Unknown function descriptor: 44
09-13 17:01:18.868   394   394 E RanchuHwc: GetFunction: Unknown function descriptor: 45
09-13 17:01:18.868   394   394 E RanchuHwc: GetFunction: Unknown function descriptor: 46
09-13 17:01:18.868   394   394 E RanchuHwc: GetFunction: Unknown function descriptor: 47
09-13 17:01:18.868   394   394 E RanchuHwc: GetFunction: Unknown function descriptor: 48
09-13 17:01:18.868   394   394 E RanchuHwc: GetFunction: Unknown function descriptor: 49
09-13 17:01:18.868   394   394 E RanchuHwc: GetFunction: Unknown function descriptor: 50
09-13 17:01:18.868   394   394 E RanchuHwc: GetFunction: Unknown function descriptor: 51
09-13 17:01:18.868   394   394 E RanchuHwc: GetFunction: Unknown function descriptor: 52
09-13 17:01:18.868   394   394 E RanchuHwc: GetFunction: Unknown function descriptor: 55
09-13 17:01:18.868   394   394 E RanchuHwc: GetFunction: Unknown function descriptor: 56
09-13 17:01:18.868   394   394 E RanchuHwc: GetFunction: Unknown function descriptor: 57
09-13 17:01:18.868   394   394 E RanchuHwc: GetFunction: Unknown function descriptor: 58
09-13 17:01:18.868   394   394 E RanchuHwc: GetFunction: Unknown function descriptor: 59
09-13 17:01:18.868   394   394 E RanchuHwc: GetFunction: Unknown function descriptor: 68
09-13 17:01:18.868   394   394 E RanchuHwc: GetFunction: Unknown function descriptor: 69
09-13 17:01:18.868   394   394 E RanchuHwc: GetFunction: Unknown function descriptor: 70
09-13 17:01:18.904     0     0 I init    : service 'vendor.gralloc-3-0' requested start, but it is already running (flags: 4)
09-13 17:01:18.904     0     0 I init    : Control message: Processed ctl.interface_start for 'android.hardware.graphics.allocator@3.0::IAllocator/default' from pid: 216 (/system/bin/hwservicemanager)
09-13 17:01:18.871   394   394 I HidlServiceManagement: Registered android.hardware.graphics.composer@2.4::IComposer/default
09-13 17:01:18.871   394   394 I HidlServiceManagement: Removing namespace from process name android.hardware.graphics.composer@2.4-service to composer@2.4-service.
09-13 17:01:18.876   374   374 I netdClient: Skipping libnetd_client init since *we* are netd
09-13 17:01:18.891   380   380 I HidlServiceManagement: Registered android.hardware.audio@6.0::IDevicesFactory/default
09-13 17:01:18.891   380   380 I HidlServiceManagement: Removing namespace from process name android.hardware.audio.service-caremu to audio.service-caremu.
09-13 17:01:18.891   380   380 I LegacySupport: Registration complete for android.hardware.audio@6.0::IDevicesFactory/default.
09-13 17:01:18.916   396   396 D android.hardware.media.c2@1.0-service-goldfish: Goldfish C2 Service starting...
09-13 17:01:18.917   396   396 W android.hardware.media.c2@1.0-service-goldfish: Could not read additional policy file '/vendor/etc/seccomp_policy/codec2.vendor.ext.policy'
09-13 17:01:18.917   396   396 W android.hardware.media.c2@1.0-service-goldfish: libminijail[396]: failed to get path of fd 5: No such file or directory
09-13 17:01:18.917   396   396 W android.hardware.media.c2@1.0-service-goldfish: libminijail[396]: allowing syscall: socket
09-13 17:01:18.917   396   396 W android.hardware.media.c2@1.0-service-goldfish: libminijail[396]: allowing syscall: connect
09-13 17:01:18.917   396   396 W android.hardware.media.c2@1.0-service-goldfish: libminijail[396]: allowing syscall: fcntl
09-13 17:01:18.917   396   396 W android.hardware.media.c2@1.0-service-goldfish: libminijail[396]: allowing syscall: writev
09-13 17:01:18.917   396   396 W android.hardware.media.c2@1.0-service-goldfish: libminijail[396]: compile_file: <fd>(20): nonexistent syscall 'getuid32'
09-13 17:01:18.917   396   396 W android.hardware.media.c2@1.0-service-goldfish: libminijail[396]: compile_file: <fd>(26): nonexistent syscall 'mmap2'
09-13 17:01:18.917   396   396 W android.hardware.media.c2@1.0-service-goldfish: libminijail[396]: compile_file: <fd>(28): nonexistent syscall 'fstat64'
09-13 17:01:18.917   396   396 W android.hardware.media.c2@1.0-service-goldfish: libminijail[396]: compile_file: <fd>(30): nonexistent syscall 'stat64'
09-13 17:01:18.917   396   396 W android.hardware.media.c2@1.0-service-goldfish: libminijail[396]: compile_file: <fd>(31): nonexistent syscall 'statfs64'
09-13 17:01:18.918   396   396 W android.hardware.media.c2@1.0-service-goldfish: libminijail[396]: compile_file: <fd>(33): nonexistent syscall 'fstatat64'
09-13 17:01:18.918   396   396 W android.hardware.media.c2@1.0-service-goldfish: libminijail[396]: compile_file: <fd>(38): nonexistent syscall '_llseek'
09-13 17:01:18.918   396   396 W android.hardware.media.c2@1.0-service-goldfish: libminijail[396]: compile_file: <fd>(47): nonexistent syscall 'ugetrlimit'
09-13 17:01:18.918   396   396 W android.hardware.media.c2@1.0-service-goldfish: libminijail[396]: compile_file: <fd>(50): nonexistent syscall '_llseek'
09-13 17:01:18.918   396   396 W android.hardware.media.c2@1.0-service-goldfish: libminijail[396]: compile_file: <fd>(51): nonexistent syscall 'fstatfs64'
09-13 17:01:18.918   396   396 W android.hardware.media.c2@1.0-service-goldfish: libminijail[396]: compile_file: <fd>(63): nonexistent syscall 'ftruncate64'
09-13 17:01:18.918   396   396 W android.hardware.media.c2@1.0-service-goldfish: libminijail[396]: compile_file: <fd>(69): syscall gettid redefined here
09-13 17:01:18.918   396   396 W android.hardware.media.c2@1.0-service-goldfish: libminijail[396]: compile_file: <fd>(66): previous definition here
09-13 17:01:18.919   396   396 W android.hardware.media.c2@1.0-service-goldfish: libminijail[396]: compile_file: /system/etc/seccomp_policy/crash_dump.x86.policy(1): syscall read redefined here
09-13 17:01:18.919   396   396 W android.hardware.media.c2@1.0-service-goldfish: libminijail[396]: compile_file: <fd>(15): previous definition here
09-13 17:01:18.919   396   396 W android.hardware.media.c2@1.0-service-goldfish: libminijail[396]: compile_file: /system/etc/seccomp_policy/crash_dump.x86.policy(2): syscall write redefined here
09-13 17:01:18.919   396   396 W android.hardware.media.c2@1.0-service-goldfish: libminijail[396]: compile_file: <fd>(57): previous definition here
09-13 17:01:18.919   396   396 W android.hardware.media.c2@1.0-service-goldfish: libminijail[396]: compile_file: /system/etc/seccomp_policy/crash_dump.x86.policy(3): syscall exit redefined here
09-13 17:01:18.919   396   396 W android.hardware.media.c2@1.0-service-goldfish: libminijail[396]: compile_file: <fd>(44): previous definition here
09-13 17:01:18.919   396   396 W android.hardware.media.c2@1.0-service-goldfish: libminijail[396]: compile_file: /system/etc/seccomp_policy/crash_dump.x86.policy(4): syscall rt_sigreturn redefined here
09-13 17:01:18.919   396   396 W android.hardware.media.c2@1.0-service-goldfish: libminijail[396]: compile_file: <fd>(46): previous definition here
09-13 17:01:18.919   396   396 W android.hardware.media.c2@1.0-service-goldfish: libminijail[396]: compile_file: /system/etc/seccomp_policy/crash_dump.x86.policy(5): nonexistent syscall 'sigreturn'
09-13 17:01:18.919   396   396 W android.hardware.media.c2@1.0-service-goldfish: libminijail[396]: compile_file: /system/etc/seccomp_policy/crash_dump.x86.policy(6): syscall exit_group redefined here
09-13 17:01:18.921   396   396 W android.hardware.media.c2@1.0-service-goldfish: libminijail[396]: compile_file: <fd>(45): previous definition here
09-13 17:01:18.921   396   396 W android.hardware.media.c2@1.0-service-goldfish: libminijail[396]: compile_file: /system/etc/seccomp_policy/crash_dump.x86.policy(9): syscall futex redefined here
09-13 17:01:18.921   396   396 W android.hardware.media.c2@1.0-service-goldfish: libminijail[396]: compile_file: <fd>(35): previous definition here
09-13 17:01:18.921   396   396 W android.hardware.media.c2@1.0-service-goldfish: libminijail[396]: compile_file: /system/etc/seccomp_policy/crash_dump.x86.policy(11): syscall getpid redefined here
09-13 17:01:18.921   396   396 W android.hardware.media.c2@1.0-service-goldfish: libminijail[396]: compile_file: <fd>(68): previous definition here
09-13 17:01:18.922   396   396 W android.hardware.media.c2@1.0-service-goldfish: libminijail[396]: compile_file: /system/etc/seccomp_policy/crash_dump.x86.policy(12): syscall gettid redefined here
09-13 17:01:18.922   396   396 W android.hardware.media.c2@1.0-service-goldfish: libminijail[396]: compile_file: <fd>(66): previous definition here
09-13 17:01:18.923   396   396 W android.hardware.media.c2@1.0-service-goldfish: libminijail[396]: compile_file: /system/etc/seccomp_policy/crash_dump.x86.policy(15): syscall openat redefined here
09-13 17:01:18.930   396   396 W android.hardware.media.c2@1.0-service-goldfish: libminijail[396]: compile_file: <fd>(18): previous definition here
09-13 17:01:18.930   396   396 W android.hardware.media.c2@1.0-service-goldfish: libminijail[396]: compile_file: /system/etc/seccomp_policy/crash_dump.x86.policy(16): syscall dup redefined here
09-13 17:01:18.930   396   396 W android.hardware.media.c2@1.0-service-goldfish: libminijail[396]: compile_file: <fd>(55): previous definition here
09-13 17:01:18.930   396   396 W android.hardware.media.c2@1.0-service-goldfish: libminijail[396]: compile_file: /system/etc/seccomp_policy/crash_dump.x86.policy(17): syscall close redefined here
09-13 17:01:18.930   396   396 W android.hardware.media.c2@1.0-service-goldfish: libminijail[396]: compile_file: <fd>(25): previous definition here
09-13 17:01:18.930   396   396 W android.hardware.media.c2@1.0-service-goldfish: libminijail[396]: compile_file: /system/etc/seccomp_policy/crash_dump.x86.policy(18): syscall lseek redefined here
09-13 17:01:18.930   396   396 W android.hardware.media.c2@1.0-service-goldfish: libminijail[396]: compile_file: <fd>(39): previous definition here
09-13 17:01:18.930   396   396 W android.hardware.media.c2@1.0-service-goldfish: libminijail[396]: compile_file: /system/etc/seccomp_policy/crash_dump.x86.policy(20): syscall faccessat redefined here
09-13 17:01:18.930   396   396 W android.hardware.media.c2@1.0-service-goldfish: libminijail[396]: compile_file: <fd>(37): previous definition here
09-13 17:01:18.930   396   396 W android.hardware.media.c2@1.0-service-goldfish: libminijail[396]: compile_file: /system/etc/seccomp_policy/crash_dump.x86.policy(29): syscall prctl redefined here
09-13 17:01:18.930   396   396 W android.hardware.media.c2@1.0-service-goldfish: libminijail[396]: compile_file: <fd>(17): previous definition here
09-13 17:01:18.930   396   396 W android.hardware.media.c2@1.0-service-goldfish: libminijail[396]: compile_file: /system/etc/seccomp_policy/crash_dump.x86.policy(30): syscall madvise redefined here
09-13 17:01:18.930   396   396 W android.hardware.media.c2@1.0-service-goldfish: libminijail[396]: compile_file: <fd>(32): previous definition here
09-13 17:01:18.930   396   396 W android.hardware.media.c2@1.0-service-goldfish: libminijail[396]: compile_file: /system/etc/seccomp_policy/crash_dump.x86.policy(31): syscall mprotect redefined here
09-13 17:01:18.930   396   396 W android.hardware.media.c2@1.0-service-goldfish: libminijail[396]: compile_file: <fd>(16): previous definition here
09-13 17:01:18.930   396   396 W android.hardware.media.c2@1.0-service-goldfish: libminijail[396]: compile_file: /system/etc/seccomp_policy/crash_dump.x86.policy(32): syscall munmap redefined here
09-13 17:01:18.930   396   396 W android.hardware.media.c2@1.0-service-goldfish: libminijail[396]: compile_file: <fd>(36): previous definition here
09-13 17:01:18.930   396   396 W android.hardware.media.c2@1.0-service-goldfish: libminijail[396]: compile_file: /system/etc/seccomp_policy/crash_dump.x86.policy(33): nonexistent syscall 'getuid32'
09-13 17:01:18.930   396   396 W android.hardware.media.c2@1.0-service-goldfish: libminijail[396]: compile_file: /system/etc/seccomp_policy/crash_dump.x86.policy(34): nonexistent syscall 'fstat64'
09-13 17:01:18.930   396   396 W android.hardware.media.c2@1.0-service-goldfish: libminijail[396]: compile_file: /system/etc/seccomp_policy/crash_dump.x86.policy(35): nonexistent syscall 'mmap2'
09-13 17:01:18.930   396   396 W android.hardware.media.c2@1.0-service-goldfish: libminijail[396]: compile_file: /system/etc/seccomp_policy/crash_dump.x86.policy(36): nonexistent syscall 'geteuid32'
09-13 17:01:18.930   396   396 W android.hardware.media.c2@1.0-service-goldfish: libminijail[396]: compile_file: /system/etc/seccomp_policy/crash_dump.x86.policy(37): nonexistent syscall 'getgid32'
09-13 17:01:18.930   396   396 W android.hardware.media.c2@1.0-service-goldfish: libminijail[396]: compile_file: /system/etc/seccomp_policy/crash_dump.x86.policy(38): nonexistent syscall 'getegid32'
09-13 17:01:18.930   396   396 W android.hardware.media.c2@1.0-service-goldfish: libminijail[396]: compile_file: /system/etc/seccomp_policy/crash_dump.x86.policy(39): nonexistent syscall 'getgroups32'
09-13 17:01:18.930   396   396 W android.hardware.media.c2@1.0-service-goldfish: libminijail[396]: logging seccomp filter failures
09-13 17:01:18.931   396   396 D android.hardware.media.c2@1.0-service-goldfish: Instantiating Codec2's Goldfish IComponentStore service...
09-13 17:01:18.931   396   396 I GoldfishComponentStore: Create()
09-13 17:01:18.931   396   396 W GoldfishComponentStore: created goldfish store 0x794e6e0869b0 reflector of param 0x794e4e08b258
09-13 17:01:18.931   396   396 D GoldfishComponentStore: useAndroidGoldfishComponentInstance 253 found prop ro.boot.qemu.hwcodec.vpxdec val 2
09-13 17:01:18.931   396   396 D GoldfishComponentStore: useAndroidGoldfishComponentInstance 253 found prop ro.boot.qemu.hwcodec.avcdec val 2
09-13 17:01:18.931   396   396 D GoldfishComponentStore: useAndroidGoldfishComponentInstance 253 found prop ro.boot.qemu.hwcodec.hevcdec val 2
09-13 17:01:18.932   374   374 I netd    : netd 1.0 starting
09-13 17:01:18.934   396   396 I HidlServiceManagement: Registered android.hardware.media.c2@1.0::IComponentStore/default
09-13 17:01:18.934   396   396 I HidlServiceManagement: Removing namespace from process name android.hardware.media.c2@1.0-service-goldfish to c2@1.0-service-goldfish.
09-13 17:01:18.934   396   396 I android.hardware.media.c2@1.0-service-goldfish: Codec2's IComponentStore service created.
09-13 17:01:18.936   374   374 I netd    : Pid file removed
09-13 17:01:18.936   374   374 I netd    : SIGPIPE is blocked
09-13 17:01:18.936   374   374 I netd    : setCloseOnExec(dnsproxyd)
09-13 17:01:18.936   374   374 I netd    : setCloseOnExec(fwmarkd)
09-13 17:01:18.936   374   374 I netd    : setCloseOnExec(mdns)
09-13 17:01:18.936   374   374 I NetdUpdatable: libnetd_updatable_init: Initializing
09-13 17:01:18.936   374   374 I BpfHandler: BPF programs are loaded
09-13 17:01:18.937   374   374 I netd    : libnetd_updatable_init success
09-13 17:01:18.937   374   374 I netd    : NetlinkManager instanced
09-13 17:01:18.937   374   374 I netd    : enter NetworkController ctor
09-13 17:01:18.937   374   374 E TcUtils : NLMSG_ERROR message return error: -2
09-13 17:01:18.937   374   374 E TcUtils : NLMSG_ERROR message return error: -2
09-13 17:01:18.937   374   374 E TcUtils : NLMSG_ERROR message return error: -2
09-13 17:01:18.937   374   374 E TcUtils : NLMSG_ERROR message return error: -2
09-13 17:01:18.937   374   374 E TcUtils : NLMSG_ERROR message return error: -2
09-13 17:01:18.937   374   374 E TcUtils : NLMSG_ERROR message return error: -2
09-13 17:01:18.937   374   374 E TcUtils : NLMSG_ERROR message return error: -2
09-13 17:01:18.937   374   374 E TcUtils : NLMSG_ERROR message return error: -2
09-13 17:01:18.937   374   374 E TcUtils : NLMSG_ERROR message return error: -2
09-13 17:01:18.937   374   374 E TcUtils : NLMSG_ERROR message return error: -2
09-13 17:01:18.937   374   374 E TcUtils : NLMSG_ERROR message return error: -2
09-13 17:01:18.937   374   374 E TcUtils : NLMSG_ERROR message return error: -2
09-13 17:01:18.938   374   374 E TcUtils : NLMSG_ERROR message return error: -2
09-13 17:01:18.938   374   374 E TcUtils : NLMSG_ERROR message return error: -2
09-13 17:01:18.938   374   374 E TcUtils : NLMSG_ERROR message return error: -2
09-13 17:01:18.938   374   374 E TcUtils : NLMSG_ERROR message return error: -2
09-13 17:01:18.938   374   374 I netd    : leave NetworkController ctor
09-13 17:01:18.938   374   374 I netd    : enter TetherController ctor
09-13 17:01:18.938   374   374 D TetherController: Setting IP forward enable = 0
09-13 17:01:18.940   374   374 I netd    : leave TetherController ctor
09-13 17:01:18.948   380   380 I HidlServiceManagement: Registered android.hardware.audio.effect@6.0::IEffectsFactory/default
09-13 17:01:18.953   380   380 I LegacySupport: Registration complete for android.hardware.audio.effect@6.0::IEffectsFactory/default.
09-13 17:01:18.966   215   215 I servicemanager: Found android.hardware.automotive.audiocontrol.IAudioControl/default in device VINTF manifest.
09-13 17:01:18.967   374   374 I netd    : Creating child chains: 23859us
09-13 17:01:18.967   374   374 I netd    : Setting up OEM hooks: 44us
09-13 17:01:18.967   374   374 I netd    : Setting up FirewallController hooks: 185us
09-13 17:01:18.968   374   374 I netd    : Setting up TetherController hooks: 455us
09-13 17:01:18.968   374   374 I netd    : Setting up BandwidthController hooks: 414us
09-13 17:01:18.968   374   374 I netd    : Setting up IdletimerController hooks: 14us
09-13 17:01:18.969   374   374 I netd    : Setting up StrictController hooks: 936us
09-13 17:01:18.971   374   374 I netd    : Enabling bandwidth control: 2113us
09-13 17:01:18.972   374   374 I netd    : Initializing RouteController: 943us
09-13 17:01:18.972   374   374 D XfrmController: XfrmController::ipSecAddXfrmInterface, line=1480
09-13 17:01:18.973   374   374 D XfrmController: XfrmController::ipSecRemoveTunnelInterface, line=1693
09-13 17:01:18.973   374   374 D XfrmController: deviceName=ipsec_test
09-13 17:01:18.974   380   380 I audiohalservice: AudioControl status: status 0
09-13 17:01:18.996   386   386 I EmulatedCameraProviderHwlImpl: Create: Created EmulatedCameraProviderHwlImpl
09-13 17:01:19.004   386   386 E GCH_CameraProvider: Initialize: HWL doesn't support vendor buffer allocation Function not implemented(-38)
09-13 17:01:19.005   215   215 I servicemanager: Found android.hardware.camera.provider.ICameraProvider/internal/0 in device VINTF manifest.
09-13 17:01:19.009   374   374 D XfrmController: Sending Netlink XFRM Message: XFRM_MSG_FLUSHSA
09-13 17:01:19.009   374   374 D XfrmController: Sending Netlink XFRM Message: XFRM_MSG_FLUSHPOLICY
09-13 17:01:19.009   374   374 I netd    : Initializing XfrmController: 36951us
09-13 17:01:19.023   216   216 I hwservicemanager: getTransport: Cannot find entry android.hardware.configstore@1.0::ISurfaceFlingerConfigs/default in either framework or device VINTF manifest.
09-13 17:01:19.025   418   418 E SurfaceFlinger: ro.sf.lcd_density must be defined as a build property
09-13 17:01:19.026   418   418 I SurfaceFlinger: Using HWComposer service: default
09-13 17:01:19.026   418   418 I SurfaceFlinger: SurfaceFlinger is starting
09-13 17:01:19.032   414   414 I FastMixerState: sMaxFastTracks = 8
09-13 17:01:19.037   418   418 I SurfaceFlinger: SurfaceFlinger's main thread ready to run. Initializing graphics H/W...
09-13 17:01:19.037   418   418 E SurfaceFlinger: Unrecognized RenderEngineType ; ignoring!
09-13 17:01:19.037   418   418 D RenderEngine: Threaded RenderEngine with SkiaGL Backend
09-13 17:01:19.046   418   472 D libEGL  : loaded /vendor/lib64/egl/libEGL_emulation.so
09-13 17:01:19.047   418   472 D libEGL  : loaded /vendor/lib64/egl/libGLESv1_CM_emulation.so
09-13 17:01:19.048   418   472 D libEGL  : loaded /vendor/lib64/egl/libGLESv2_emulation.so
09-13 17:01:19.056   418   472 D HostConnection: createUnique: call
09-13 17:01:19.056   418   472 D HostConnection: HostConnection::get() New Host Connection established 0x7182c261f350, tid 472
09-13 17:01:19.087   418   472 D HostConnection: HostComposition ext ANDROID_EMU_CHECKSUM_HELPER_v1 ANDROID_EMU_dma_v1 ANDROID_EMU_direct_mem ANDROID_EMU_host_composition_v1 ANDROID_EMU_host_composition_v2 ANDROID_EMU_vulkan ANDROID_EMU_deferred_vulkan_commands ANDROID_EMU_vulkan_null_optional_strings ANDROID_EMU_vulkan_create_resources_with_requirements ANDROID_EMU_YUV_Cache ANDROID_EMU_vulkan_ignored_handles ANDROID_EMU_has_shared_slots_host_memory_allocator ANDROID_EMU_vulkan_free_memory_sync ANDROID_EMU_vulkan_shader_float16_int8 ANDROID_EMU_vulkan_async_queue_submit ANDROID_EMU_vulkan_queue_submit_with_commands ANDROID_EMU_sync_buffer_data ANDROID_EMU_vulkan_async_qsri ANDROID_EMU_read_color_buffer_dma ANDROID_EMU_hwc_multi_configs GL_OES_EGL_image_external_essl3 GL_OES_vertex_array_object GL_KHR_texture_compression_astc_ldr ANDROID_EMU_host_side_tracing ANDROID_EMU_gles_max_version_3_1 
09-13 17:01:19.089   418   472 I RenderEngine: EGL information:
09-13 17:01:19.089   418   472 I RenderEngine: vendor    : Android
09-13 17:01:19.089   418   472 I RenderEngine: version   : 1.4 Android META-EGL
09-13 17:01:19.089   418   472 I RenderEngine: extensions: EGL_ANDROID_front_buffer_auto_refresh EGL_ANDROID_get_frame_timestamps EGL_ANDROID_get_native_client_buffer EGL_ANDROID_presentation_time EGL_EXT_surface_CTA861_3_metadata EGL_EXT_surface_SMPTE2086_metadata EGL_KHR_get_all_proc_addresses EGL_KHR_swap_buffers_with_damage EGL_ANDROID_image_native_buffer EGL_ANDROID_recordable EGL_KHR_create_context EGL_KHR_fence_sync EGL_KHR_gl_texture_2D_image EGL_KHR_image EGL_KHR_image_base 
09-13 17:01:19.089   418   472 I RenderEngine: Client API: OpenGL_ES
09-13 17:01:19.089   418   472 I RenderEngine: EGLSurface: 8-8-8-8, config=0x3
09-13 17:01:19.127   418   472 D EGL_emulation: eglCreateContext: 0x7182c261ebd0: maj 3 min 1 rcv 4
09-13 17:01:19.129   414   414 V MediaUtils: physMem: 4105072640
09-13 17:01:19.129   414   414 V MediaUtils: requested limit: 536870912
09-13 17:01:19.129   414   414 I libc    : malloc_limit: Allocation limit enabled, max size 536870912 bytes
09-13 17:01:19.130   418   472 D EGL_emulation: eglMakeCurrent: 0x7182c261ebd0: ver 3 1 (tinfo 0x7184cee48080) (first time)
09-13 17:01:19.130   375   375 D AndroidRuntime: >>>>>> START com.android.internal.os.ZygoteInit uid 0 <<<<<<
09-13 17:01:19.131   414   414 I audioserver: ServiceManager: 0x7f2b1324d430
09-13 17:01:19.133   414   414 W BatteryNotifier: batterystats service unavailable!
09-13 17:01:19.133   216   216 I hwservicemanager: getTransport: Cannot find entry android.hardware.audio@7.1::IDevicesFactory/default in either framework or device VINTF manifest.
09-13 17:01:19.133   216   216 I hwservicemanager: getTransport: Cannot find entry android.hardware.audio@7.0::IDevicesFactory/default in either framework or device VINTF manifest.
09-13 17:01:19.133   216   216 I hwservicemanager: getTransport: Cannot find entry android.hardware.audio.effect@7.1::IEffectsFactory/default in either framework or device VINTF manifest.
09-13 17:01:19.133   216   216 I hwservicemanager: getTransport: Cannot find entry android.hardware.audio.effect@7.0::IEffectsFactory/default in either framework or device VINTF manifest.
09-13 17:01:19.139   375   375 I AndroidRuntime: Using default boot image
09-13 17:01:19.139   375   375 I AndroidRuntime: Leaving lock profiling enabled
09-13 17:01:19.143   374   374 I resolv  : resolv_init: Initializing resolver
09-13 17:01:19.144   418   472 D RenderEngine: Background Blurs Enabled
09-13 17:01:19.180     0     0 I init    : Service 'boringssl_self_test_apex64' (pid 430) exited with status 0 waiting took 0.497000 seconds
09-13 17:01:19.181     0     0 I init    : Sending signal 9 to service 'boringssl_self_test_apex64' (pid 430) process group...
09-13 17:01:19.181     0     0 I libprocessgroup: Successfully killed process cgroup uid 0 pid 430 in 0ms
09-13 17:01:19.152   418   472 I RenderEngine: OpenGL ES informations:
09-13 17:01:19.152   418   472 I RenderEngine: vendor    : Google (Intel)
09-13 17:01:19.152   418   472 I RenderEngine: renderer  : Android Emulator OpenGL ES Translator (Mesa Intel(R) UHD Graphics 630 (CML GT2))
09-13 17:01:19.152   418   472 I RenderEngine: version   : OpenGL ES 3.1 (4.6 (Core Profile) Mesa 21.2.6)
09-13 17:01:19.152   418   472 I RenderEngine: extensions: GL_EXT_debug_marker GL_EXT_robustness GL_OES_EGL_sync GL_OES_EGL_image GL_OES_EGL_image_external GL_OES_depth24 GL_OES_depth32 GL_OES_element_index_uint GL_OES_texture_float GL_OES_texture_float_linear GL_OES_compressed_paletted_texture GL_OES_compressed_ETC1_RGB8_texture GL_OES_depth_texture GL_OES_texture_half_float GL_OES_texture_half_float_linear GL_OES_packed_depth_stencil GL_OES_vertex_half_float GL_OES_texture_npot GL_OES_rgb8_rgba8 GL_EXT_color_buffer_float GL_EXT_color_buffer_half_float GL_EXT_shader_framebuffer_fetch GL_EXT_texture_format_BGRA8888 GL_APPLE_texture_format_BGRA8888 ANDROID_EMU_CHECKSUM_HELPER_v1 ANDROID_EMU_dma_v1 ANDROID_EMU_direct_mem ANDROID_EMU_host_composition_v1 ANDROID_EMU_host_composition_v2 ANDROID_EMU_vulkan ANDROID_EMU_deferred_vulkan_commands ANDROID_EMU_vulkan_null_optional_strings ANDROID_EMU_vulkan_create_resources_with_requirements ANDROID_EMU_YUV_Cache ANDROID_EMU_vulkan_ignored_handles ANDROID_EMU_has_shared_slots_host_memory_allocator ANDROID_EMU_vulkan
09-13 17:01:19.152   418   472 I RenderEngine: GL_MAX_TEXTURE_SIZE = 16384
09-13 17:01:19.152   418   472 I RenderEngine: GL_MAX_VIEWPORT_DIMS = 16384
09-13 17:01:19.185     0     0 I init    : processing action (bootreceiver.enable=1 && ro.product.cpu.abilist64=*) from (/system/etc/init/hw/init.rc:652)
09-13 17:01:19.153   215   215 I servicemanager: Could not find android.hardware.graphics.composer3.IComposer/default in the VINTF manifest.
09-13 17:01:19.157   216   216 I hwservicemanager: getTransport: Cannot find entry android.hardware.graphics.mapper@4.0::IMapper/default in either framework or device VINTF manifest.
09-13 17:01:19.157   394   394 I ComposerResources: failed to get mapper 4.0 service, falling back to mapper 3.0
09-13 17:01:19.157   394   394 D HostConnection: createUnique: call
09-13 17:01:19.158   394   394 D HostConnection: HostConnection::get() New Host Connection established 0x72f456120650, tid 394
09-13 17:01:19.158   394   394 D goldfish-address-space: allocate: Ask for block of size 0x100
09-13 17:01:19.158   394   394 D goldfish-address-space: allocate: ioctl allocate returned offset 0x3f7ffe000 size 0x2000
09-13 17:01:19.167   394   394 I RanchuHwc: registerCallback hotplug connecting display:0
09-13 17:01:19.167   418   418 I SurfaceFlinger: Connecting HAL display 0
09-13 17:01:19.167   418   418 I HWComposer: Switching to generalized multi-display mode
09-13 17:01:19.168   418   418 W HwcComposer: getPerFrameMetadataKeys failed with 8
09-13 17:01:19.168   216   216 I hwservicemanager: getTransport: Cannot find entry android.hardware.configstore@1.1::ISurfaceFlingerConfigs/default in either framework or device VINTF manifest.
09-13 17:01:19.169   216   216 I hwservicemanager: getTransport: Cannot find entry android.hardware.graphics.mapper@4.0::IMapper/default in either framework or device VINTF manifest.
09-13 17:01:19.169   418   418 I Gralloc4: mapper 4.x is not supported
09-13 17:01:19.171   418   418 D HostConnection: createUnique: call
09-13 17:01:19.171   418   418 D HostConnection: HostConnection::get() New Host Connection established 0x7182c261e450, tid 418
09-13 17:01:19.171   418   418 D goldfish-address-space: allocate: Ask for block of size 0x100
09-13 17:01:19.171   418   418 D goldfish-address-space: allocate: ioctl allocate returned offset 0x3f7ffe000 size 0x2000
09-13 17:01:19.174   216   216 I hwservicemanager: getTransport: Cannot find entry android.hardware.graphics.allocator@4.0::IAllocator/default in either framework or device VINTF manifest.
09-13 17:01:19.175   215   215 I servicemanager: Could not find android.hardware.graphics.allocator.IAllocator/default in the VINTF manifest.
09-13 17:01:19.175   418   418 W Gralloc4: allocator 4.x is not supported
09-13 17:01:19.175   393   452 D goldfish-address-space: claimShared: Ask to claim region [0x3f96e4000 0x3fadc8000]
09-13 17:01:19.188   418   418 D HostConnection: HostComposition ext ANDROID_EMU_CHECKSUM_HELPER_v1 ANDROID_EMU_dma_v1 ANDROID_EMU_direct_mem ANDROID_EMU_host_composition_v1 ANDROID_EMU_host_composition_v2 ANDROID_EMU_vulkan ANDROID_EMU_deferred_vulkan_commands ANDROID_EMU_vulkan_null_optional_strings ANDROID_EMU_vulkan_create_resources_with_requirements ANDROID_EMU_YUV_Cache ANDROID_EMU_vulkan_ignored_handles ANDROID_EMU_has_shared_slots_host_memory_allocator ANDROID_EMU_vulkan_free_memory_sync ANDROID_EMU_vulkan_shader_float16_int8 ANDROID_EMU_vulkan_async_queue_submit ANDROID_EMU_vulkan_queue_submit_with_commands ANDROID_EMU_sync_buffer_data ANDROID_EMU_vulkan_async_qsri ANDROID_EMU_read_color_buffer_dma ANDROID_EMU_hwc_multi_configs GL_OES_EGL_image_external_essl3 GL_OES_vertex_array_object GL_KHR_texture_compression_astc_ldr ANDROID_EMU_host_side_tracing ANDROID_EMU_gles_max_version_3_1 
09-13 17:01:19.189   393   393 D goldfish-address-space: claimShared: Ask to claim region [0x3f4000000 0x3f56e4000]
09-13 17:01:19.196   418   483 W EventThread: Ignoring VSYNC request while display is disconnected
09-13 17:01:19.196   418   483 W EventThread: Ignoring VSYNC request while display is disconnected
09-13 17:01:19.197   418   484 W EventThread: Ignoring VSYNC request while display is disconnected
09-13 17:01:19.197   418   484 W EventThread: Ignoring VSYNC request while display is disconnected
09-13 17:01:19.197   418   483 W EventThread: Ignoring VSYNC request while display is disconnected
09-13 17:01:19.197   418   418 I SurfaceFlinger: Dispatching display hotplug event displayId=4619827259835644672, connected=1
09-13 17:01:19.197   418   483 W EventThread: Ignoring VSYNC request while display is disconnected
09-13 17:01:19.197   394   394 E RanchuHwc: registerCallback unhandled callback: VsyncPeriodTimingChanged
09-13 17:01:19.197   394   394 E RanchuHwc: registerCallback unhandled callback: SeamlessPossible
09-13 17:01:19.198   418   487 W SurfaceFlinger: Failed to set thread name on dispatch thread
09-13 17:01:19.199   418   418 I HidlServiceManagement: Registered android.frameworks.displayservice@1.0::IDisplayService/default
09-13 17:01:19.199   418   418 D SurfaceFlinger: Setting power mode 2 on display 4619827259835644672
09-13 17:01:19.199   418   418 I SurfaceFlinger: Active display is 4619827259835644672
09-13 17:01:19.199   418   418 D SurfaceFlinger: Finished setting power mode 2 on display 4619827259835644672
09-13 17:01:19.200   393   457 D goldfish-address-space: claimShared: Ask to claim region [0x3f56e4000 0x3f56f4000]
09-13 17:01:19.204   393   457 D goldfish-address-space: claimShared: Ask to claim region [0x3f56f4000 0x3f5704000]
09-13 17:01:19.252     0     0 I init    : Command 'mkdir /sys/kernel/tracing/instances/bootreceiver 0700 system system' action=bootreceiver.enable=1 && ro.product.cpu.abilist64=* (/system/etc/init/hw/init.rc:656) took 66ms and succeeded
09-13 17:01:19.253     0     0 I init    : Service 'exec 17 (/system/bin/profcollectctl reset)' (pid 425) exited with status 0 oneshot service took 0.600000 seconds in background
09-13 17:01:19.254     0     0 I init    : Sending signal 9 to service 'exec 17 (/system/bin/profcollectctl reset)' (pid 425) process group...
09-13 17:01:19.255     0     0 I libprocessgroup: Successfully killed process cgroup uid 0 pid 425 in 0ms
09-13 17:01:19.255     0     0 I init    : starting service 'bootanim'...
09-13 17:01:19.258     0     0 I init    : Control message: Processed ctl.start for 'bootanim' from pid: 418 (/system/bin/surfaceflinger)
09-13 17:01:19.259     0     0 I init    : processing action (net.tcp_def_init_rwnd=*) from (/system/etc/init/hw/init.rc:1211)
09-13 17:01:19.260     0     0 I init    : processing action (sys.init.perf_lsm_hooks=1) from (/system/etc/init/hw/init.rc:1222)
09-13 17:01:19.260     0     0 I init    : processing action (security.perf_harden=1) from (/system/etc/init/hw/init.rc:1236)
09-13 17:01:19.261     0     0 I init    : processing action (ro.debuggable=1) from (/system/etc/init/hw/init.rc:1271)
09-13 17:01:19.262     0     0 I init    : processing action (sys.usb.config=adb && sys.usb.configfs=0) from (/system/etc/init/hw/init.usb.rc:40)
09-13 17:01:19.263     0     0 I init    : Command 'write /sys/class/android_usb/android0/enable 0' action=sys.usb.config=adb && sys.usb.configfs=0 (/system/etc/init/hw/init.usb.rc:41) took 0ms and failed: Unable to write to file '/sys/class/android_usb/android0/enable': open() failed: Permission denied
09-13 17:01:19.264     0     0 I init    : Command 'write /sys/class/android_usb/android0/idVendor 18d1' action=sys.usb.config=adb && sys.usb.configfs=0 (/system/etc/init/hw/init.usb.rc:42) took 0ms and failed: Unable to write to file '/sys/class/android_usb/android0/idVendor': open() failed: Permission denied
09-13 17:01:19.265     0     0 I init    : Command 'write /sys/class/android_usb/android0/idProduct 4EE7' action=sys.usb.config=adb && sys.usb.configfs=0 (/system/etc/init/hw/init.usb.rc:43) took 0ms and failed: Unable to write to file '/sys/class/android_usb/android0/idProduct': open() failed: Permission denied
09-13 17:01:19.268     0     0 I init    : Command 'write /sys/class/android_usb/android0/functions ${sys.usb.config}' action=sys.usb.config=adb && sys.usb.configfs=0 (/system/etc/init/hw/init.usb.rc:44) took 0ms and failed: Unable to write to file '/sys/class/android_usb/android0/functions': open() failed: Permission denied
09-13 17:01:19.270     0     0 I init    : Command 'write /sys/class/android_usb/android0/enable 1' action=sys.usb.config=adb && sys.usb.configfs=0 (/system/etc/init/hw/init.usb.rc:45) took 0ms and failed: Unable to write to file '/sys/class/android_usb/android0/enable': open() failed: Permission denied
09-13 17:01:19.273     0     0 I init    : starting service 'adbd'...
09-13 17:01:19.277     0     0 I init    : Created socket '/dev/socket/adbd', mode 660, user 1000, group 1000
09-13 17:01:19.245   216   216 I hwservicemanager: getTransport: Cannot find entry android.hardware.audio.effect@7.1::IEffectsFactory/default in either framework or device VINTF manifest.
09-13 17:01:19.245   216   216 I hwservicemanager: getTransport: Cannot find entry android.hardware.audio.effect@7.0::IEffectsFactory/default in either framework or device VINTF manifest.
09-13 17:01:19.245   216   216 I hwservicemanager: getTransport: Cannot find entry android.hardware.audio@7.1::IDevicesFactory/default in either framework or device VINTF manifest.
